Archive member included to satisfy reference by file (symbol)

c:/ac6/systemworkbench/plugins/fr.ac6.mcu.externaltools.arm-none.win32_1.17.0.201812190825/tools/compiler/bin/../lib/gcc/arm-none-eabi/7.3.1/thumb/v6-m\libgcc.a(_udivsi3.o)
                              Drivers/STM32L0xx_HAL_Driver/Src/stm32l0xx_hal.o (__aeabi_uidiv)
c:/ac6/systemworkbench/plugins/fr.ac6.mcu.externaltools.arm-none.win32_1.17.0.201812190825/tools/compiler/bin/../lib/gcc/arm-none-eabi/7.3.1/thumb/v6-m\libgcc.a(_dvmd_tls.o)
                              c:/ac6/systemworkbench/plugins/fr.ac6.mcu.externaltools.arm-none.win32_1.17.0.201812190825/tools/compiler/bin/../lib/gcc/arm-none-eabi/7.3.1/thumb/v6-m\libgcc.a(_udivsi3.o) (__aeabi_idiv0)
c:/ac6/systemworkbench/plugins/fr.ac6.mcu.externaltools.arm-none.win32_1.17.0.201812190825/tools/compiler/bin/../lib/gcc/arm-none-eabi/7.3.1/thumb/v6-m\libgcc.a(_arm_cmpsf2.o)
                              Src/main.o (__aeabi_fcmpgt)
c:/ac6/systemworkbench/plugins/fr.ac6.mcu.externaltools.arm-none.win32_1.17.0.201812190825/tools/compiler/bin/../lib/gcc/arm-none-eabi/7.3.1/thumb/v6-m\libgcc.a(_aeabi_uldivmod.o)
                              Drivers/STM32L0xx_HAL_Driver/Src/stm32l0xx_hal_uart.o (__aeabi_uldivmod)
c:/ac6/systemworkbench/plugins/fr.ac6.mcu.externaltools.arm-none.win32_1.17.0.201812190825/tools/compiler/bin/../lib/gcc/arm-none-eabi/7.3.1/thumb/v6-m\libgcc.a(_muldi3.o)
                              Src/sensor_service.o (__aeabi_lmul)
c:/ac6/systemworkbench/plugins/fr.ac6.mcu.externaltools.arm-none.win32_1.17.0.201812190825/tools/compiler/bin/../lib/gcc/arm-none-eabi/7.3.1/thumb/v6-m\libgcc.a(_udivmoddi4.o)
                              c:/ac6/systemworkbench/plugins/fr.ac6.mcu.externaltools.arm-none.win32_1.17.0.201812190825/tools/compiler/bin/../lib/gcc/arm-none-eabi/7.3.1/thumb/v6-m\libgcc.a(_aeabi_uldivmod.o) (__udivmoddi4)
c:/ac6/systemworkbench/plugins/fr.ac6.mcu.externaltools.arm-none.win32_1.17.0.201812190825/tools/compiler/bin/../lib/gcc/arm-none-eabi/7.3.1/thumb/v6-m\libgcc.a(eqsf2.o)
                              c:/ac6/systemworkbench/plugins/fr.ac6.mcu.externaltools.arm-none.win32_1.17.0.201812190825/tools/compiler/bin/../lib/gcc/arm-none-eabi/7.3.1/thumb/v6-m\libgcc.a(_arm_cmpsf2.o) (__eqsf2)
c:/ac6/systemworkbench/plugins/fr.ac6.mcu.externaltools.arm-none.win32_1.17.0.201812190825/tools/compiler/bin/../lib/gcc/arm-none-eabi/7.3.1/thumb/v6-m\libgcc.a(gesf2.o)
                              c:/ac6/systemworkbench/plugins/fr.ac6.mcu.externaltools.arm-none.win32_1.17.0.201812190825/tools/compiler/bin/../lib/gcc/arm-none-eabi/7.3.1/thumb/v6-m\libgcc.a(_arm_cmpsf2.o) (__gesf2)
c:/ac6/systemworkbench/plugins/fr.ac6.mcu.externaltools.arm-none.win32_1.17.0.201812190825/tools/compiler/bin/../lib/gcc/arm-none-eabi/7.3.1/thumb/v6-m\libgcc.a(lesf2.o)
                              c:/ac6/systemworkbench/plugins/fr.ac6.mcu.externaltools.arm-none.win32_1.17.0.201812190825/tools/compiler/bin/../lib/gcc/arm-none-eabi/7.3.1/thumb/v6-m\libgcc.a(_arm_cmpsf2.o) (__lesf2)
c:/ac6/systemworkbench/plugins/fr.ac6.mcu.externaltools.arm-none.win32_1.17.0.201812190825/tools/compiler/bin/../lib/gcc/arm-none-eabi/7.3.1/thumb/v6-m\libgcc.a(fixsfsi.o)
                              Src/main.o (__aeabi_f2iz)
c:/ac6/systemworkbench/plugins/fr.ac6.mcu.externaltools.arm-none.win32_1.17.0.201812190825/tools/compiler/bin/../lib/gcc/arm-none-eabi/7.3.1/thumb/v6-m\libgcc.a(floatsisf.o)
                              Src/lsm6dsl.o (__aeabi_i2f)
c:/ac6/systemworkbench/plugins/fr.ac6.mcu.externaltools.arm-none.win32_1.17.0.201812190825/tools/compiler/bin/../lib/gcc/arm-none-eabi/7.3.1/thumb/v6-m\libgcc.a(divdf3.o)
                              Src/lsm6dsl.o (__aeabi_ddiv)
c:/ac6/systemworkbench/plugins/fr.ac6.mcu.externaltools.arm-none.win32_1.17.0.201812190825/tools/compiler/bin/../lib/gcc/arm-none-eabi/7.3.1/thumb/v6-m\libgcc.a(muldf3.o)
                              Src/lsm6dsl.o (__aeabi_dmul)
c:/ac6/systemworkbench/plugins/fr.ac6.mcu.externaltools.arm-none.win32_1.17.0.201812190825/tools/compiler/bin/../lib/gcc/arm-none-eabi/7.3.1/thumb/v6-m\libgcc.a(subdf3.o)
                              Src/main.o (__aeabi_dsub)
c:/ac6/systemworkbench/plugins/fr.ac6.mcu.externaltools.arm-none.win32_1.17.0.201812190825/tools/compiler/bin/../lib/gcc/arm-none-eabi/7.3.1/thumb/v6-m\libgcc.a(fixdfsi.o)
                              Src/main.o (__aeabi_d2iz)
c:/ac6/systemworkbench/plugins/fr.ac6.mcu.externaltools.arm-none.win32_1.17.0.201812190825/tools/compiler/bin/../lib/gcc/arm-none-eabi/7.3.1/thumb/v6-m\libgcc.a(extendsfdf2.o)
                              Src/lsm6dsl.o (__aeabi_f2d)
c:/ac6/systemworkbench/plugins/fr.ac6.mcu.externaltools.arm-none.win32_1.17.0.201812190825/tools/compiler/bin/../lib/gcc/arm-none-eabi/7.3.1/thumb/v6-m\libgcc.a(truncdfsf2.o)
                              Src/lsm6dsl.o (__aeabi_d2f)
[...]
Memory Configuration

Name             Origin             Length             Attributes
RAM              0x20000000         0x00002000         xrw
FLASH            0x08000000         0x00010000         xr
*default*        0x00000000         0xffffffff

Linker script and memory map

LOAD c:/ac6/systemworkbench/plugins/fr.ac6.mcu.externaltools.arm-none.win32_1.17.0.201812190825/tools/compiler/bin/../lib/gcc/arm-none-eabi/7.3.1/thumb/v6-m/crti.o
LOAD c:/ac6/systemworkbench/plugins/fr.ac6.mcu.externaltools.arm-none.win32_1.17.0.201812190825/tools/compiler/bin/../lib/gcc/arm-none-eabi/7.3.1/thumb/v6-m/crtbegin.o
LOAD c:/ac6/systemworkbench/plugins/fr.ac6.mcu.externaltools.arm-none.win32_1.17.0.201812190825/tools/compiler/bin/../lib/gcc/arm-none-eabi/7.3.1/../../../../arm-none-eabi/lib/thumb/v6-m/crt0.o
LOAD Drivers/BSP/CUSTOM/custom.o
LOAD Drivers/STM32L0xx_HAL_Driver/Src/stm32l0xx_hal.o
LOAD Drivers/STM32L0xx_HAL_Driver/Src/stm32l0xx_hal_cortex.o
LOAD Drivers/STM32L0xx_HAL_Driver/Src/stm32l0xx_hal_dma.o
LOAD Drivers/STM32L0xx_HAL_Driver/Src/stm32l0xx_hal_flash.o
LOAD Drivers/STM32L0xx_HAL_Driver/Src/stm32l0xx_hal_flash_ex.o
LOAD Drivers/STM32L0xx_HAL_Driver/Src/stm32l0xx_hal_flash_ramfunc.o
LOAD Drivers/STM32L0xx_HAL_Driver/Src/stm32l0xx_hal_gpio.o
LOAD Drivers/STM32L0xx_HAL_Driver/Src/stm32l0xx_hal_i2c.o
LOAD Drivers/STM32L0xx_HAL_Driver/Src/stm32l0xx_hal_i2c_ex.o
LOAD Drivers/STM32L0xx_HAL_Driver/Src/stm32l0xx_hal_pwr.o
LOAD Drivers/STM32L0xx_HAL_Driver/Src/stm32l0xx_hal_pwr_ex.o
LOAD Drivers/STM32L0xx_HAL_Driver/Src/stm32l0xx_hal_rcc.o
LOAD Drivers/STM32L0xx_HAL_Driver/Src/stm32l0xx_hal_rcc_ex.o
LOAD Drivers/STM32L0xx_HAL_Driver/Src/stm32l0xx_hal_spi.o
LOAD Drivers/STM32L0xx_HAL_Driver/Src/stm32l0xx_hal_tim.o
LOAD Drivers/STM32L0xx_HAL_Driver/Src/stm32l0xx_hal_tim_ex.o
LOAD Drivers/STM32L0xx_HAL_Driver/Src/stm32l0xx_hal_uart.o
LOAD Drivers/STM32L0xx_HAL_Driver/Src/stm32l0xx_hal_uart_ex.o
LOAD Middlewares/ST/BlueNRG-MS/hci/controller/bluenrg_gap_aci.o
LOAD Middlewares/ST/BlueNRG-MS/hci/controller/bluenrg_gatt_aci.o
LOAD Middlewares/ST/BlueNRG-MS/hci/controller/bluenrg_hal_aci.o
LOAD Middlewares/ST/BlueNRG-MS/hci/controller/bluenrg_l2cap_aci.o
LOAD Middlewares/ST/BlueNRG-MS/hci/controller/bluenrg_updater_aci.o
LOAD Middlewares/ST/BlueNRG-MS/hci/controller/bluenrg_utils_small.o
LOAD Middlewares/ST/BlueNRG-MS/hci/hci_le.o
LOAD Middlewares/ST/BlueNRG-MS/hci/hci_tl_patterns/Basic/hci_tl.o
LOAD Middlewares/ST/BlueNRG-MS/utils/ble_list.o
LOAD Src/app_x-cube-ble1.o
LOAD Src/custom_bus.o
LOAD Src/hci_tl_interface.o
LOAD Src/lsm6dsl.o
LOAD Src/main.o
LOAD Src/sensor_service.o
LOAD Src/stm32l0xx_hal_exti.o
LOAD Src/stm32l0xx_hal_msp.o
LOAD Src/stm32l0xx_it.o
LOAD Src/syscalls.o
LOAD Src/system_stm32l0xx.o
LOAD startup/startup_stm32l053xx.o
LOAD c:/ac6/systemworkbench/plugins/fr.ac6.mcu.externaltools.arm-none.win32_1.17.0.201812190825/tools/compiler/bin/../lib/gcc/arm-none-eabi/7.3.1/../../../../arm-none-eabi/lib/thumb/v6-m\libm.a
START GROUP
LOAD c:/ac6/systemworkbench/plugins/fr.ac6.mcu.externaltools.arm-none.win32_1.17.0.201812190825/tools/compiler/bin/../lib/gcc/arm-none-eabi/7.3.1/thumb/v6-m\libgcc.a
LOAD c:/ac6/systemworkbench/plugins/fr.ac6.mcu.externaltools.arm-none.win32_1.17.0.201812190825/tools/compiler/bin/../lib/gcc/arm-none-eabi/7.3.1/../../../../arm-none-eabi/lib/thumb/v6-m\libc_nano.a
END GROUP
START GROUP
LOAD c:/ac6/systemworkbench/plugins/fr.ac6.mcu.externaltools.arm-none.win32_1.17.0.201812190825/tools/compiler/bin/../lib/gcc/arm-none-eabi/7.3.1/thumb/v6-m\libgcc.a
LOAD c:/ac6/systemworkbench/plugins/fr.ac6.mcu.externaltools.arm-none.win32_1.17.0.201812190825/tools/compiler/bin/../lib/gcc/arm-none-eabi/7.3.1/../../../../arm-none-eabi/lib/thumb/v6-m\libc_nano.a
LOAD c:/ac6/systemworkbench/plugins/fr.ac6.mcu.externaltools.arm-none.win32_1.17.0.201812190825/tools/compiler/bin/../lib/gcc/arm-none-eabi/7.3.1/../../../../arm-none-eabi/lib/thumb/v6-m\libnosys.a
END GROUP
START GROUP
LOAD c:/ac6/systemworkbench/plugins/fr.ac6.mcu.externaltools.arm-none.win32_1.17.0.201812190825/tools/compiler/bin/../lib/gcc/arm-none-eabi/7.3.1/thumb/v6-m\libgcc.a
LOAD c:/ac6/systemworkbench/plugins/fr.ac6.mcu.externaltools.arm-none.win32_1.17.0.201812190825/tools/compiler/bin/../lib/gcc/arm-none-eabi/7.3.1/../../../../arm-none-eabi/lib/thumb/v6-m\libc_nano.a
LOAD c:/ac6/systemworkbench/plugins/fr.ac6.mcu.externaltools.arm-none.win32_1.17.0.201812190825/tools/compiler/bin/../lib/gcc/arm-none-eabi/7.3.1/../../../../arm-none-eabi/lib/thumb/v6-m\libnosys.a
END GROUP
LOAD c:/ac6/systemworkbench/plugins/fr.ac6.mcu.externaltools.arm-none.win32_1.17.0.201812190825/tools/compiler/bin/../lib/gcc/arm-none-eabi/7.3.1/thumb/v6-m/crtend.o
LOAD c:/ac6/systemworkbench/plugins/fr.ac6.mcu.externaltools.arm-none.win32_1.17.0.201812190825/tools/compiler/bin/../lib/gcc/arm-none-eabi/7.3.1/thumb/v6-m/crtn.o
                0x20002000                _estack = 0x20002000
                0x00000200                _Min_Heap_Size = 0x200
                0x00000400                _Min_Stack_Size = 0x400

.isr_vector     0x08000000       0xc0
                0x08000000                . = ALIGN (0x4)
 *(.isr_vector)
 .isr_vector    0x08000000       0xc0 startup/startup_stm32l053xx.o
                0x08000000                g_pfnVectors
                0x080000c0                . = ALIGN (0x4)

.text           0x080000c0     0x8658
                0x080000c0                . = ALIGN (0x4)
 *(.text)
 .text          0x080000c0       0x48 c:/ac6/systemworkbench/plugins/fr.ac6.mcu.externaltools.arm-none.win32_1.17.0.201812190825/tools/compiler/bin/../lib/gcc/arm-none-eabi/7.3.1/thumb/v6-m/crtbegin.o
 .text          0x08000108      0x114 c:/ac6/systemworkbench/plugins/fr.ac6.mcu.externaltools.arm-none.win32_1.17.0.201812190825/tools/compiler/bin/../lib/gcc/arm-none-eabi/7.3.1/thumb/v6-m\libgcc.a(_udivsi3.o)
                0x08000108                __aeabi_uidiv
                0x08000108                __udivsi3
                0x08000214                __aeabi_uidivmod
 .text          0x0800021c        0x4 c:/ac6/systemworkbench/plugins/fr.ac6.mcu.externaltools.arm-none.win32_1.17.0.201812190825/tools/compiler/bin/../lib/gcc/arm-none-eabi/7.3.1/thumb/v6-m\libgcc.a(_dvmd_tls.o)
                0x0800021c                __aeabi_idiv0
                0x0800021c                __aeabi_ldiv0
 .text          0x08000220       0x40 c:/ac6/systemworkbench/plugins/fr.ac6.mcu.externaltools.arm-none.win32_1.17.0.201812190825/tools/compiler/bin/../lib/gcc/arm-none-eabi/7.3.1/thumb/v6-m\libgcc.a(_aeabi_uldivmod.o)
                0x08000220                __aeabi_uldivmod
 .text          0x08000260       0x54 c:/ac6/systemworkbench/plugins/fr.ac6.mcu.externaltools.arm-none.win32_1.17.0.201812190825/tools/compiler/bin/../lib/gcc/arm-none-eabi/7.3.1/thumb/v6-m\libgcc.a(_muldi3.o)
                0x08000260                __muldi3
                0x08000260                __aeabi_lmul
 .text          0x080002b4      0x184 c:/ac6/systemworkbench/plugins/fr.ac6.mcu.externaltools.arm-none.win32_1.17.0.201812190825/tools/compiler/bin/../lib/gcc/arm-none-eabi/7.3.1/thumb/v6-m\libgcc.a(_udivmoddi4.o)
                0x080002b4                __udivmoddi4
 .text          0x08000438       0x94 c:/ac6/systemworkbench/plugins/fr.ac6.mcu.externaltools.arm-none.win32_1.17.0.201812190825/tools/compiler/bin/../lib/gcc/arm-none-eabi/7.3.1/thumb/v6-m\libgcc.a(floatsisf.o)
                0x08000438                __aeabi_i2f
 .text          0x080004cc      0x604 c:/ac6/systemworkbench/plugins/fr.ac6.mcu.externaltools.arm-none.win32_1.17.0.201812190825/tools/compiler/bin/../lib/gcc/arm-none-eabi/7.3.1/thumb/v6-m\libgcc.a(divdf3.o)
                0x080004cc                __aeabi_ddiv
 .text          0x08000ad0      0x4e4 c:/ac6/systemworkbench/plugins/fr.ac6.mcu.externaltools.arm-none.win32_1.17.0.201812190825/tools/compiler/bin/../lib/gcc/arm-none-eabi/7.3.1/thumb/v6-m\libgcc.a(muldf3.o)
                0x08000ad0                __aeabi_dmul
 .text          0x08000fb4      0x690 c:/ac6/systemworkbench/plugins/fr.ac6.mcu.externaltools.arm-none.win32_1.17.0.201812190825/tools/compiler/bin/../lib/gcc/arm-none-eabi/7.3.1/thumb/v6-m\libgcc.a(subdf3.o)
                0x08000fb4                __aeabi_dsub
 .text          0x08001644       0x6c c:/ac6/systemworkbench/plugins/fr.ac6.mcu.externaltools.arm-none.win32_1.17.0.201812190825/tools/compiler/bin/../lib/gcc/arm-none-eabi/7.3.1/thumb/v6-m\libgcc.a(fixdfsi.o)
                0x08001644                __aeabi_d2iz
 .text          0x080016b0       0xa4 c:/ac6/systemworkbench/plugins/fr.ac6.mcu.externaltools.arm-none.win32_1.17.0.201812190825/tools/compiler/bin/../lib/gcc/arm-none-eabi/7.3.1/thumb/v6-m\libgcc.a(extendsfdf2.o)
                0x080016b0                __aeabi_f2d
 .text          0x08001754      0x108 c:/ac6/systemworkbench/plugins/fr.ac6.mcu.externaltools.arm-none.win32_1.17.0.201812190825/tools/compiler/bin/../lib/gcc/arm-none-eabi/7.3.1/thumb/v6-m\libgcc.a(truncdfsf2.o)
                0x08001754                __aeabi_d2f
 .text          0x0800185c       0x3c c:/ac6/systemworkbench/plugins/fr.ac6.mcu.externaltools.arm-none.win32_1.17.0.201812190825/tools/compiler/bin/../lib/gcc/arm-none-eabi/7.3.1/thumb/v6-m\libgcc.a(_clzsi2.o)
                0x0800185c                __clzsi2
 .text          0x08001898       0x18 c:/ac6/systemworkbench/plugins/fr.ac6.mcu.externaltools.arm-none.win32_1.17.0.201812190825/tools/compiler/bin/../lib/gcc/arm-none-eabi/7.3.1/thumb/v6-m\libgcc.a(_clzdi2.o)
                0x08001898                __clzdi2
 .text          0x080018b0        0xe c:/ac6/systemworkbench/plugins/fr.ac6.mcu.externaltools.arm-none.win32_1.17.0.201812190825/tools/compiler/bin/../lib/gcc/arm-none-eabi/7.3.1/../../../../arm-none-eabi/lib/thumb/v6-m\libc_nano.a(lib_a-strlen.o)
                0x080018b0                strlen
 *fill*         0x080018be        0x2 
 .text          0x080018c0       0x14 c:/ac6/systemworkbench/plugins/fr.ac6.mcu.externaltools.arm-none.win32_1.17.0.201812190825/tools/compiler/bin/../lib/gcc/arm-none-eabi/7.3.1/thumb/v6-m\libgcc.a(_thumb1_case_uqi.o)
                0x080018c0                __gnu_thumb1_case_uqi
 .text          0x080018d4      0x1d4 c:/ac6/systemworkbench/plugins/fr.ac6.mcu.externaltools.arm-none.win32_1.17.0.201812190825/tools/compiler/bin/../lib/gcc/arm-none-eabi/7.3.1/thumb/v6-m\libgcc.a(_divsi3.o)
                0x080018d4                __divsi3
                0x080018d4                __aeabi_idiv
                0x08001aa0                __aeabi_idivmod
 .text          0x08001aa8       0x7c c:/ac6/systemworkbench/plugins/fr.ac6.mcu.externaltools.arm-none.win32_1.17.0.201812190825/tools/compiler/bin/../lib/gcc/arm-none-eabi/7.3.1/thumb/v6-m\libgcc.a(_arm_cmpdf2.o)
                0x08001aa8                __aeabi_cdrcmple
                0x08001ab8                __aeabi_cdcmple
                0x08001ab8                __aeabi_cdcmpeq
                0x08001ac8                __aeabi_dcmpeq
                0x08001ad4                __aeabi_dcmplt
                0x08001ae8                __aeabi_dcmple
                0x08001afc                __aeabi_dcmpgt
                0x08001b10                __aeabi_dcmpge
 .text          0x08001b24      0x638 c:/ac6/systemworkbench/plugins/fr.ac6.mcu.externaltools.arm-none.win32_1.17.0.201812190825/tools/compiler/bin/../lib/gcc/arm-none-eabi/7.3.1/thumb/v6-m\libgcc.a(adddf3.o)
                0x08001b24                __aeabi_dadd
 .text          0x0800215c       0x78 c:/ac6/systemworkbench/plugins/fr.ac6.mcu.externaltools.arm-none.win32_1.17.0.201812190825/tools/compiler/bin/../lib/gcc/arm-none-eabi/7.3.1/thumb/v6-m\libgcc.a(eqdf2.o)
                0x0800215c                __nedf2
                0x0800215c                __eqdf2
 .text          0x080021d4       0xc8 c:/ac6/systemworkbench/plugins/fr.ac6.mcu.externaltools.arm-none.win32_1.17.0.201812190825/tools/compiler/bin/../lib/gcc/arm-none-eabi/7.3.1/thumb/v6-m\libgcc.a(gedf2.o)
                0x080021d4                __gedf2
                0x080021d4                __gtdf2
 .text          0x0800229c       0xd0 c:/ac6/systemworkbench/plugins/fr.ac6.mcu.externaltools.arm-none.win32_1.17.0.201812190825/tools/compiler/bin/../lib/gcc/arm-none-eabi/7.3.1/thumb/v6-m\libgcc.a(ledf2.o)
                0x0800229c                __ledf2
                0x0800229c                __ltdf2
 .text          0x0800236c       0x38 c:/ac6/systemworkbench/plugins/fr.ac6.mcu.externaltools.arm-none.win32_1.17.0.201812190825/tools/compiler/bin/../lib/gcc/arm-none-eabi/7.3.1/thumb/v6-m\libgcc.a(unorddf2.o)
                0x0800236c                __aeabi_dcmpun
 .text          0x080023a4       0x74 c:/ac6/systemworkbench/plugins/fr.ac6.mcu.externaltools.arm-none.win32_1.17.0.201812190825/tools/compiler/bin/../lib/gcc/arm-none-eabi/7.3.1/thumb/v6-m\libgcc.a(floatsidf.o)
                0x080023a4                __aeabi_i2d
 .text          0x08002418       0x64 c:/ac6/systemworkbench/plugins/fr.ac6.mcu.externaltools.arm-none.win32_1.17.0.201812190825/tools/compiler/bin/../lib/gcc/arm-none-eabi/7.3.1/thumb/v6-m\libgcc.a(floatunsidf.o)
                0x08002418                __aeabi_ui2d
 *(.text*)
 .text.USART1_MspInit
                0x0800247c       0x44 Drivers/BSP/CUSTOM/custom.o
 .text.BSP_LED_Init
                0x080024c0       0x44 Drivers/BSP/CUSTOM/custom.o
                0x080024c0                BSP_LED_Init
 .text.BSP_LED_Toggle
                0x08002504       0x12 Drivers/BSP/CUSTOM/custom.o
                0x08002504                BSP_LED_Toggle
 *fill*         0x08002516        0x2 
 .text.BSP_PB_Init
                0x08002518       0x9c Drivers/BSP/CUSTOM/custom.o
                0x08002518                BSP_PB_Init
 .text.BSP_PB_GetState
                0x080025b4       0x18 Drivers/BSP/CUSTOM/custom.o
                0x080025b4                BSP_PB_GetState
 .text.BUTTON_USER_EXTI_Callback
                0x080025cc        0xa Drivers/BSP/CUSTOM/custom.o
 *fill*         0x080025d6        0x2 
 .text.MX_USART1_UART_Init
                0x080025d8       0x30 Drivers/BSP/CUSTOM/custom.o
                0x080025d8                MX_USART1_UART_Init
 .text.BSP_COM_Init
                0x08002608       0x3c Drivers/BSP/CUSTOM/custom.o
                0x08002608                BSP_COM_Init
 .text.HAL_InitTick
                0x08002644       0x30 Drivers/STM32L0xx_HAL_Driver/Src/stm32l0xx_hal.o
                0x08002644                HAL_InitTick
 .text.HAL_Init
                0x08002674       0x28 Drivers/STM32L0xx_HAL_Driver/Src/stm32l0xx_hal.o
                0x08002674                HAL_Init
 .text.HAL_IncTick
                0x0800269c       0x10 Drivers/STM32L0xx_HAL_Driver/Src/stm32l0xx_hal.o
                0x0800269c                HAL_IncTick
 .text.HAL_GetTick
                0x080026ac        0xc Drivers/STM32L0xx_HAL_Driver/Src/stm32l0xx_hal.o
                0x080026ac                HAL_GetTick
 .text.HAL_Delay
                0x080026b8       0x1c Drivers/STM32L0xx_HAL_Driver/Src/stm32l0xx_hal.o
                0x080026b8                HAL_Delay
 .text.HAL_NVIC_SetPriority
                0x080026d4       0x60 Drivers/STM32L0xx_HAL_Driver/Src/stm32l0xx_hal_cortex.o
                0x080026d4                HAL_NVIC_SetPriority
 .text.HAL_NVIC_EnableIRQ
                0x08002734       0x14 Drivers/STM32L0xx_HAL_Driver/Src/stm32l0xx_hal_cortex.o
                0x08002734                HAL_NVIC_EnableIRQ
 .text.HAL_SYSTICK_Config
                0x08002748       0x38 Drivers/STM32L0xx_HAL_Driver/Src/stm32l0xx_hal_cortex.o
                0x08002748                HAL_SYSTICK_Config
 .text.HAL_GPIO_Init
                0x08002780      0x18c Drivers/STM32L0xx_HAL_Driver/Src/stm32l0xx_hal_gpio.o
                0x08002780                HAL_GPIO_Init
 .text.HAL_GPIO_DeInit
                0x0800290c      0x108 Drivers/STM32L0xx_HAL_Driver/Src/stm32l0xx_hal_gpio.o
                0x0800290c                HAL_GPIO_DeInit
 .text.HAL_GPIO_ReadPin
                0x08002a14        0xe Drivers/STM32L0xx_HAL_Driver/Src/stm32l0xx_hal_gpio.o
                0x08002a14                HAL_GPIO_ReadPin
 .text.HAL_GPIO_WritePin
                0x08002a22        0xc Drivers/STM32L0xx_HAL_Driver/Src/stm32l0xx_hal_gpio.o
                0x08002a22                HAL_GPIO_WritePin
 .text.HAL_GPIO_TogglePin
                0x08002a2e        0x8 Drivers/STM32L0xx_HAL_Driver/Src/stm32l0xx_hal_gpio.o
                0x08002a2e                HAL_GPIO_TogglePin
 *fill*         0x08002a36        0x2 
 .text.HAL_RCC_GetSysClockFreq
                0x08002a38       0xb0 Drivers/STM32L0xx_HAL_Driver/Src/stm32l0xx_hal_rcc.o
                0x08002a38                HAL_RCC_GetSysClockFreq
 .text.HAL_RCC_OscConfig
                0x08002ae8      0x57c Drivers/STM32L0xx_HAL_Driver/Src/stm32l0xx_hal_rcc.o
                0x08002ae8                HAL_RCC_OscConfig
 .text.HAL_RCC_ClockConfig
                0x08003064      0x1a8 Drivers/STM32L0xx_HAL_Driver/Src/stm32l0xx_hal_rcc.o
                0x08003064                HAL_RCC_ClockConfig
 .text.HAL_RCC_GetHCLKFreq
                0x0800320c        0xc Drivers/STM32L0xx_HAL_Driver/Src/stm32l0xx_hal_rcc.o
                0x0800320c                HAL_RCC_GetHCLKFreq
 .text.HAL_RCC_GetPCLK1Freq
                0x08003218       0x20 Drivers/STM32L0xx_HAL_Driver/Src/stm32l0xx_hal_rcc.o
                0x08003218                HAL_RCC_GetPCLK1Freq
 .text.HAL_RCC_GetPCLK2Freq
                0x08003238       0x20 Drivers/STM32L0xx_HAL_Driver/Src/stm32l0xx_hal_rcc.o
                0x08003238                HAL_RCC_GetPCLK2Freq
 .text.HAL_RCCEx_PeriphCLKConfig
                0x08003258      0x1fc Drivers/STM32L0xx_HAL_Driver/Src/stm32l0xx_hal_rcc_ex.o
                0x08003258                HAL_RCCEx_PeriphCLKConfig
 .text.SPI_WaitFlagStateUntilTimeout
                0x08003454       0x9c Drivers/STM32L0xx_HAL_Driver/Src/stm32l0xx_hal_spi.o
 .text.SPI_EndRxTxTransaction
                0x080034f0       0x5a Drivers/STM32L0xx_HAL_Driver/Src/stm32l0xx_hal_spi.o
 .text.SPI_EndRxTransaction
                0x0800354a       0xa0 Drivers/STM32L0xx_HAL_Driver/Src/stm32l0xx_hal_spi.o
 *fill*         0x080035ea        0x2 
 .text.HAL_SPI_Init
                0x080035ec       0x88 Drivers/STM32L0xx_HAL_Driver/Src/stm32l0xx_hal_spi.o
                0x080035ec                HAL_SPI_Init
 .text.HAL_SPI_Transmit
                0x08003674      0x19a Drivers/STM32L0xx_HAL_Driver/Src/stm32l0xx_hal_spi.o
                0x08003674                HAL_SPI_Transmit
 .text.HAL_SPI_TransmitReceive
                0x0800380e      0x22c Drivers/STM32L0xx_HAL_Driver/Src/stm32l0xx_hal_spi.o
                0x0800380e                HAL_SPI_TransmitReceive
 *fill*         0x08003a3a        0x2 
 .text.HAL_SPI_Receive
                0x08003a3c      0x164 Drivers/STM32L0xx_HAL_Driver/Src/stm32l0xx_hal_spi.o
                0x08003a3c                HAL_SPI_Receive
 .text.HAL_SPI_GetState
                0x08003ba0        0x8 Drivers/STM32L0xx_HAL_Driver/Src/stm32l0xx_hal_spi.o
                0x08003ba0                HAL_SPI_GetState
 .text.HAL_UART_MspInit
                0x08003ba8        0x2 Drivers/STM32L0xx_HAL_Driver/Src/stm32l0xx_hal_uart.o
                0x08003ba8                HAL_UART_MspInit
 *fill*         0x08003baa        0x2 
 .text.UART_SetConfig
                0x08003bac      0x368 Drivers/STM32L0xx_HAL_Driver/Src/stm32l0xx_hal_uart.o
                0x08003bac                UART_SetConfig
 .text.UART_AdvFeatureConfig
                0x08003f14       0xe0 Drivers/STM32L0xx_HAL_Driver/Src/stm32l0xx_hal_uart.o
                0x08003f14                UART_AdvFeatureConfig
 .text.UART_WaitOnFlagUntilTimeout
                0x08003ff4       0x68 Drivers/STM32L0xx_HAL_Driver/Src/stm32l0xx_hal_uart.o
                0x08003ff4                UART_WaitOnFlagUntilTimeout
 .text.HAL_UART_Transmit
                0x0800405c       0xec Drivers/STM32L0xx_HAL_Driver/Src/stm32l0xx_hal_uart.o
                0x0800405c                HAL_UART_Transmit
 .text.UART_CheckIdleState
                0x08004148       0x6c Drivers/STM32L0xx_HAL_Driver/Src/stm32l0xx_hal_uart.o
                0x08004148                UART_CheckIdleState
 .text.HAL_UART_Init
                0x080041b4       0x6c Drivers/STM32L0xx_HAL_Driver/Src/stm32l0xx_hal_uart.o
                0x080041b4                HAL_UART_Init
 .text.aci_gap_init_IDB05A1
                0x08004220       0x6e Middlewares/ST/BlueNRG-MS/hci/controller/bluenrg_gap_aci.o
                0x08004220                aci_gap_init_IDB05A1
 .text.aci_gap_init_IDB04A1
                0x0800428e       0x6c Middlewares/ST/BlueNRG-MS/hci/controller/bluenrg_gap_aci.o
                0x0800428e                aci_gap_init_IDB04A1
 .text.aci_gap_set_discoverable
                0x080042fa       0xc0 Middlewares/ST/BlueNRG-MS/hci/controller/bluenrg_gap_aci.o
                0x080042fa                aci_gap_set_discoverable
 .text.aci_gap_set_auth_requirement
                0x080043ba       0x8c Middlewares/ST/BlueNRG-MS/hci/controller/bluenrg_gap_aci.o
                0x080043ba                aci_gap_set_auth_requirement
 .text.aci_gatt_init
                0x08004446       0x3c Middlewares/ST/BlueNRG-MS/hci/controller/bluenrg_gatt_aci.o
                0x08004446                aci_gatt_init
 .text.aci_gatt_add_serv
                0x08004482       0x76 Middlewares/ST/BlueNRG-MS/hci/controller/bluenrg_gatt_aci.o
                0x08004482                aci_gatt_add_serv
 .text.aci_gatt_add_char
                0x080044f8       0xc4 Middlewares/ST/BlueNRG-MS/hci/controller/bluenrg_gatt_aci.o
                0x080044f8                aci_gatt_add_char
 .text.aci_gatt_add_char_desc
                0x080045bc      0x104 Middlewares/ST/BlueNRG-MS/hci/controller/bluenrg_gatt_aci.o
                0x080045bc                aci_gatt_add_char_desc
 .text.aci_gatt_update_char_value
                0x080046c0       0x6e Middlewares/ST/BlueNRG-MS/hci/controller/bluenrg_gatt_aci.o
                0x080046c0                aci_gatt_update_char_value
 .text.aci_gatt_allow_read
                0x0800472e       0x3e Middlewares/ST/BlueNRG-MS/hci/controller/bluenrg_gatt_aci.o
                0x0800472e                aci_gatt_allow_read
 .text.aci_hal_write_config_data
                0x0800476c       0x5a Middlewares/ST/BlueNRG-MS/hci/controller/bluenrg_hal_aci.o
                0x0800476c                aci_hal_write_config_data
 .text.aci_hal_set_tx_power_level
                0x080047c6       0x3e Middlewares/ST/BlueNRG-MS/hci/controller/bluenrg_hal_aci.o
                0x080047c6                aci_hal_set_tx_power_level
 .text.getBlueNRGVersion
                0x08004804       0x4c Middlewares/ST/BlueNRG-MS/hci/controller/bluenrg_utils_small.o
                0x08004804                getBlueNRGVersion
 .text.hci_reset
                0x08004850       0x38 Middlewares/ST/BlueNRG-MS/hci/hci_le.o
                0x08004850                hci_reset
 .text.hci_le_read_local_version
                0x08004888       0x72 Middlewares/ST/BlueNRG-MS/hci/hci_le.o
                0x08004888                hci_le_read_local_version
 .text.hci_le_set_scan_resp_data
                0x080048fa       0x60 Middlewares/ST/BlueNRG-MS/hci/hci_le.o
                0x080048fa                hci_le_set_scan_resp_data
 .text.verify_packet
                0x0800495a       0x1e Middlewares/ST/BlueNRG-MS/hci/hci_tl_patterns/Basic/hci_tl.o
 .text.send_cmd
                0x08004978       0x48 Middlewares/ST/BlueNRG-MS/hci/hci_tl_patterns/Basic/hci_tl.o
 .text.free_event_list
                0x080049c0       0x2c Middlewares/ST/BlueNRG-MS/hci/hci_tl_patterns/Basic/hci_tl.o
 .text.move_list
                0x080049ec       0x28 Middlewares/ST/BlueNRG-MS/hci/hci_tl_patterns/Basic/hci_tl.o
 .text.hci_init
                0x08004a14       0x5c Middlewares/ST/BlueNRG-MS/hci/hci_tl_patterns/Basic/hci_tl.o
                0x08004a14                hci_init
 .text.hci_register_io_bus
                0x08004a70       0x1c Middlewares/ST/BlueNRG-MS/hci/hci_tl_patterns/Basic/hci_tl.o
                0x08004a70                hci_register_io_bus
 .text.hci_send_req
                0x08004a8c      0x15c Middlewares/ST/BlueNRG-MS/hci/hci_tl_patterns/Basic/hci_tl.o
                0x08004a8c                hci_send_req
 .text.hci_user_evt_proc
                0x08004be8       0x44 Middlewares/ST/BlueNRG-MS/hci/hci_tl_patterns/Basic/hci_tl.o
                0x08004be8                hci_user_evt_proc
 .text.hci_notify_asynch_evt
                0x08004c2c       0x7c Middlewares/ST/BlueNRG-MS/hci/hci_tl_patterns/Basic/hci_tl.o
                0x08004c2c                hci_notify_asynch_evt
 .text.list_init_head
                0x08004ca8        0x6 Middlewares/ST/BlueNRG-MS/utils/ble_list.o
                0x08004ca8                list_init_head
 .text.list_is_empty
                0x08004cae       0x18 Middlewares/ST/BlueNRG-MS/utils/ble_list.o
                0x08004cae                list_is_empty
 .text.list_insert_head
                0x08004cc6       0x18 Middlewares/ST/BlueNRG-MS/utils/ble_list.o
                0x08004cc6                list_insert_head
 .text.list_insert_tail
                0x08004cde       0x18 Middlewares/ST/BlueNRG-MS/utils/ble_list.o
                0x08004cde                list_insert_tail
 .text.list_remove_node
                0x08004cf6       0x18 Middlewares/ST/BlueNRG-MS/utils/ble_list.o
                0x08004cf6                list_remove_node
 .text.list_remove_head
                0x08004d0e       0x24 Middlewares/ST/BlueNRG-MS/utils/ble_list.o
                0x08004d0e                list_remove_head
 .text.list_remove_tail
                0x08004d32       0x24 Middlewares/ST/BlueNRG-MS/utils/ble_list.o
                0x08004d32                list_remove_tail
 .text.list_get_size
                0x08004d56       0x1c Middlewares/ST/BlueNRG-MS/utils/ble_list.o
                0x08004d56                list_get_size
 .text.User_Init
                0x08004d72       0x18 Src/app_x-cube-ble1.o
 *fill*         0x08004d8a        0x2 
 .text.User_Process
                0x08004d8c       0x58 Src/app_x-cube-ble1.o
 .text.MX_BlueNRG_MS_Init
                0x08004de4      0x100 Src/app_x-cube-ble1.o
                0x08004de4                MX_BlueNRG_MS_Init
 .text.MX_BlueNRG_MS_Process
                0x08004ee4       0x3c Src/app_x-cube-ble1.o
                0x08004ee4                MX_BlueNRG_MS_Process
 .text.BSP_PB_Callback
                0x08004f20        0xc Src/app_x-cube-ble1.o
                0x08004f20                BSP_PB_Callback
 .text.SPI1_MspInit
                0x08004f2c       0x44 Src/custom_bus.o
 .text.BSP_SPI1_SendRecv
                0x08004f70       0x28 Src/custom_bus.o
                0x08004f70                BSP_SPI1_SendRecv
 .text.BSP_GetTick
                0x08004f98        0x8 Src/custom_bus.o
                0x08004f98                BSP_GetTick
 .text.MX_SPI1_Init
                0x08004fa0       0x38 Src/custom_bus.o
                0x08004fa0                MX_SPI1_Init
 .text.BSP_SPI1_Init
                0x08004fd8       0x4c Src/custom_bus.o
                0x08004fd8                BSP_SPI1_Init
 .text.HCI_TL_SPI_Init
                0x08005024       0x68 Src/hci_tl_interface.o
                0x08005024                HCI_TL_SPI_Init
 .text.HCI_TL_SPI_DeInit
                0x0800508c       0x28 Src/hci_tl_interface.o
                0x0800508c                HCI_TL_SPI_DeInit
 .text.HCI_TL_SPI_Reset
                0x080050b4       0x2a Src/hci_tl_interface.o
                0x080050b4                HCI_TL_SPI_Reset
 .text.HCI_TL_SPI_Receive
                0x080050de       0x8c Src/hci_tl_interface.o
                0x080050de                HCI_TL_SPI_Receive
 *fill*         0x0800516a        0x2 
 .text.HCI_TL_SPI_Send
                0x0800516c       0x88 Src/hci_tl_interface.o
                0x0800516c                HCI_TL_SPI_Send
 .text.IsDataAvailable
                0x080051f4       0x18 Src/hci_tl_interface.o
 .text.hci_tl_lowlevel_isr
                0x0800520c       0x16 Src/hci_tl_interface.o
                0x0800520c                hci_tl_lowlevel_isr
 *fill*         0x08005222        0x2 
 .text.hci_tl_lowlevel_init
                0x08005224       0x70 Src/hci_tl_interface.o
                0x08005224                hci_tl_lowlevel_init
 .text.calcGyro
                0x08005294       0x34 Src/lsm6dsl.o
                0x08005294                calcGyro
 .text.calcAccel
                0x080052c8       0x38 Src/lsm6dsl.o
                0x080052c8                calcAccel
 .text.SPI1_Send
                0x08005300       0x2c Src/lsm6dsl.o
                0x08005300                SPI1_Send
 .text.write_reg
                0x0800532c       0xac Src/lsm6dsl.o
                0x0800532c                write_reg
 .text.lsm6dsl_acc_set_data_rate
                0x080053d8       0x38 Src/lsm6dsl.o
                0x080053d8                lsm6dsl_acc_set_data_rate
 .text.SPI1_Recv
                0x08005410       0x2c Src/lsm6dsl.o
                0x08005410                SPI1_Recv
 .text.read_reg
                0x0800543c       0xac Src/lsm6dsl.o
                0x0800543c                read_reg
 .text.lsm6dsl_gyro_set_data_rate
                0x080054e8       0x62 Src/lsm6dsl.o
                0x080054e8                lsm6dsl_gyro_set_data_rate
 .text.GYRO_INIT
                0x0800554a       0xae Src/lsm6dsl.o
                0x0800554a                GYRO_INIT
 .text.readRegisterInt16
                0x080055f8       0x4c Src/lsm6dsl.o
                0x080055f8                readRegisterInt16
 .text.lsm6dsl_acc_get_raw_x
                0x08005644       0x40 Src/lsm6dsl.o
                0x08005644                lsm6dsl_acc_get_raw_x
 .text.readFloatAccelX
                0x08005684       0x30 Src/lsm6dsl.o
                0x08005684                readFloatAccelX
 .text.lsm6dsl_acc_get_raw_y
                0x080056b4       0x40 Src/lsm6dsl.o
                0x080056b4                lsm6dsl_acc_get_raw_y
 .text.readFloatAccelY
                0x080056f4       0x30 Src/lsm6dsl.o
                0x080056f4                readFloatAccelY
 .text.lsm6dsl_acc_get_raw_z
                0x08005724       0x40 Src/lsm6dsl.o
                0x08005724                lsm6dsl_acc_get_raw_z
 .text.readFloatAccelZ
                0x08005764       0x30 Src/lsm6dsl.o
                0x08005764                readFloatAccelZ
 .text.lsm6dsl_gyro_get_raw_x
                0x08005794       0x40 Src/lsm6dsl.o
                0x08005794                lsm6dsl_gyro_get_raw_x
 .text.readFloatGyroX
                0x080057d4       0x30 Src/lsm6dsl.o
                0x080057d4                readFloatGyroX
 .text.lsm6dsl_gyro_get_raw_y
                0x08005804       0x40 Src/lsm6dsl.o
                0x08005804                lsm6dsl_gyro_get_raw_y
 .text.readFloatGyroY
                0x08005844       0x30 Src/lsm6dsl.o
                0x08005844                readFloatGyroY
 .text.lsm6dsl_gyro_get_raw_z
                0x08005874       0x40 Src/lsm6dsl.o
                0x08005874                lsm6dsl_gyro_get_raw_z
 .text.readFloatGyroZ
                0x080058b4       0x30 Src/lsm6dsl.o
                0x080058b4                readFloatGyroZ
 .text.MX_GPIO_Init
                0x080058e4       0xac Src/main.o
 .text.MX_SPI2_Init
                0x08005990       0x38 Src/main.o
 .text.updateMaxValues
                0x080059c8       0x22 Src/main.o
                0x080059c8                updateMaxValues
 *fill*         0x080059ea        0x2 
 .text.SystemClock_Config
                0x080059ec       0x78 Src/main.o
                0x080059ec                SystemClock_Config
 .text.main     0x08005a64      0x260 Src/main.o
                0x08005a64                main
 .text.Add_Acc_Service
                0x08005cc4      0x138 Src/sensor_service.o
                0x08005cc4                Add_Acc_Service
 .text.Acc_Update
                0x08005dfc       0x5c Src/sensor_service.o
                0x08005dfc                Acc_Update
 .text.Add_Environmental_Sensor_Service
                0x08005e58      0x2b4 Src/sensor_service.o
                0x08005e58                Add_Environmental_Sensor_Service
 .text.Temp_Update
                0x0800610c       0x30 Src/sensor_service.o
                0x0800610c                Temp_Update
 .text.Press_Update
                0x0800613c       0x30 Src/sensor_service.o
                0x0800613c                Press_Update
 .text.Humidity_Update
                0x0800616c       0x30 Src/sensor_service.o
                0x0800616c                Humidity_Update
 .text.setConnectable
                0x0800619c       0x40 Src/sensor_service.o
                0x0800619c                setConnectable
 .text.GAP_ConnectionComplete_CB
                0x080061dc       0x18 Src/sensor_service.o
                0x080061dc                GAP_ConnectionComplete_CB
 .text.GAP_DisconnectionComplete_CB
                0x080061f4       0x18 Src/sensor_service.o
                0x080061f4                GAP_DisconnectionComplete_CB
 .text.Read_Request_CB
                0x0800620c       0xdc Src/sensor_service.o
                0x0800620c                Read_Request_CB
 .text.user_notify
                0x080062e8       0x5c Src/sensor_service.o
                0x080062e8                user_notify
 .text.HAL_EXTI_RegisterCallback
                0x08006344        0xe Src/stm32l0xx_hal_exti.o
                0x08006344                HAL_EXTI_RegisterCallback
 .text.HAL_EXTI_GetHandle
                0x08006352        0xe Src/stm32l0xx_hal_exti.o
                0x08006352                HAL_EXTI_GetHandle
 .text.HAL_EXTI_IRQHandler
                0x08006360       0x28 Src/stm32l0xx_hal_exti.o
                0x08006360                HAL_EXTI_IRQHandler
 .text.HAL_MspInit
                0x08006388       0x1c Src/stm32l0xx_hal_msp.o
                0x08006388                HAL_MspInit
 .text.HAL_SPI_MspInit
                0x080063a4       0x5c Src/stm32l0xx_hal_msp.o
                0x080063a4                HAL_SPI_MspInit
 .text.NMI_Handler
                0x08006400        0x2 Src/stm32l0xx_it.o
                0x08006400                NMI_Handler
 .text.HardFault_Handler
                0x08006402        0x2 Src/stm32l0xx_it.o
                0x08006402                HardFault_Handler
 .text.SVC_Handler
                0x08006404        0x2 Src/stm32l0xx_it.o
                0x08006404                SVC_Handler
 .text.PendSV_Handler
                0x08006406        0x2 Src/stm32l0xx_it.o
                0x08006406                PendSV_Handler
 .text.SysTick_Handler
                0x08006408        0x8 Src/stm32l0xx_it.o
                0x08006408                SysTick_Handler
 .text.EXTI4_15_IRQHandler
                0x08006410       0x18 Src/stm32l0xx_it.o
                0x08006410                EXTI4_15_IRQHandler
 .text._sbrk    0x08006428       0x3c Src/syscalls.o
                0x08006428                _sbrk
 .text.SystemInit
                0x08006464       0x5c Src/system_stm32l0xx.o
                0x08006464                SystemInit
 .text.Reset_Handler
                0x080064c0       0x50 startup/startup_stm32l053xx.o
                0x080064c0                Reset_Handler
 .text.Default_Handler
                0x08006510        0x2 startup/startup_stm32l053xx.o
                0x08006510                TSC_IRQHandler
                0x08006510                ADC1_COMP_IRQHandler
                0x08006510                PVD_IRQHandler
                0x08006510                I2C1_IRQHandler
                0x08006510                RCC_CRS_IRQHandler
                0x08006510                SPI1_IRQHandler
                0x08006510                TIM6_DAC_IRQHandler
                0x08006510                EXTI2_3_IRQHandler
                0x08006510                I2C2_IRQHandler
                0x08006510                RTC_IRQHandler
                0x08006510                LCD_IRQHandler
                0x08006510                DMA1_Channel4_5_6_7_IRQHandler
                0x08006510                DMA1_Channel1_IRQHandler
                0x08006510                Default_Handler
                0x08006510                TIM22_IRQHandler
                0x08006510                EXTI0_1_IRQHandler
                0x08006510                USB_IRQHandler
                0x08006510                SPI2_IRQHandler
                0x08006510                TIM21_IRQHandler
                0x08006510                WWDG_IRQHandler
                0x08006510                TIM2_IRQHandler
                0x08006510                DMA1_Channel2_3_IRQHandler
                0x08006510                USART2_IRQHandler
                0x08006510                FLASH_IRQHandler
                0x08006510                USART1_IRQHandler
                0x08006510                RNG_LPUART1_IRQHandler
                0x08006510                LPTIM1_IRQHandler
 *fill*         0x08006512        0x2 
 .text.__errno  0x08006514        0xc c:/ac6/systemworkbench/plugins/fr.ac6.mcu.externaltools.arm-none.win32_1.17.0.201812190825/tools/compiler/bin/../lib/gcc/arm-none-eabi/7.3.1/../../../../arm-none-eabi/lib/thumb/v6-m\libc_nano.a(lib_a-errno.o)
                0x08006514                __errno
 .text.__libc_init_array
                0x08006520       0x48 c:/ac6/systemworkbench/plugins/fr.ac6.mcu.externaltools.arm-none.win32_1.17.0.201812190825/tools/compiler/bin/../lib/gcc/arm-none-eabi/7.3.1/../../../../arm-none-eabi/lib/thumb/v6-m\libc_nano.a(lib_a-init.o)
                0x08006520                __libc_init_array
 .text.memcpy   0x08006568       0x12 c:/ac6/systemworkbench/plugins/fr.ac6.mcu.externaltools.arm-none.win32_1.17.0.201812190825/tools/compiler/bin/../lib/gcc/arm-none-eabi/7.3.1/../../../../arm-none-eabi/lib/thumb/v6-m\libc_nano.a(lib_a-memcpy-stub.o)
                0x08006568                memcpy
 .text.memset   0x0800657a       0x10 c:/ac6/systemworkbench/plugins/fr.ac6.mcu.externaltools.arm-none.win32_1.17.0.201812190825/tools/compiler/bin/../lib/gcc/arm-none-eabi/7.3.1/../../../../arm-none-eabi/lib/thumb/v6-m\libc_nano.a(lib_a-memset.o)
                0x0800657a                memset
 .text.__cvt    0x0800658a       0xc8 c:/ac6/systemworkbench/plugins/fr.ac6.mcu.externaltools.arm-none.win32_1.17.0.201812190825/tools/compiler/bin/../lib/gcc/arm-none-eabi/7.3.1/../../../../arm-none-eabi/lib/thumb/v6-m\libc_nano.a(lib_a-nano-vfprintf_float.o)
                0x0800658a                __cvt
 .text.__exponent
                0x08006652       0x70 c:/ac6/systemworkbench/plugins/fr.ac6.mcu.externaltools.arm-none.win32_1.17.0.201812190825/tools/compiler/bin/../lib/gcc/arm-none-eabi/7.3.1/../../../../arm-none-eabi/lib/thumb/v6-m\libc_nano.a(lib_a-nano-vfprintf_float.o)
                0x08006652                __exponent
 *fill*         0x080066c2        0x2 
 .text._printf_float
                0x080066c4      0x498 c:/ac6/systemworkbench/plugins/fr.ac6.mcu.externaltools.arm-none.win32_1.17.0.201812190825/tools/compiler/bin/../lib/gcc/arm-none-eabi/7.3.1/../../../../arm-none-eabi/lib/thumb/v6-m\libc_nano.a(lib_a-nano-vfprintf_float.o)
                0x080066c4                _printf_float
 .text._printf_common
                0x08006b5c       0xda c:/ac6/systemworkbench/plugins/fr.ac6.mcu.externaltools.arm-none.win32_1.17.0.201812190825/tools/compiler/bin/../lib/gcc/arm-none-eabi/7.3.1/../../../../arm-none-eabi/lib/thumb/v6-m\libc_nano.a(lib_a-nano-vfprintf_i.o)
                0x08006b5c                _printf_common
 *fill*         0x08006c36        0x2 
 .text._printf_i
                0x08006c38      0x210 c:/ac6/systemworkbench/plugins/fr.ac6.mcu.externaltools.arm-none.win32_1.17.0.201812190825/tools/compiler/bin/../lib/gcc/arm-none-eabi/7.3.1/../../../../arm-none-eabi/lib/thumb/v6-m\libc_nano.a(lib_a-nano-vfprintf_i.o)
                0x08006c38                _printf_i
 .text.rand     0x08006e48       0x64 c:/ac6/systemworkbench/plugins/fr.ac6.mcu.externaltools.arm-none.win32_1.17.0.201812190825/tools/compiler/bin/../lib/gcc/arm-none-eabi/7.3.1/../../../../arm-none-eabi/lib/thumb/v6-m\libc_nano.a(lib_a-rand.o)
                0x08006e48                rand
 .text.snprintf
                0x08006eac       0x64 c:/ac6/systemworkbench/plugins/fr.ac6.mcu.externaltools.arm-none.win32_1.17.0.201812190825/tools/compiler/bin/../lib/gcc/arm-none-eabi/7.3.1/../../../../arm-none-eabi/lib/thumb/v6-m\libc_nano.a(lib_a-snprintf.o)
                0x08006eac                sniprintf
                0x08006eac                snprintf
 .text.quorem   0x08006f10      0x10c c:/ac6/systemworkbench/plugins/fr.ac6.mcu.externaltools.arm-none.win32_1.17.0.201812190825/tools/compiler/bin/../lib/gcc/arm-none-eabi/7.3.1/../../../../arm-none-eabi/lib/thumb/v6-m\libc_nano.a(lib_a-dtoa.o)
 .text._dtoa_r  0x0800701c      0xbc0 c:/ac6/systemworkbench/plugins/fr.ac6.mcu.externaltools.arm-none.win32_1.17.0.201812190825/tools/compiler/bin/../lib/gcc/arm-none-eabi/7.3.1/../../../../arm-none-eabi/lib/thumb/v6-m\libc_nano.a(lib_a-dtoa.o)
                0x0800701c                _dtoa_r
 .text._localeconv_r
                0x08007bdc       0x18 c:/ac6/systemworkbench/plugins/fr.ac6.mcu.externaltools.arm-none.win32_1.17.0.201812190825/tools/compiler/bin/../lib/gcc/arm-none-eabi/7.3.1/../../../../arm-none-eabi/lib/thumb/v6-m\libc_nano.a(lib_a-localeconv.o)
                0x08007bdc                _localeconv_r
 .text.malloc   0x08007bf4       0x14 c:/ac6/systemworkbench/plugins/fr.ac6.mcu.externaltools.arm-none.win32_1.17.0.201812190825/tools/compiler/bin/../lib/gcc/arm-none-eabi/7.3.1/../../../../arm-none-eabi/lib/thumb/v6-m\libc_nano.a(lib_a-malloc.o)
                0x08007bf4                malloc
 .text.memchr   0x08007c08       0x16 c:/ac6/systemworkbench/plugins/fr.ac6.mcu.externaltools.arm-none.win32_1.17.0.201812190825/tools/compiler/bin/../lib/gcc/arm-none-eabi/7.3.1/../../../../arm-none-eabi/lib/thumb/v6-m\libc_nano.a(lib_a-memchr-stub.o)
                0x08007c08                memchr
 .text._Balloc  0x08007c1e       0x70 c:/ac6/systemworkbench/plugins/fr.ac6.mcu.externaltools.arm-none.win32_1.17.0.201812190825/tools/compiler/bin/../lib/gcc/arm-none-eabi/7.3.1/../../../../arm-none-eabi/lib/thumb/v6-m\libc_nano.a(lib_a-mprec.o)
                0x08007c1e                _Balloc
 .text._Bfree   0x08007c8e       0x32 c:/ac6/systemworkbench/plugins/fr.ac6.mcu.externaltools.arm-none.win32_1.17.0.201812190825/tools/compiler/bin/../lib/gcc/arm-none-eabi/7.3.1/../../../../arm-none-eabi/lib/thumb/v6-m\libc_nano.a(lib_a-mprec.o)
                0x08007c8e                _Bfree
 .text.__multadd
                0x08007cc0       0x7c c:/ac6/systemworkbench/plugins/fr.ac6.mcu.externaltools.arm-none.win32_1.17.0.201812190825/tools/compiler/bin/../lib/gcc/arm-none-eabi/7.3.1/../../../../arm-none-eabi/lib/thumb/v6-m\libc_nano.a(lib_a-mprec.o)
                0x08007cc0                __multadd
 .text.__hi0bits
                0x08007d3c       0x34 c:/ac6/systemworkbench/plugins/fr.ac6.mcu.externaltools.arm-none.win32_1.17.0.201812190825/tools/compiler/bin/../lib/gcc/arm-none-eabi/7.3.1/../../../../arm-none-eabi/lib/thumb/v6-m\libc_nano.a(lib_a-mprec.o)
                0x08007d3c                __hi0bits
 .text.__lo0bits
                0x08007d70       0x5e c:/ac6/systemworkbench/plugins/fr.ac6.mcu.externaltools.arm-none.win32_1.17.0.201812190825/tools/compiler/bin/../lib/gcc/arm-none-eabi/7.3.1/../../../../arm-none-eabi/lib/thumb/v6-m\libc_nano.a(lib_a-mprec.o)
                0x08007d70                __lo0bits
 .text.__i2b    0x08007dce       0x12 c:/ac6/systemworkbench/plugins/fr.ac6.mcu.externaltools.arm-none.win32_1.17.0.201812190825/tools/compiler/bin/../lib/gcc/arm-none-eabi/7.3.1/../../../../arm-none-eabi/lib/thumb/v6-m\libc_nano.a(lib_a-mprec.o)
                0x08007dce                __i2b
 .text.__multiply
                0x08007de0      0x11e c:/ac6/systemworkbench/plugins/fr.ac6.mcu.externaltools.arm-none.win32_1.17.0.201812190825/tools/compiler/bin/../lib/gcc/arm-none-eabi/7.3.1/../../../../arm-none-eabi/lib/thumb/v6-m\libc_nano.a(lib_a-mprec.o)
                0x08007de0                __multiply
 *fill*         0x08007efe        0x2 
 .text.__pow5mult
                0x08007f00       0xa4 c:/ac6/systemworkbench/plugins/fr.ac6.mcu.externaltools.arm-none.win32_1.17.0.201812190825/tools/compiler/bin/../lib/gcc/arm-none-eabi/7.3.1/../../../../arm-none-eabi/lib/thumb/v6-m\libc_nano.a(lib_a-mprec.o)
                0x08007f00                __pow5mult
 .text.__lshift
                0x08007fa4       0xa4 c:/ac6/systemworkbench/plugins/fr.ac6.mcu.externaltools.arm-none.win32_1.17.0.201812190825/tools/compiler/bin/../lib/gcc/arm-none-eabi/7.3.1/../../../../arm-none-eabi/lib/thumb/v6-m\libc_nano.a(lib_a-mprec.o)
                0x08007fa4                __lshift
 .text.__mcmp   0x08008048       0x34 c:/ac6/systemworkbench/plugins/fr.ac6.mcu.externaltools.arm-none.win32_1.17.0.201812190825/tools/compiler/bin/../lib/gcc/arm-none-eabi/7.3.1/../../../../arm-none-eabi/lib/thumb/v6-m\libc_nano.a(lib_a-mprec.o)
                0x08008048                __mcmp
 .text.__mdiff  0x0800807c       0xc8 c:/ac6/systemworkbench/plugins/fr.ac6.mcu.externaltools.arm-none.win32_1.17.0.201812190825/tools/compiler/bin/../lib/gcc/arm-none-eabi/7.3.1/../../../../arm-none-eabi/lib/thumb/v6-m\libc_nano.a(lib_a-mprec.o)
                0x0800807c                __mdiff
 .text.__d2b    0x08008144       0xa8 c:/ac6/systemworkbench/plugins/fr.ac6.mcu.externaltools.arm-none.win32_1.17.0.201812190825/tools/compiler/bin/../lib/gcc/arm-none-eabi/7.3.1/../../../../arm-none-eabi/lib/thumb/v6-m\libc_nano.a(lib_a-mprec.o)
                0x08008144                __d2b
 .text._calloc_r
                0x080081ec       0x1c c:/ac6/systemworkbench/plugins/fr.ac6.mcu.externaltools.arm-none.win32_1.17.0.201812190825/tools/compiler/bin/../lib/gcc/arm-none-eabi/7.3.1/../../../../arm-none-eabi/lib/thumb/v6-m\libc_nano.a(lib_a-nano-callocr.o)
                0x080081ec                _calloc_r
 .text._free_r  0x08008208       0x94 c:/ac6/systemworkbench/plugins/fr.ac6.mcu.externaltools.arm-none.win32_1.17.0.201812190825/tools/compiler/bin/../lib/gcc/arm-none-eabi/7.3.1/../../../../arm-none-eabi/lib/thumb/v6-m\libc_nano.a(lib_a-nano-freer.o)
                0x08008208                _free_r
 .text._malloc_r
                0x0800829c       0xbc c:/ac6/systemworkbench/plugins/fr.ac6.mcu.externaltools.arm-none.win32_1.17.0.201812190825/tools/compiler/bin/../lib/gcc/arm-none-eabi/7.3.1/../../../../arm-none-eabi/lib/thumb/v6-m\libc_nano.a(lib_a-nano-mallocr.o)
                0x0800829c                _malloc_r
 .text.__ssputs_r
                0x08008358       0xc4 c:/ac6/systemworkbench/plugins/fr.ac6.mcu.externaltools.arm-none.win32_1.17.0.201812190825/tools/compiler/bin/../lib/gcc/arm-none-eabi/7.3.1/../../../../arm-none-eabi/lib/thumb/v6-m\libc_nano.a(lib_a-nano-svfprintf.o)
                0x08008358                __ssputs_r
 .text._svfprintf_r
                0x0800841c      0x1fc c:/ac6/systemworkbench/plugins/fr.ac6.mcu.externaltools.arm-none.win32_1.17.0.201812190825/tools/compiler/bin/../lib/gcc/arm-none-eabi/7.3.1/../../../../arm-none-eabi/lib/thumb/v6-m\libc_nano.a(lib_a-nano-svfprintf.o)
                0x0800841c                _svfiprintf_r
                0x0800841c                _svfprintf_r
 .text._sbrk_r  0x08008618       0x24 c:/ac6/systemworkbench/plugins/fr.ac6.mcu.externaltools.arm-none.win32_1.17.0.201812190825/tools/compiler/bin/../lib/gcc/arm-none-eabi/7.3.1/../../../../arm-none-eabi/lib/thumb/v6-m\libc_nano.a(lib_a-sbrkr.o)
                0x08008618                _sbrk_r
 .text.__ascii_mbtowc
                0x0800863c       0x24 c:/ac6/systemworkbench/plugins/fr.ac6.mcu.externaltools.arm-none.win32_1.17.0.201812190825/tools/compiler/bin/../lib/gcc/arm-none-eabi/7.3.1/../../../../arm-none-eabi/lib/thumb/v6-m\libc_nano.a(lib_a-mbtowc_r.o)
                0x0800863c                __ascii_mbtowc
 .text.memmove  0x08008660       0x26 c:/ac6/systemworkbench/plugins/fr.ac6.mcu.externaltools.arm-none.win32_1.17.0.201812190825/tools/compiler/bin/../lib/gcc/arm-none-eabi/7.3.1/../../../../arm-none-eabi/lib/thumb/v6-m\libc_nano.a(lib_a-memmove.o)
                0x08008660                memmove
 .text.__malloc_lock
                0x08008686        0x2 c:/ac6/systemworkbench/plugins/fr.ac6.mcu.externaltools.arm-none.win32_1.17.0.201812190825/tools/compiler/bin/../lib/gcc/arm-none-eabi/7.3.1/../../../../arm-none-eabi/lib/thumb/v6-m\libc_nano.a(lib_a-mlock.o)
                0x08008686                __malloc_lock
 .text.__malloc_unlock
                0x08008688        0x2 c:/ac6/systemworkbench/plugins/fr.ac6.mcu.externaltools.arm-none.win32_1.17.0.201812190825/tools/compiler/bin/../lib/gcc/arm-none-eabi/7.3.1/../../../../arm-none-eabi/lib/thumb/v6-m\libc_nano.a(lib_a-mlock.o)
                0x08008688                __malloc_unlock
 .text._realloc_r
                0x0800868a       0x4c c:/ac6/systemworkbench/plugins/fr.ac6.mcu.externaltools.arm-none.win32_1.17.0.201812190825/tools/compiler/bin/../lib/gcc/arm-none-eabi/7.3.1/../../../../arm-none-eabi/lib/thumb/v6-m\libc_nano.a(lib_a-nano-reallocr.o)
                0x0800868a                _realloc_r
 .text.__ascii_wctomb
                0x080086d6       0x18 c:/ac6/systemworkbench/plugins/fr.ac6.mcu.externaltools.arm-none.win32_1.17.0.201812190825/tools/compiler/bin/../lib/gcc/arm-none-eabi/7.3.1/../../../../arm-none-eabi/lib/thumb/v6-m\libc_nano.a(lib_a-wctomb_r.o)
                0x080086d6                __ascii_wctomb
 .text._malloc_usable_size_r
                0x080086ee       0x10 c:/ac6/systemworkbench/plugins/fr.ac6.mcu.externaltools.arm-none.win32_1.17.0.201812190825/tools/compiler/bin/../lib/gcc/arm-none-eabi/7.3.1/../../../../arm-none-eabi/lib/thumb/v6-m\libc_nano.a(lib_a-nano-msizer.o)
                0x080086ee                _malloc_usable_size_r
 *(.glue_7)
 .glue_7        0x080086fe        0x0 linker stubs
 *(.glue_7t)
 .glue_7t       0x080086fe        0x0 linker stubs
 *(.eh_frame)
 *fill*         0x080086fe        0x2 
 .eh_frame      0x08008700        0x0 c:/ac6/systemworkbench/plugins/fr.ac6.mcu.externaltools.arm-none.win32_1.17.0.201812190825/tools/compiler/bin/../lib/gcc/arm-none-eabi/7.3.1/thumb/v6-m/crtbegin.o
 *(.init)
 .init          0x08008700        0x4 c:/ac6/systemworkbench/plugins/fr.ac6.mcu.externaltools.arm-none.win32_1.17.0.201812190825/tools/compiler/bin/../lib/gcc/arm-none-eabi/7.3.1/thumb/v6-m/crti.o
                0x08008700                _init
 .init          0x08008704        0x8 c:/ac6/systemworkbench/plugins/fr.ac6.mcu.externaltools.arm-none.win32_1.17.0.201812190825/tools/compiler/bin/../lib/gcc/arm-none-eabi/7.3.1/thumb/v6-m/crtn.o
 *(.fini)
 .fini          0x0800870c        0x4 c:/ac6/systemworkbench/plugins/fr.ac6.mcu.externaltools.arm-none.win32_1.17.0.201812190825/tools/compiler/bin/../lib/gcc/arm-none-eabi/7.3.1/thumb/v6-m/crti.o
                0x0800870c                _fini
 .fini          0x08008710        0x8 c:/ac6/systemworkbench/plugins/fr.ac6.mcu.externaltools.arm-none.win32_1.17.0.201812190825/tools/compiler/bin/../lib/gcc/arm-none-eabi/7.3.1/thumb/v6-m/crtn.o
                0x08008718                . = ALIGN (0x4)
                0x08008718                _etext = .

.vfp11_veneer   0x08008718        0x0
 .vfp11_veneer  0x08008718        0x0 linker stubs

.v4_bx          0x08008718        0x0
 .v4_bx         0x08008718        0x0 linker stubs

.iplt           0x08008718        0x0
 .iplt          0x08008718        0x0 c:/ac6/systemworkbench/plugins/fr.ac6.mcu.externaltools.arm-none.win32_1.17.0.201812190825/tools/compiler/bin/../lib/gcc/arm-none-eabi/7.3.1/thumb/v6-m/crtbegin.o

.rodata         0x08008718      0x3a0
                0x08008718                . = ALIGN (0x4)
 *(.rodata)
 .rodata        0x08008718       0x48 Drivers/STM32L0xx_HAL_Driver/Src/stm32l0xx_hal_uart.o
 .rodata        0x08008760        0x6 Src/app_x-cube-ble1.o
 *fill*         0x08008766        0x2 
 .rodata        0x08008768        0x8 Src/sensor_service.o
 .rodata        0x08008770       0x24 Src/system_stm32l0xx.o
                0x08008770                PLLMulTable
                0x0800877c                AHBPrescTable
                0x0800878c                APBPrescTable
 .rodata        0x08008794       0x40 c:/ac6/systemworkbench/plugins/fr.ac6.mcu.externaltools.arm-none.win32_1.17.0.201812190825/tools/compiler/bin/../lib/gcc/arm-none-eabi/7.3.1/thumb/v6-m\libgcc.a(divdf3.o)
 .rodata        0x080087d4       0x40 c:/ac6/systemworkbench/plugins/fr.ac6.mcu.externaltools.arm-none.win32_1.17.0.201812190825/tools/compiler/bin/../lib/gcc/arm-none-eabi/7.3.1/thumb/v6-m\libgcc.a(muldf3.o)
 *(.rodata*)
 .rodata.str1.4
                0x08008814        0x8 Src/app_x-cube-ble1.o
 .rodata.str1.4
                0x0800881c       0x40 Src/main.o
                                 0x3d (size before relaxing)
 .rodata._printf_float.str1.1
                0x0800885c       0x12 c:/ac6/systemworkbench/plugins/fr.ac6.mcu.externaltools.arm-none.win32_1.17.0.201812190825/tools/compiler/bin/../lib/gcc/arm-none-eabi/7.3.1/../../../../arm-none-eabi/lib/thumb/v6-m\libc_nano.a(lib_a-nano-vfprintf_float.o)
 .rodata._printf_i.str1.1
                0x0800886e       0x22 c:/ac6/systemworkbench/plugins/fr.ac6.mcu.externaltools.arm-none.win32_1.17.0.201812190825/tools/compiler/bin/../lib/gcc/arm-none-eabi/7.3.1/../../../../arm-none-eabi/lib/thumb/v6-m\libc_nano.a(lib_a-nano-vfprintf_i.o)
 .rodata._dtoa_r.str1.1
                0x08008890        0xd c:/ac6/systemworkbench/plugins/fr.ac6.mcu.externaltools.arm-none.win32_1.17.0.201812190825/tools/compiler/bin/../lib/gcc/arm-none-eabi/7.3.1/../../../../arm-none-eabi/lib/thumb/v6-m\libc_nano.a(lib_a-dtoa.o)
                                  0xf (size before relaxing)
 *fill*         0x0800889d        0x3 
 .rodata.__mprec_bigtens
                0x080088a0       0x28 c:/ac6/systemworkbench/plugins/fr.ac6.mcu.externaltools.arm-none.win32_1.17.0.201812190825/tools/compiler/bin/../lib/gcc/arm-none-eabi/7.3.1/../../../../arm-none-eabi/lib/thumb/v6-m\libc_nano.a(lib_a-mprec.o)
                0x080088a0                __mprec_bigtens
 .rodata.__mprec_tens
                0x080088c8       0xc8 c:/ac6/systemworkbench/plugins/fr.ac6.mcu.externaltools.arm-none.win32_1.17.0.201812190825/tools/compiler/bin/../lib/gcc/arm-none-eabi/7.3.1/../../../../arm-none-eabi/lib/thumb/v6-m\libc_nano.a(lib_a-mprec.o)
                0x080088c8                __mprec_tens
 .rodata.p05.6084
                0x08008990        0xc c:/ac6/systemworkbench/plugins/fr.ac6.mcu.externaltools.arm-none.win32_1.17.0.201812190825/tools/compiler/bin/../lib/gcc/arm-none-eabi/7.3.1/../../../../arm-none-eabi/lib/thumb/v6-m\libc_nano.a(lib_a-mprec.o)
 .rodata._svfprintf_r.str1.1
                0x0800899c       0x11 c:/ac6/systemworkbench/plugins/fr.ac6.mcu.externaltools.arm-none.win32_1.17.0.201812190825/tools/compiler/bin/../lib/gcc/arm-none-eabi/7.3.1/../../../../arm-none-eabi/lib/thumb/v6-m\libc_nano.a(lib_a-nano-svfprintf.o)
 .rodata._setlocale_r.str1.1
                0x080089ad        0x8 c:/ac6/systemworkbench/plugins/fr.ac6.mcu.externaltools.arm-none.win32_1.17.0.201812190825/tools/compiler/bin/../lib/gcc/arm-none-eabi/7.3.1/../../../../arm-none-eabi/lib/thumb/v6-m\libc_nano.a(lib_a-locale.o)
                                  0x9 (size before relaxing)
 .rodata.str1.1
                0x080089b5        0x2 c:/ac6/systemworkbench/plugins/fr.ac6.mcu.externaltools.arm-none.win32_1.17.0.201812190825/tools/compiler/bin/../lib/gcc/arm-none-eabi/7.3.1/../../../../arm-none-eabi/lib/thumb/v6-m\libc_nano.a(lib_a-locale.o)
 .rodata._ctype_
                0x080089b7      0x101 c:/ac6/systemworkbench/plugins/fr.ac6.mcu.externaltools.arm-none.win32_1.17.0.201812190825/tools/compiler/bin/../lib/gcc/arm-none-eabi/7.3.1/../../../../arm-none-eabi/lib/thumb/v6-m\libc_nano.a(lib_a-ctype_.o)
                0x080089b7                _ctype_
                0x08008ab8                . = ALIGN (0x4)

.ARM.extab
 *(.ARM.extab* .gnu.linkonce.armextab.*)

.ARM            0x08008ab8        0x8
                0x08008ab8                __exidx_start = .
 *(.ARM.exidx*)
 .ARM.exidx     0x08008ab8        0x8 c:/ac6/systemworkbench/plugins/fr.ac6.mcu.externaltools.arm-none.win32_1.17.0.201812190825/tools/compiler/bin/../lib/gcc/arm-none-eabi/7.3.1/thumb/v6-m\libgcc.a(_udivmoddi4.o)
                0x08008ac0                __exidx_end = .

.rel.dyn        0x08008ac0        0x0
 .rel.iplt      0x08008ac0        0x0 c:/ac6/systemworkbench/plugins/fr.ac6.mcu.externaltools.arm-none.win32_1.17.0.201812190825/tools/compiler/bin/../lib/gcc/arm-none-eabi/7.3.1/thumb/v6-m/crtbegin.o

.preinit_array  0x08008ac0        0x0
                0x08008ac0                PROVIDE (__preinit_array_start = .)
 *(.preinit_array*)
                0x08008ac0                PROVIDE (__preinit_array_end = .)

.init_array     0x08008ac0        0x4
                0x08008ac0                PROVIDE (__init_array_start = .)
 *(SORT_BY_NAME(.init_array.*))
 *(.init_array*)
 .init_array    0x08008ac0        0x4 c:/ac6/systemworkbench/plugins/fr.ac6.mcu.externaltools.arm-none.win32_1.17.0.201812190825/tools/compiler/bin/../lib/gcc/arm-none-eabi/7.3.1/thumb/v6-m/crtbegin.o
                0x08008ac4                PROVIDE (__init_array_end = .)

.fini_array     0x08008ac4        0x4
                [!provide]                PROVIDE (__fini_array_start = .)
 *(SORT_BY_NAME(.fini_array.*))
 *(.fini_array*)
 .fini_array    0x08008ac4        0x4 c:/ac6/systemworkbench/plugins/fr.ac6.mcu.externaltools.arm-none.win32_1.17.0.201812190825/tools/compiler/bin/../lib/gcc/arm-none-eabi/7.3.1/thumb/v6-m/crtbegin.o
                [!provide]                PROVIDE (__fini_array_end = .)
                0x08008ac8                _sidata = LOADADDR (.data)

.data           0x20000000      0x1e4 load address 0x08008ac8
                0x20000000                . = ALIGN (0x4)
                0x20000000                _sdata = .
 *(.data)
 .data          0x20000000        0xc Drivers/BSP/CUSTOM/custom.o
                0x20000000                hpb_exti
                0x20000008                COM_USART
 .data          0x2000000c        0x1 Src/app_x-cube-ble1.o
 .data          0x2000000d        0x1 Src/sensor_service.o
                0x2000000d                set_connectable
 *fill*         0x2000000e        0x2 
 .data          0x20000010        0x4 Src/system_stm32l0xx.o
                0x20000010                SystemCoreClock
 *(.data*)
 .data._impure_ptr
                0x20000014        0x4 c:/ac6/systemworkbench/plugins/fr.ac6.mcu.externaltools.arm-none.win32_1.17.0.201812190825/tools/compiler/bin/../lib/gcc/arm-none-eabi/7.3.1/../../../../arm-none-eabi/lib/thumb/v6-m\libc_nano.a(lib_a-impure.o)
                0x20000014                _impure_ptr
 .data.impure_data
                0x20000018       0x60 c:/ac6/systemworkbench/plugins/fr.ac6.mcu.externaltools.arm-none.win32_1.17.0.201812190825/tools/compiler/bin/../lib/gcc/arm-none-eabi/7.3.1/../../../../arm-none-eabi/lib/thumb/v6-m\libc_nano.a(lib_a-impure.o)
 .data.__global_locale
                0x20000078      0x16c c:/ac6/systemworkbench/plugins/fr.ac6.mcu.externaltools.arm-none.win32_1.17.0.201812190825/tools/compiler/bin/../lib/gcc/arm-none-eabi/7.3.1/../../../../arm-none-eabi/lib/thumb/v6-m\libc_nano.a(lib_a-locale.o)
                0x20000078                __global_locale
                0x200001e4                . = ALIGN (0x4)
                0x200001e4                _edata = .

.igot.plt       0x200001e4        0x0 load address 0x08008cac
 .igot.plt      0x200001e4        0x0 c:/ac6/systemworkbench/plugins/fr.ac6.mcu.externaltools.arm-none.win32_1.17.0.201812190825/tools/compiler/bin/../lib/gcc/arm-none-eabi/7.3.1/thumb/v6-m/crtbegin.o
                0x200001e4                . = ALIGN (0x4)

.bss            0x200001e4      0x598 load address 0x08008cac
                0x200001e4                _sbss = .
                0x200001e4                __bss_start__ = _sbss
 *(.bss)
 .bss           0x200001e4       0x1c c:/ac6/systemworkbench/plugins/fr.ac6.mcu.externaltools.arm-none.win32_1.17.0.201812190825/tools/compiler/bin/../lib/gcc/arm-none-eabi/7.3.1/thumb/v6-m/crtbegin.o
 .bss           0x20000200      0x2dc Middlewares/ST/BlueNRG-MS/hci/hci_tl_patterns/Basic/hci_tl.o
 .bss           0x200004dc        0x2 Src/app_x-cube-ble1.o
                0x200004dd                bnrg_expansion_board
 *fill*         0x200004de        0x2 
 .bss           0x200004e0        0x4 Src/custom_bus.o
 .bss           0x200004e4       0xff Src/hci_tl_interface.o
 *fill*         0x200005e3        0x1 
 .bss           0x200005e4       0x20 Src/sensor_service.o
                0x200005e4                connected
                0x200005e8                connection_handle
                0x200005ea                notification_enabled
                0x200005ec                axes_data1
                0x200005f8                axes_data
 .bss           0x20000604        0x8 Src/syscalls.o
                0x20000608                __env
 *(.bss*)
 .bss.__malloc_free_list
                0x2000060c        0x4 c:/ac6/systemworkbench/plugins/fr.ac6.mcu.externaltools.arm-none.win32_1.17.0.201812190825/tools/compiler/bin/../lib/gcc/arm-none-eabi/7.3.1/../../../../arm-none-eabi/lib/thumb/v6-m\libc_nano.a(lib_a-nano-mallocr.o)
                0x2000060c                __malloc_free_list
 .bss.__malloc_sbrk_start
                0x20000610        0x4 c:/ac6/systemworkbench/plugins/fr.ac6.mcu.externaltools.arm-none.win32_1.17.0.201812190825/tools/compiler/bin/../lib/gcc/arm-none-eabi/7.3.1/../../../../arm-none-eabi/lib/thumb/v6-m\libc_nano.a(lib_a-nano-mallocr.o)
                0x20000610                __malloc_sbrk_start
 *(COMMON)
 COMMON         0x20000614       0x80 Drivers/BSP/CUSTOM/custom.o
                0x20000614                hcom_uart
 COMMON         0x20000694        0x4 Drivers/STM32L0xx_HAL_Driver/Src/stm32l0xx_hal.o
                0x20000694                uwTick
 COMMON         0x20000698       0x10 Middlewares/ST/BlueNRG-MS/hci/hci_tl_patterns/Basic/hci_tl.o
                0x20000698                hciReadPktPool
                0x200006a0                hciReadPktRxQueue
 COMMON         0x200006a8       0x58 Src/custom_bus.o
                0x200006a8                hspi1
 COMMON         0x20000700        0x8 Src/hci_tl_interface.o
                0x20000700                hexti10
 COMMON         0x20000708       0x58 Src/main.o
                0x20000708                hspi2
 COMMON         0x20000760       0x18 Src/sensor_service.o
                0x20000760                freeFallCharHandle
                0x20000762                envSensServHandle
                0x20000764                humidityCharHandle
                0x20000766                pressCharHandle
                0x20000768                tempCharHandle
                0x2000076a                accServHandle
                0x2000076c                angle
                0x20000770                accCharHandle
                0x20000772                TXCharHandle
                0x20000774                sampleServHandle
                0x20000776                RXCharHandle
 COMMON         0x20000778        0x4 c:/ac6/systemworkbench/plugins/fr.ac6.mcu.externaltools.arm-none.win32_1.17.0.201812190825/tools/compiler/bin/../lib/gcc/arm-none-eabi/7.3.1/../../../../arm-none-eabi/lib/thumb/v6-m\libc_nano.a(lib_a-reent.o)
                0x20000778                errno
                0x2000077c                . = ALIGN (0x4)
                0x2000077c                _ebss = .
                0x2000077c                __bss_end__ = _ebss

._user_heap_stack
                0x2000077c      0x604 load address 0x08008cac
                0x20000780                . = ALIGN (0x8)
 *fill*         0x2000077c        0x4 
                0x20000780                PROVIDE (end = .)
                [!provide]                PROVIDE (_end = .)
                0x20000980                . = (. + _Min_Heap_Size)
 *fill*         0x20000780      0x200 
                0x20000d80                . = (. + _Min_Stack_Size)
 *fill*         0x20000980      0x400 
                0x20000d80                . = ALIGN (0x8)

/DISCARD/
 libc.a(*)
 libm.a(*)
 libgcc.a(*)

.ARM.attributes
                0x00000000       0x28
 *(.ARM.attributes)
 .ARM.attributes
                0x00000000       0x1e c:/ac6/systemworkbench/plugins/fr.ac6.mcu.externaltools.arm-none.win32_1.17.0.201812190825/tools/compiler/bin/../lib/gcc/arm-none-eabi/7.3.1/thumb/v6-m/crti.o
 .ARM.attributes
                0x0000001e       0x2c c:/ac6/systemworkbench/plugins/fr.ac6.mcu.externaltools.arm-none.win32_1.17.0.201812190825/tools/compiler/bin/../lib/gcc/arm-none-eabi/7.3.1/thumb/v6-m/crtbegin.o
 .ARM.attributes
                0x0000004a       0x32 Drivers/BSP/CUSTOM/custom.o
 .ARM.attributes
                0x0000007c       0x32 Drivers/STM32L0xx_HAL_Driver/Src/stm32l0xx_hal.o
 .ARM.attributes
                0x000000ae       0x32 Drivers/STM32L0xx_HAL_Driver/Src/stm32l0xx_hal_cortex.o
 .ARM.attributes
                0x000000e0       0x32 Drivers/STM32L0xx_HAL_Driver/Src/stm32l0xx_hal_gpio.o
 .ARM.attributes
                0x00000112       0x32 Drivers/STM32L0xx_HAL_Driver/Src/stm32l0xx_hal_rcc.o
 .ARM.attributes
                0x00000144       0x32 Drivers/STM32L0xx_HAL_Driver/Src/stm32l0xx_hal_rcc_ex.o
 .ARM.attributes
                0x00000176       0x32 Drivers/STM32L0xx_HAL_Driver/Src/stm32l0xx_hal_spi.o
 .ARM.attributes
                0x000001a8       0x32 Drivers/STM32L0xx_HAL_Driver/Src/stm32l0xx_hal_uart.o
 .ARM.attributes
                0x000001da       0x32 Middlewares/ST/BlueNRG-MS/hci/controller/bluenrg_gap_aci.o
 .ARM.attributes
                0x0000020c       0x32 Middlewares/ST/BlueNRG-MS/hci/controller/bluenrg_gatt_aci.o
 .ARM.attributes
                0x0000023e       0x32 Middlewares/ST/BlueNRG-MS/hci/controller/bluenrg_hal_aci.o
 .ARM.attributes
                0x00000270       0x32 Middlewares/ST/BlueNRG-MS/hci/controller/bluenrg_utils_small.o
 .ARM.attributes
                0x000002a2       0x32 Middlewares/ST/BlueNRG-MS/hci/hci_le.o
 .ARM.attributes
                0x000002d4       0x32 Middlewares/ST/BlueNRG-MS/hci/hci_tl_patterns/Basic/hci_tl.o
 .ARM.attributes
                0x00000306       0x32 Middlewares/ST/BlueNRG-MS/utils/ble_list.o
 .ARM.attributes
                0x00000338       0x32 Src/app_x-cube-ble1.o
 .ARM.attributes
                0x0000036a       0x32 Src/custom_bus.o
 .ARM.attributes
                0x0000039c       0x32 Src/hci_tl_interface.o
 .ARM.attributes
                0x000003ce       0x32 Src/lsm6dsl.o
 .ARM.attributes
                0x00000400       0x32 Src/main.o
 .ARM.attributes
                0x00000432       0x32 Src/sensor_service.o
 .ARM.attributes
                0x00000464       0x32 Src/stm32l0xx_hal_exti.o
 .ARM.attributes
                0x00000496       0x32 Src/stm32l0xx_hal_msp.o
 .ARM.attributes
                0x000004c8       0x32 Src/stm32l0xx_it.o
 .ARM.attributes
                0x000004fa       0x32 Src/syscalls.o
 .ARM.attributes
                0x0000052c       0x32 Src/system_stm32l0xx.o
 .ARM.attributes
                0x0000055e       0x22 startup/startup_stm32l053xx.o
 .ARM.attributes
                0x00000580       0x1e c:/ac6/systemworkbench/plugins/fr.ac6.mcu.externaltools.arm-none.win32_1.17.0.201812190825/tools/compiler/bin/../lib/gcc/arm-none-eabi/7.3.1/thumb/v6-m\libgcc.a(_udivsi3.o)
 .ARM.attributes
                0x0000059e       0x1e c:/ac6/systemworkbench/plugins/fr.ac6.mcu.externaltools.arm-none.win32_1.17.0.201812190825/tools/compiler/bin/../lib/gcc/arm-none-eabi/7.3.1/thumb/v6-m\libgcc.a(_dvmd_tls.o)
 .ARM.attributes
                0x000005bc       0x1e c:/ac6/systemworkbench/plugins/fr.ac6.mcu.externaltools.arm-none.win32_1.17.0.201812190825/tools/compiler/bin/../lib/gcc/arm-none-eabi/7.3.1/thumb/v6-m\libgcc.a(_aeabi_uldivmod.o)
 .ARM.attributes
                0x000005da       0x2c c:/ac6/systemworkbench/plugins/fr.ac6.mcu.externaltools.arm-none.win32_1.17.0.201812190825/tools/compiler/bin/../lib/gcc/arm-none-eabi/7.3.1/thumb/v6-m\libgcc.a(_muldi3.o)
 .ARM.attributes
                0x00000606       0x2c c:/ac6/systemworkbench/plugins/fr.ac6.mcu.externaltools.arm-none.win32_1.17.0.201812190825/tools/compiler/bin/../lib/gcc/arm-none-eabi/7.3.1/thumb/v6-m\libgcc.a(_udivmoddi4.o)
 .ARM.attributes
                0x00000632       0x2c c:/ac6/systemworkbench/plugins/fr.ac6.mcu.externaltools.arm-none.win32_1.17.0.201812190825/tools/compiler/bin/../lib/gcc/arm-none-eabi/7.3.1/thumb/v6-m\libgcc.a(floatsisf.o)
 .ARM.attributes
                0x0000065e       0x2c c:/ac6/systemworkbench/plugins/fr.ac6.mcu.externaltools.arm-none.win32_1.17.0.201812190825/tools/compiler/bin/../lib/gcc/arm-none-eabi/7.3.1/thumb/v6-m\libgcc.a(divdf3.o)
 .ARM.attributes
                0x0000068a       0x2c c:/ac6/systemworkbench/plugins/fr.ac6.mcu.externaltools.arm-none.win32_1.17.0.201812190825/tools/compiler/bin/../lib/gcc/arm-none-eabi/7.3.1/thumb/v6-m\libgcc.a(muldf3.o)
 .ARM.attributes
                0x000006b6       0x2c c:/ac6/systemworkbench/plugins/fr.ac6.mcu.externaltools.arm-none.win32_1.17.0.201812190825/tools/compiler/bin/../lib/gcc/arm-none-eabi/7.3.1/thumb/v6-m\libgcc.a(subdf3.o)
 .ARM.attributes
                0x000006e2       0x2c c:/ac6/systemworkbench/plugins/fr.ac6.mcu.externaltools.arm-none.win32_1.17.0.201812190825/tools/compiler/bin/../lib/gcc/arm-none-eabi/7.3.1/thumb/v6-m\libgcc.a(fixdfsi.o)
 .ARM.attributes
                0x0000070e       0x2c c:/ac6/systemworkbench/plugins/fr.ac6.mcu.externaltools.arm-none.win32_1.17.0.201812190825/tools/compiler/bin/../lib/gcc/arm-none-eabi/7.3.1/thumb/v6-m\libgcc.a(extendsfdf2.o)
 .ARM.attributes
                0x0000073a       0x2c c:/ac6/systemworkbench/plugins/fr.ac6.mcu.externaltools.arm-none.win32_1.17.0.201812190825/tools/compiler/bin/../lib/gcc/arm-none-eabi/7.3.1/thumb/v6-m\libgcc.a(truncdfsf2.o)
 .ARM.attributes
                0x00000766       0x1e c:/ac6/systemworkbench/plugins/fr.ac6.mcu.externaltools.arm-none.win32_1.17.0.201812190825/tools/compiler/bin/../lib/gcc/arm-none-eabi/7.3.1/thumb/v6-m\libgcc.a(_clzsi2.o)
 .ARM.attributes
                0x00000784       0x1e c:/ac6/systemworkbench/plugins/fr.ac6.mcu.externaltools.arm-none.win32_1.17.0.201812190825/tools/compiler/bin/../lib/gcc/arm-none-eabi/7.3.1/thumb/v6-m\libgcc.a(_clzdi2.o)
 .ARM.attributes
                0x000007a2       0x2c c:/ac6/systemworkbench/plugins/fr.ac6.mcu.externaltools.arm-none.win32_1.17.0.201812190825/tools/compiler/bin/../lib/gcc/arm-none-eabi/7.3.1/../../../../arm-none-eabi/lib/thumb/v6-m\libc_nano.a(lib_a-errno.o)
 .ARM.attributes
                0x000007ce       0x2c c:/ac6/systemworkbench/plugins/fr.ac6.mcu.externaltools.arm-none.win32_1.17.0.201812190825/tools/compiler/bin/../lib/gcc/arm-none-eabi/7.3.1/../../../../arm-none-eabi/lib/thumb/v6-m\libc_nano.a(lib_a-impure.o)
 .ARM.attributes
                0x000007fa       0x2c c:/ac6/systemworkbench/plugins/fr.ac6.mcu.externaltools.arm-none.win32_1.17.0.201812190825/tools/compiler/bin/../lib/gcc/arm-none-eabi/7.3.1/../../../../arm-none-eabi/lib/thumb/v6-m\libc_nano.a(lib_a-init.o)
 .ARM.attributes
                0x00000826       0x2c c:/ac6/systemworkbench/plugins/fr.ac6.mcu.externaltools.arm-none.win32_1.17.0.201812190825/tools/compiler/bin/../lib/gcc/arm-none-eabi/7.3.1/../../../../arm-none-eabi/lib/thumb/v6-m\libc_nano.a(lib_a-memcpy-stub.o)
 .ARM.attributes
                0x00000852       0x2c c:/ac6/systemworkbench/plugins/fr.ac6.mcu.externaltools.arm-none.win32_1.17.0.201812190825/tools/compiler/bin/../lib/gcc/arm-none-eabi/7.3.1/../../../../arm-none-eabi/lib/thumb/v6-m\libc_nano.a(lib_a-memset.o)
 .ARM.attributes
                0x0000087e       0x2c c:/ac6/systemworkbench/plugins/fr.ac6.mcu.externaltools.arm-none.win32_1.17.0.201812190825/tools/compiler/bin/../lib/gcc/arm-none-eabi/7.3.1/../../../../arm-none-eabi/lib/thumb/v6-m\libc_nano.a(lib_a-nano-vfprintf_float.o)
 .ARM.attributes
                0x000008aa       0x2c c:/ac6/systemworkbench/plugins/fr.ac6.mcu.externaltools.arm-none.win32_1.17.0.201812190825/tools/compiler/bin/../lib/gcc/arm-none-eabi/7.3.1/../../../../arm-none-eabi/lib/thumb/v6-m\libc_nano.a(lib_a-nano-vfprintf_i.o)
 .ARM.attributes
                0x000008d6       0x2c c:/ac6/systemworkbench/plugins/fr.ac6.mcu.externaltools.arm-none.win32_1.17.0.201812190825/tools/compiler/bin/../lib/gcc/arm-none-eabi/7.3.1/../../../../arm-none-eabi/lib/thumb/v6-m\libc_nano.a(lib_a-rand.o)
 .ARM.attributes
                0x00000902       0x2c c:/ac6/systemworkbench/plugins/fr.ac6.mcu.externaltools.arm-none.win32_1.17.0.201812190825/tools/compiler/bin/../lib/gcc/arm-none-eabi/7.3.1/../../../../arm-none-eabi/lib/thumb/v6-m\libc_nano.a(lib_a-snprintf.o)
 .ARM.attributes
                0x0000092e       0x1c c:/ac6/systemworkbench/plugins/fr.ac6.mcu.externaltools.arm-none.win32_1.17.0.201812190825/tools/compiler/bin/../lib/gcc/arm-none-eabi/7.3.1/../../../../arm-none-eabi/lib/thumb/v6-m\libc_nano.a(lib_a-strlen.o)
 .ARM.attributes
                0x0000094a       0x2c c:/ac6/systemworkbench/plugins/fr.ac6.mcu.externaltools.arm-none.win32_1.17.0.201812190825/tools/compiler/bin/../lib/gcc/arm-none-eabi/7.3.1/../../../../arm-none-eabi/lib/thumb/v6-m\libc_nano.a(lib_a-dtoa.o)
 .ARM.attributes
                0x00000976       0x2c c:/ac6/systemworkbench/plugins/fr.ac6.mcu.externaltools.arm-none.win32_1.17.0.201812190825/tools/compiler/bin/../lib/gcc/arm-none-eabi/7.3.1/../../../../arm-none-eabi/lib/thumb/v6-m\libc_nano.a(lib_a-localeconv.o)
 .ARM.attributes
                0x000009a2       0x2c c:/ac6/systemworkbench/plugins/fr.ac6.mcu.externaltools.arm-none.win32_1.17.0.201812190825/tools/compiler/bin/../lib/gcc/arm-none-eabi/7.3.1/../../../../arm-none-eabi/lib/thumb/v6-m\libc_nano.a(lib_a-malloc.o)
 .ARM.attributes
                0x000009ce       0x2c c:/ac6/systemworkbench/plugins/fr.ac6.mcu.externaltools.arm-none.win32_1.17.0.201812190825/tools/compiler/bin/../lib/gcc/arm-none-eabi/7.3.1/../../../../arm-none-eabi/lib/thumb/v6-m\libc_nano.a(lib_a-memchr-stub.o)
 .ARM.attributes
                0x000009fa       0x2c c:/ac6/systemworkbench/plugins/fr.ac6.mcu.externaltools.arm-none.win32_1.17.0.201812190825/tools/compiler/bin/../lib/gcc/arm-none-eabi/7.3.1/../../../../arm-none-eabi/lib/thumb/v6-m\libc_nano.a(lib_a-mprec.o)
 .ARM.attributes
                0x00000a26       0x2c c:/ac6/systemworkbench/plugins/fr.ac6.mcu.externaltools.arm-none.win32_1.17.0.201812190825/tools/compiler/bin/../lib/gcc/arm-none-eabi/7.3.1/../../../../arm-none-eabi/lib/thumb/v6-m\libc_nano.a(lib_a-nano-callocr.o)
 .ARM.attributes
                0x00000a52       0x2c c:/ac6/systemworkbench/plugins/fr.ac6.mcu.externaltools.arm-none.win32_1.17.0.201812190825/tools/compiler/bin/../lib/gcc/arm-none-eabi/7.3.1/../../../../arm-none-eabi/lib/thumb/v6-m\libc_nano.a(lib_a-nano-freer.o)
 .ARM.attributes
                0x00000a7e       0x2c c:/ac6/systemworkbench/plugins/fr.ac6.mcu.externaltools.arm-none.win32_1.17.0.201812190825/tools/compiler/bin/../lib/gcc/arm-none-eabi/7.3.1/../../../../arm-none-eabi/lib/thumb/v6-m\libc_nano.a(lib_a-nano-mallocr.o)
 .ARM.attributes
                0x00000aaa       0x2c c:/ac6/systemworkbench/plugins/fr.ac6.mcu.externaltools.arm-none.win32_1.17.0.201812190825/tools/compiler/bin/../lib/gcc/arm-none-eabi/7.3.1/../../../../arm-none-eabi/lib/thumb/v6-m\libc_nano.a(lib_a-nano-svfprintf.o)
 .ARM.attributes
                0x00000ad6       0x2c c:/ac6/systemworkbench/plugins/fr.ac6.mcu.externaltools.arm-none.win32_1.17.0.201812190825/tools/compiler/bin/../lib/gcc/arm-none-eabi/7.3.1/../../../../arm-none-eabi/lib/thumb/v6-m\libc_nano.a(lib_a-sbrkr.o)
 .ARM.attributes
                0x00000b02       0x2c c:/ac6/systemworkbench/plugins/fr.ac6.mcu.externaltools.arm-none.win32_1.17.0.201812190825/tools/compiler/bin/../lib/gcc/arm-none-eabi/7.3.1/../../../../arm-none-eabi/lib/thumb/v6-m\libc_nano.a(lib_a-locale.o)
 .ARM.attributes
                0x00000b2e       0x2c c:/ac6/systemworkbench/plugins/fr.ac6.mcu.externaltools.arm-none.win32_1.17.0.201812190825/tools/compiler/bin/../lib/gcc/arm-none-eabi/7.3.1/../../../../arm-none-eabi/lib/thumb/v6-m\libc_nano.a(lib_a-mbtowc_r.o)
 .ARM.attributes
                0x00000b5a       0x2c c:/ac6/systemworkbench/plugins/fr.ac6.mcu.externaltools.arm-none.win32_1.17.0.201812190825/tools/compiler/bin/../lib/gcc/arm-none-eabi/7.3.1/../../../../arm-none-eabi/lib/thumb/v6-m\libc_nano.a(lib_a-memmove.o)
 .ARM.attributes
                0x00000b86       0x2c c:/ac6/systemworkbench/plugins/fr.ac6.mcu.externaltools.arm-none.win32_1.17.0.201812190825/tools/compiler/bin/../lib/gcc/arm-none-eabi/7.3.1/../../../../arm-none-eabi/lib/thumb/v6-m\libc_nano.a(lib_a-mlock.o)
 .ARM.attributes
                0x00000bb2       0x2c c:/ac6/systemworkbench/plugins/fr.ac6.mcu.externaltools.arm-none.win32_1.17.0.201812190825/tools/compiler/bin/../lib/gcc/arm-none-eabi/7.3.1/../../../../arm-none-eabi/lib/thumb/v6-m\libc_nano.a(lib_a-nano-reallocr.o)
 .ARM.attributes
                0x00000bde       0x2c c:/ac6/systemworkbench/plugins/fr.ac6.mcu.externaltools.arm-none.win32_1.17.0.201812190825/tools/compiler/bin/../lib/gcc/arm-none-eabi/7.3.1/../../../../arm-none-eabi/lib/thumb/v6-m\libc_nano.a(lib_a-reent.o)
 .ARM.attributes
                0x00000c0a       0x2c c:/ac6/systemworkbench/plugins/fr.ac6.mcu.externaltools.arm-none.win32_1.17.0.201812190825/tools/compiler/bin/../lib/gcc/arm-none-eabi/7.3.1/../../../../arm-none-eabi/lib/thumb/v6-m\libc_nano.a(lib_a-wctomb_r.o)
 .ARM.attributes
                0x00000c36       0x2c c:/ac6/systemworkbench/plugins/fr.ac6.mcu.externaltools.arm-none.win32_1.17.0.201812190825/tools/compiler/bin/../lib/gcc/arm-none-eabi/7.3.1/../../../../arm-none-eabi/lib/thumb/v6-m\libc_nano.a(lib_a-ctype_.o)
 .ARM.attributes
                0x00000c62       0x2c c:/ac6/systemworkbench/plugins/fr.ac6.mcu.externaltools.arm-none.win32_1.17.0.201812190825/tools/compiler/bin/../lib/gcc/arm-none-eabi/7.3.1/../../../../arm-none-eabi/lib/thumb/v6-m\libc_nano.a(lib_a-nano-msizer.o)
 .ARM.attributes
                0x00000c8e       0x1e c:/ac6/systemworkbench/plugins/fr.ac6.mcu.externaltools.arm-none.win32_1.17.0.201812190825/tools/compiler/bin/../lib/gcc/arm-none-eabi/7.3.1/thumb/v6-m\libgcc.a(_thumb1_case_uqi.o)
 .ARM.attributes
                0x00000cac       0x1e c:/ac6/systemworkbench/plugins/fr.ac6.mcu.externaltools.arm-none.win32_1.17.0.201812190825/tools/compiler/bin/../lib/gcc/arm-none-eabi/7.3.1/thumb/v6-m\libgcc.a(_divsi3.o)
 .ARM.attributes
                0x00000cca       0x1e c:/ac6/systemworkbench/plugins/fr.ac6.mcu.externaltools.arm-none.win32_1.17.0.201812190825/tools/compiler/bin/../lib/gcc/arm-none-eabi/7.3.1/thumb/v6-m\libgcc.a(_arm_cmpdf2.o)
 .ARM.attributes
                0x00000ce8       0x2c c:/ac6/systemworkbench/plugins/fr.ac6.mcu.externaltools.arm-none.win32_1.17.0.201812190825/tools/compiler/bin/../lib/gcc/arm-none-eabi/7.3.1/thumb/v6-m\libgcc.a(adddf3.o)
 .ARM.attributes
                0x00000d14       0x2c c:/ac6/systemworkbench/plugins/fr.ac6.mcu.externaltools.arm-none.win32_1.17.0.201812190825/tools/compiler/bin/../lib/gcc/arm-none-eabi/7.3.1/thumb/v6-m\libgcc.a(eqdf2.o)
 .ARM.attributes
                0x00000d40       0x2c c:/ac6/systemworkbench/plugins/fr.ac6.mcu.externaltools.arm-none.win32_1.17.0.201812190825/tools/compiler/bin/../lib/gcc/arm-none-eabi/7.3.1/thumb/v6-m\libgcc.a(gedf2.o)
 .ARM.attributes
                0x00000d6c       0x2c c:/ac6/systemworkbench/plugins/fr.ac6.mcu.externaltools.arm-none.win32_1.17.0.201812190825/tools/compiler/bin/../lib/gcc/arm-none-eabi/7.3.1/thumb/v6-m\libgcc.a(ledf2.o)
 .ARM.attributes
                0x00000d98       0x2c c:/ac6/systemworkbench/plugins/fr.ac6.mcu.externaltools.arm-none.win32_1.17.0.201812190825/tools/compiler/bin/../lib/gcc/arm-none-eabi/7.3.1/thumb/v6-m\libgcc.a(unorddf2.o)
 .ARM.attributes
                0x00000dc4       0x2c c:/ac6/systemworkbench/plugins/fr.ac6.mcu.externaltools.arm-none.win32_1.17.0.201812190825/tools/compiler/bin/../lib/gcc/arm-none-eabi/7.3.1/thumb/v6-m\libgcc.a(floatsidf.o)
 .ARM.attributes
                0x00000df0       0x2c c:/ac6/systemworkbench/plugins/fr.ac6.mcu.externaltools.arm-none.win32_1.17.0.201812190825/tools/compiler/bin/../lib/gcc/arm-none-eabi/7.3.1/thumb/v6-m\libgcc.a(floatunsidf.o)
 .ARM.attributes
                0x00000e1c       0x1e c:/ac6/systemworkbench/plugins/fr.ac6.mcu.externaltools.arm-none.win32_1.17.0.201812190825/tools/compiler/bin/../lib/gcc/arm-none-eabi/7.3.1/thumb/v6-m/crtn.o
OUTPUT(blegyro.elf elf32-littlearm)

.debug_info     0x00000000    0x210a4
 .debug_info    0x00000000     0x1546 Drivers/BSP/CUSTOM/custom.o
 .debug_info    0x00001546      0x826 Drivers/STM32L0xx_HAL_Driver/Src/stm32l0xx_hal.o
 .debug_info    0x00001d6c      0x97d Drivers/STM32L0xx_HAL_Driver/Src/stm32l0xx_hal_cortex.o
 .debug_info    0x000026e9      0x6ce Drivers/STM32L0xx_HAL_Driver/Src/stm32l0xx_hal_gpio.o
 .debug_info    0x00002db7      0xbeb Drivers/STM32L0xx_HAL_Driver/Src/stm32l0xx_hal_rcc.o
 .debug_info    0x000039a2      0x90b Drivers/STM32L0xx_HAL_Driver/Src/stm32l0xx_hal_rcc_ex.o
 .debug_info    0x000042ad     0x1ba1 Drivers/STM32L0xx_HAL_Driver/Src/stm32l0xx_hal_spi.o
 .debug_info    0x00005e4e     0x1b21 Drivers/STM32L0xx_HAL_Driver/Src/stm32l0xx_hal_uart.o
 .debug_info    0x0000796f     0x390b Middlewares/ST/BlueNRG-MS/hci/controller/bluenrg_gap_aci.o
 .debug_info    0x0000b27a     0x3802 Middlewares/ST/BlueNRG-MS/hci/controller/bluenrg_gatt_aci.o
 .debug_info    0x0000ea7c     0x15b8 Middlewares/ST/BlueNRG-MS/hci/controller/bluenrg_hal_aci.o
 .debug_info    0x00010034     0x102a Middlewares/ST/BlueNRG-MS/hci/controller/bluenrg_utils_small.o
 .debug_info    0x0001105e     0x2a56 Middlewares/ST/BlueNRG-MS/hci/hci_le.o
 .debug_info    0x00013ab4     0x18ec Middlewares/ST/BlueNRG-MS/hci/hci_tl_patterns/Basic/hci_tl.o
 .debug_info    0x000153a0      0xfbb Middlewares/ST/BlueNRG-MS/utils/ble_list.o
 .debug_info    0x0001635b     0x1804 Src/app_x-cube-ble1.o
 .debug_info    0x00017b5f      0xbd0 Src/custom_bus.o
 .debug_info    0x0001872f     0x1782 Src/hci_tl_interface.o
 .debug_info    0x00019eb1     0x13e7 Src/lsm6dsl.o
 .debug_info    0x0001b298     0x170b Src/main.o
 .debug_info    0x0001c9a3     0x1aea Src/sensor_service.o
 .debug_info    0x0001e48d      0x2d1 Src/stm32l0xx_hal_exti.o
 .debug_info    0x0001e75e      0xc16 Src/stm32l0xx_hal_msp.o
 .debug_info    0x0001f374      0x9a6 Src/stm32l0xx_it.o
 .debug_info    0x0001fd1a      0xfd3 Src/syscalls.o
 .debug_info    0x00020ced      0x395 Src/system_stm32l0xx.o
 .debug_info    0x00021082       0x22 startup/startup_stm32l053xx.o

.debug_abbrev   0x00000000     0x3fb7
 .debug_abbrev  0x00000000      0x2e6 Drivers/BSP/CUSTOM/custom.o
 .debug_abbrev  0x000002e6      0x236 Drivers/STM32L0xx_HAL_Driver/Src/stm32l0xx_hal.o
 .debug_abbrev  0x0000051c      0x24c Drivers/STM32L0xx_HAL_Driver/Src/stm32l0xx_hal_cortex.o
 .debug_abbrev  0x00000768      0x1cf Drivers/STM32L0xx_HAL_Driver/Src/stm32l0xx_hal_gpio.o
 .debug_abbrev  0x00000937      0x27b Drivers/STM32L0xx_HAL_Driver/Src/stm32l0xx_hal_rcc.o
 .debug_abbrev  0x00000bb2      0x1ff Drivers/STM32L0xx_HAL_Driver/Src/stm32l0xx_hal_rcc_ex.o
 .debug_abbrev  0x00000db1      0x26c Drivers/STM32L0xx_HAL_Driver/Src/stm32l0xx_hal_spi.o
 .debug_abbrev  0x0000101d      0x25c Drivers/STM32L0xx_HAL_Driver/Src/stm32l0xx_hal_uart.o
 .debug_abbrev  0x00001279      0x2c9 Middlewares/ST/BlueNRG-MS/hci/controller/bluenrg_gap_aci.o
 .debug_abbrev  0x00001542      0x2dd Middlewares/ST/BlueNRG-MS/hci/controller/bluenrg_gatt_aci.o
 .debug_abbrev  0x0000181f      0x28b Middlewares/ST/BlueNRG-MS/hci/controller/bluenrg_hal_aci.o
 .debug_abbrev  0x00001aaa      0x224 Middlewares/ST/BlueNRG-MS/hci/controller/bluenrg_utils_small.o
 .debug_abbrev  0x00001cce      0x2ba Middlewares/ST/BlueNRG-MS/hci/hci_le.o
 .debug_abbrev  0x00001f88      0x3ce Middlewares/ST/BlueNRG-MS/hci/hci_tl_patterns/Basic/hci_tl.o
 .debug_abbrev  0x00002356      0x2bb Middlewares/ST/BlueNRG-MS/utils/ble_list.o
 .debug_abbrev  0x00002611      0x2ce Src/app_x-cube-ble1.o
 .debug_abbrev  0x000028df      0x22a Src/custom_bus.o
 .debug_abbrev  0x00002b09      0x2e3 Src/hci_tl_interface.o
 .debug_abbrev  0x00002dec      0x29f Src/lsm6dsl.o
 .debug_abbrev  0x0000308b      0x2fe Src/main.o
 .debug_abbrev  0x00003389      0x36d Src/sensor_service.o
 .debug_abbrev  0x000036f6      0x16a Src/stm32l0xx_hal_exti.o
 .debug_abbrev  0x00003860      0x1d2 Src/stm32l0xx_hal_msp.o
 .debug_abbrev  0x00003a32      0x18e Src/stm32l0xx_it.o
 .debug_abbrev  0x00003bc0      0x2d4 Src/syscalls.o
 .debug_abbrev  0x00003e94      0x111 Src/system_stm32l0xx.o
 .debug_abbrev  0x00003fa5       0x12 startup/startup_stm32l053xx.o

.debug_loc      0x00000000     0xcd51
 .debug_loc     0x00000000      0x34d Drivers/BSP/CUSTOM/custom.o
 .debug_loc     0x0000034d      0x12c Drivers/STM32L0xx_HAL_Driver/Src/stm32l0xx_hal.o
 .debug_loc     0x00000479      0x3b4 Drivers/STM32L0xx_HAL_Driver/Src/stm32l0xx_hal_cortex.o
 .debug_loc     0x0000082d      0x2d1 Drivers/STM32L0xx_HAL_Driver/Src/stm32l0xx_hal_gpio.o
 .debug_loc     0x00000afe      0x5a4 Drivers/STM32L0xx_HAL_Driver/Src/stm32l0xx_hal_rcc.o
 .debug_loc     0x000010a2      0x9cb Drivers/STM32L0xx_HAL_Driver/Src/stm32l0xx_hal_rcc_ex.o
 .debug_loc     0x00001a6d     0x1c96 Drivers/STM32L0xx_HAL_Driver/Src/stm32l0xx_hal_spi.o
 .debug_loc     0x00003703     0x1b0f Drivers/STM32L0xx_HAL_Driver/Src/stm32l0xx_hal_uart.o
 .debug_loc     0x00005212     0x26ba Middlewares/ST/BlueNRG-MS/hci/controller/bluenrg_gap_aci.o
 .debug_loc     0x000078cc     0x28d5 Middlewares/ST/BlueNRG-MS/hci/controller/bluenrg_gatt_aci.o
 .debug_loc     0x0000a1a1      0x3d0 Middlewares/ST/BlueNRG-MS/hci/controller/bluenrg_hal_aci.o
 .debug_loc     0x0000a571       0x58 Middlewares/ST/BlueNRG-MS/hci/controller/bluenrg_utils_small.o
 .debug_loc     0x0000a5c9      0xd1d Middlewares/ST/BlueNRG-MS/hci/hci_le.o
 .debug_loc     0x0000b2e6      0x505 Middlewares/ST/BlueNRG-MS/hci/hci_tl_patterns/Basic/hci_tl.o
 .debug_loc     0x0000b7eb      0x14d Middlewares/ST/BlueNRG-MS/utils/ble_list.o
 .debug_loc     0x0000b938      0x10a Src/app_x-cube-ble1.o
 .debug_loc     0x0000ba42      0x26b Src/custom_bus.o
 .debug_loc     0x0000bcad      0x190 Src/hci_tl_interface.o
 .debug_loc     0x0000be3d      0x1ce Src/lsm6dsl.o
 .debug_loc     0x0000c00b      0x10e Src/main.o
 .debug_loc     0x0000c119      0x55e Src/sensor_service.o
 .debug_loc     0x0000c677      0x102 Src/stm32l0xx_hal_exti.o
 .debug_loc     0x0000c779       0x71 Src/stm32l0xx_hal_msp.o
 .debug_loc     0x0000c7ea      0x3c5 Src/syscalls.o
 .debug_loc     0x0000cbaf      0x1a2 Src/system_stm32l0xx.o

.debug_aranges  0x00000000     0x1120
 .debug_aranges
                0x00000000       0xb8 Drivers/BSP/CUSTOM/custom.o
 .debug_aranges
                0x000000b8       0xf8 Drivers/STM32L0xx_HAL_Driver/Src/stm32l0xx_hal.o
 .debug_aranges
                0x000001b0       0x90 Drivers/STM32L0xx_HAL_Driver/Src/stm32l0xx_hal_cortex.o
 .debug_aranges
                0x00000240       0x58 Drivers/STM32L0xx_HAL_Driver/Src/stm32l0xx_hal_gpio.o
 .debug_aranges
                0x00000298       0x80 Drivers/STM32L0xx_HAL_Driver/Src/stm32l0xx_hal_rcc.o
 .debug_aranges
                0x00000318       0xb0 Drivers/STM32L0xx_HAL_Driver/Src/stm32l0xx_hal_rcc_ex.o
 .debug_aranges
                0x000003c8      0x1d0 Drivers/STM32L0xx_HAL_Driver/Src/stm32l0xx_hal_spi.o
 .debug_aranges
                0x00000598      0x1f8 Drivers/STM32L0xx_HAL_Driver/Src/stm32l0xx_hal_uart.o
 .debug_aranges
                0x00000790      0x168 Middlewares/ST/BlueNRG-MS/hci/controller/bluenrg_gap_aci.o
 .debug_aranges
                0x000008f8      0x178 Middlewares/ST/BlueNRG-MS/hci/controller/bluenrg_gatt_aci.o
 .debug_aranges
                0x00000a70       0x68 Middlewares/ST/BlueNRG-MS/hci/controller/bluenrg_hal_aci.o
 .debug_aranges
                0x00000ad8       0x20 Middlewares/ST/BlueNRG-MS/hci/controller/bluenrg_utils_small.o
 .debug_aranges
                0x00000af8      0x110 Middlewares/ST/BlueNRG-MS/hci/hci_le.o
 .debug_aranges
                0x00000c08       0x60 Middlewares/ST/BlueNRG-MS/hci/hci_tl_patterns/Basic/hci_tl.o
 .debug_aranges
                0x00000c68       0x78 Middlewares/ST/BlueNRG-MS/utils/ble_list.o
 .debug_aranges
                0x00000ce0       0x40 Src/app_x-cube-ble1.o
 .debug_aranges
                0x00000d20       0x60 Src/custom_bus.o
 .debug_aranges
                0x00000d80       0x58 Src/hci_tl_interface.o
 .debug_aranges
                0x00000dd8       0xd8 Src/lsm6dsl.o
 .debug_aranges
                0x00000eb0       0x50 Src/main.o
 .debug_aranges
                0x00000f00       0x78 Src/sensor_service.o
 .debug_aranges
                0x00000f78       0x30 Src/stm32l0xx_hal_exti.o
 .debug_aranges
                0x00000fa8       0x30 Src/stm32l0xx_hal_msp.o
 .debug_aranges
                0x00000fd8       0x48 Src/stm32l0xx_it.o
 .debug_aranges
                0x00001020       0xb0 Src/syscalls.o
 .debug_aranges
                0x000010d0       0x28 Src/system_stm32l0xx.o
 .debug_aranges
                0x000010f8       0x28 startup/startup_stm32l053xx.o

.debug_ranges   0x00000000     0x1028
 .debug_ranges  0x00000000       0xa8 Drivers/BSP/CUSTOM/custom.o
 .debug_ranges  0x000000a8       0xe8 Drivers/STM32L0xx_HAL_Driver/Src/stm32l0xx_hal.o
 .debug_ranges  0x00000190       0xc8 Drivers/STM32L0xx_HAL_Driver/Src/stm32l0xx_hal_cortex.o
 .debug_ranges  0x00000258       0x48 Drivers/STM32L0xx_HAL_Driver/Src/stm32l0xx_hal_gpio.o
 .debug_ranges  0x000002a0       0xa0 Drivers/STM32L0xx_HAL_Driver/Src/stm32l0xx_hal_rcc.o
 .debug_ranges  0x00000340       0xb8 Drivers/STM32L0xx_HAL_Driver/Src/stm32l0xx_hal_rcc_ex.o
 .debug_ranges  0x000003f8      0x1c0 Drivers/STM32L0xx_HAL_Driver/Src/stm32l0xx_hal_spi.o
 .debug_ranges  0x000005b8      0x1e8 Drivers/STM32L0xx_HAL_Driver/Src/stm32l0xx_hal_uart.o
 .debug_ranges  0x000007a0      0x158 Middlewares/ST/BlueNRG-MS/hci/controller/bluenrg_gap_aci.o
 .debug_ranges  0x000008f8      0x168 Middlewares/ST/BlueNRG-MS/hci/controller/bluenrg_gatt_aci.o
 .debug_ranges  0x00000a60       0x58 Middlewares/ST/BlueNRG-MS/hci/controller/bluenrg_hal_aci.o
 .debug_ranges  0x00000ab8       0x10 Middlewares/ST/BlueNRG-MS/hci/controller/bluenrg_utils_small.o
 .debug_ranges  0x00000ac8      0x100 Middlewares/ST/BlueNRG-MS/hci/hci_le.o
 .debug_ranges  0x00000bc8       0x70 Middlewares/ST/BlueNRG-MS/hci/hci_tl_patterns/Basic/hci_tl.o
 .debug_ranges  0x00000c38       0x68 Middlewares/ST/BlueNRG-MS/utils/ble_list.o
 .debug_ranges  0x00000ca0       0x30 Src/app_x-cube-ble1.o
 .debug_ranges  0x00000cd0       0x50 Src/custom_bus.o
 .debug_ranges  0x00000d20       0x48 Src/hci_tl_interface.o
 .debug_ranges  0x00000d68       0xc8 Src/lsm6dsl.o
 .debug_ranges  0x00000e30       0x40 Src/main.o
 .debug_ranges  0x00000e70       0x68 Src/sensor_service.o
 .debug_ranges  0x00000ed8       0x20 Src/stm32l0xx_hal_exti.o
 .debug_ranges  0x00000ef8       0x20 Src/stm32l0xx_hal_msp.o
 .debug_ranges  0x00000f18       0x38 Src/stm32l0xx_it.o
 .debug_ranges  0x00000f50       0xa0 Src/syscalls.o
 .debug_ranges  0x00000ff0       0x18 Src/system_stm32l0xx.o
 .debug_ranges  0x00001008       0x20 startup/startup_stm32l053xx.o

.debug_macro    0x00000000    0x18906
 .debug_macro   0x00000000      0x217 Drivers/BSP/CUSTOM/custom.o
 .debug_macro   0x00000217      0xa4e Drivers/BSP/CUSTOM/custom.o
 .debug_macro   0x00000c65       0xa7 Drivers/BSP/CUSTOM/custom.o
 .debug_macro   0x00000d0c       0x2e Drivers/BSP/CUSTOM/custom.o
 .debug_macro   0x00000d3a       0x28 Drivers/BSP/CUSTOM/custom.o
 .debug_macro   0x00000d62       0x22 Drivers/BSP/CUSTOM/custom.o
 .debug_macro   0x00000d84       0x8e Drivers/BSP/CUSTOM/custom.o
 .debug_macro   0x00000e12       0x51 Drivers/BSP/CUSTOM/custom.o
 .debug_macro   0x00000e63       0xef Drivers/BSP/CUSTOM/custom.o
 .debug_macro   0x00000f52       0x6a Drivers/BSP/CUSTOM/custom.o
 .debug_macro   0x00000fbc      0x1df Drivers/BSP/CUSTOM/custom.o
 .debug_macro   0x0000119b       0x34 Drivers/BSP/CUSTOM/custom.o
 .debug_macro   0x000011cf       0x26 Drivers/BSP/CUSTOM/custom.o
 .debug_macro   0x000011f5      0x44f Drivers/BSP/CUSTOM/custom.o
 .debug_macro   0x00001644     0x9d0d Drivers/BSP/CUSTOM/custom.o
 .debug_macro   0x0000b351       0x3c Drivers/BSP/CUSTOM/custom.o
 .debug_macro   0x0000b38d     0x352c Drivers/BSP/CUSTOM/custom.o
 .debug_macro   0x0000e8b9      0x174 Drivers/BSP/CUSTOM/custom.o
 .debug_macro   0x0000ea2d       0x4f Drivers/BSP/CUSTOM/custom.o
 .debug_macro   0x0000ea7c      0x8d6 Drivers/BSP/CUSTOM/custom.o
 .debug_macro   0x0000f352      0x9d2 Drivers/BSP/CUSTOM/custom.o
 .debug_macro   0x0000fd24      0x131 Drivers/BSP/CUSTOM/custom.o
 .debug_macro   0x0000fe55      0x13f Drivers/BSP/CUSTOM/custom.o
 .debug_macro   0x0000ff94      0x17d Drivers/BSP/CUSTOM/custom.o
 .debug_macro   0x00010111      0x28e Drivers/BSP/CUSTOM/custom.o
 .debug_macro   0x0001039f      0x1e9 Drivers/BSP/CUSTOM/custom.o
 .debug_macro   0x00010588      0x129 Drivers/BSP/CUSTOM/custom.o
 .debug_macro   0x000106b1      0x2b4 Drivers/BSP/CUSTOM/custom.o
 .debug_macro   0x00010965      0x22c Drivers/BSP/CUSTOM/custom.o
 .debug_macro   0x00010b91       0x5b Drivers/BSP/CUSTOM/custom.o
 .debug_macro   0x00010bec       0xa5 Drivers/BSP/CUSTOM/custom.o
 .debug_macro   0x00010c91      0x187 Drivers/BSP/CUSTOM/custom.o
 .debug_macro   0x00010e18       0x16 Drivers/BSP/CUSTOM/custom.o
 .debug_macro   0x00010e2e      0x22c Drivers/BSP/CUSTOM/custom.o
 .debug_macro   0x0001105a      0x57b Drivers/BSP/CUSTOM/custom.o
 .debug_macro   0x000115d5       0x44 Drivers/BSP/CUSTOM/custom.o
 .debug_macro   0x00011619      0x163 Drivers/BSP/CUSTOM/custom.o
 .debug_macro   0x0001177c       0x28 Drivers/BSP/CUSTOM/custom.o
 .debug_macro   0x000117a4       0x82 Drivers/BSP/CUSTOM/custom.o
 .debug_macro   0x00011826       0x6a Drivers/BSP/CUSTOM/custom.o