Archive member included to satisfy reference by file (symbol)

c:/ac6/systemworkbench/plugins/fr.ac6.mcu.externaltools.arm-none.win32_1.17.0.201812190825/tools/compiler/bin/../lib/gcc/arm-none-eabi/7.3.1/thumb/v6-m\libgcc.a(_udivsi3.o)
                              Drivers/CMSIS/system_stm32l0xx.o (__aeabi_uidiv)
c:/ac6/systemworkbench/plugins/fr.ac6.mcu.externaltools.arm-none.win32_1.17.0.201812190825/tools/compiler/bin/../lib/gcc/arm-none-eabi/7.3.1/thumb/v6-m\libgcc.a(_dvmd_tls.o)
                              c:/ac6/systemworkbench/plugins/fr.ac6.mcu.externaltools.arm-none.win32_1.17.0.201812190825/tools/compiler/bin/../lib/gcc/arm-none-eabi/7.3.1/thumb/v6-m\libgcc.a(_udivsi3.o) (__aeabi_idiv0)
c:/ac6/systemworkbench/plugins/fr.ac6.mcu.externaltools.arm-none.win32_1.17.0.201812190825/tools/compiler/bin/../lib/gcc/arm-none-eabi/7.3.1/thumb/v6-m\libgcc.a(_aeabi_uldivmod.o)
                              Application/User/sensor_service.o (__aeabi_uldivmod)
c:/ac6/systemworkbench/plugins/fr.ac6.mcu.externaltools.arm-none.win32_1.17.0.201812190825/tools/compiler/bin/../lib/gcc/arm-none-eabi/7.3.1/thumb/v6-m\libgcc.a(_muldi3.o)
                              Application/User/sensor_service.o (__aeabi_lmul)
c:/ac6/systemworkbench/plugins/fr.ac6.mcu.externaltools.arm-none.win32_1.17.0.201812190825/tools/compiler/bin/../lib/gcc/arm-none-eabi/7.3.1/thumb/v6-m\libgcc.a(_udivmoddi4.o)
                              c:/ac6/systemworkbench/plugins/fr.ac6.mcu.externaltools.arm-none.win32_1.17.0.201812190825/tools/compiler/bin/../lib/gcc/arm-none-eabi/7.3.1/thumb/v6-m\libgcc.a(_aeabi_uldivmod.o) (__udivmoddi4)
c:/ac6/systemworkbench/plugins/fr.ac6.mcu.externaltools.arm-none.win32_1.17.0.201812190825/tools/compiler/bin/../lib/gcc/arm-none-eabi/7.3.1/thumb/v6-m\libgcc.a(fixsfsi.o)
                              Application/User/main.o (__aeabi_f2iz)
c:/ac6/systemworkbench/plugins/fr.ac6.mcu.externaltools.arm-none.win32_1.17.0.201812190825/tools/compiler/bin/../lib/gcc/arm-none-eabi/7.3.1/thumb/v6-m\libgcc.a(floatsisf.o)
                              Application/User/lsm6dsl.o (__aeabi_i2f)
c:/ac6/systemworkbench/plugins/fr.ac6.mcu.externaltools.arm-none.win32_1.17.0.201812190825/tools/compiler/bin/../lib/gcc/arm-none-eabi/7.3.1/thumb/v6-m\libgcc.a(adddf3.o)
                              Application/User/lsm6dsl.o (__aeabi_dadd)
c:/ac6/systemworkbench/plugins/fr.ac6.mcu.externaltools.arm-none.win32_1.17.0.201812190825/tools/compiler/bin/../lib/gcc/arm-none-eabi/7.3.1/thumb/v6-m\libgcc.a(divdf3.o)
                              Application/User/lsm6dsl.o (__aeabi_ddiv)
c:/ac6/systemworkbench/plugins/fr.ac6.mcu.externaltools.arm-none.win32_1.17.0.201812190825/tools/compiler/bin/../lib/gcc/arm-none-eabi/7.3.1/thumb/v6-m\libgcc.a(muldf3.o)
                              Application/User/lsm6dsl.o (__aeabi_dmul)
c:/ac6/systemworkbench/plugins/fr.ac6.mcu.externaltools.arm-none.win32_1.17.0.201812190825/tools/compiler/bin/../lib/gcc/arm-none-eabi/7.3.1/thumb/v6-m\libgcc.a(extendsfdf2.o)
                              Application/User/lsm6dsl.o (__aeabi_f2d)
c:/ac6/systemworkbench/plugins/fr.ac6.mcu.externaltools.arm-none.win32_1.17.0.201812190825/tools/compiler/bin/../lib/gcc/arm-none-eabi/7.3.1/thumb/v6-m\libgcc.a(truncdfsf2.o)
                              Application/User/lsm6dsl.o (__aeabi_d2f)
c:/ac6/systemworkbench/plugins/fr.ac6.mcu.externaltools.arm-none.win32_1.17.0.201812190825/tools/compiler/bin/../lib/gcc/arm-none-eabi/7.3.1/thumb/v6-m\libgcc.a(_clzsi2.o)
                              c:/ac6/systemworkbench/plugins/fr.ac6.mcu.externaltools.arm-none.win32_1.17.0.201812190825/tools/compiler/bin/../lib/gcc/arm-none-eabi/7.3.1/thumb/v6-m\libgcc.a(floatsisf.o) (__clzsi2)
c:/ac6/systemworkbench/plugins/fr.ac6.mcu.externaltools.arm-none.win32_1.17.0.201812190825/tools/compiler/bin/../lib/gcc/arm-none-eabi/7.3.1/thumb/v6-m\libgcc.a(_clzdi2.o)
                              c:/ac6/systemworkbench/plugins/fr.ac6.mcu.externaltools.arm-none.win32_1.17.0.201812190825/tools/compiler/bin/../lib/gcc/arm-none-eabi/7.3.1/thumb/v6-m\libgcc.a(_udivmoddi4.o) (__clzdi2)
c:/ac6/systemworkbench/plugins/fr.ac6.mcu.externaltools.arm-none.win32_1.17.0.201812190825/tools/compiler/bin/../lib/gcc/arm-none-eabi/7.3.1/../../../../arm-none-eabi/lib/thumb/v6-m\libc_nano.a(lib_a-errno.o)
                              Application/SW4STM32/syscalls.o (__errno)
c:/ac6/systemworkbench/plugins/fr.ac6.mcu.externaltools.arm-none.win32_1.17.0.201812190825/tools/compiler/bin/../lib/gcc/arm-none-eabi/7.3.1/../../../../arm-none-eabi/lib/thumb/v6-m\libc_nano.a(lib_a-exit.o)
                              c:/ac6/systemworkbench/plugins/fr.ac6.mcu.externaltools.arm-none.win32_1.17.0.201812190825/tools/compiler/bin/../lib/gcc/arm-none-eabi/7.3.1/../../../../arm-none-eabi/lib/thumb/v6-m/crt0.o (exit)
[...]
Memory Configuration

Name             Origin             Length             Attributes
RAM              0x20000000         0x00002000         xrw
FLASH            0x08000000         0x00010000         xr
*default*        0x00000000         0xffffffff

Linker script and memory map

LOAD c:/ac6/systemworkbench/plugins/fr.ac6.mcu.externaltools.arm-none.win32_1.17.0.201812190825/tools/compiler/bin/../lib/gcc/arm-none-eabi/7.3.1/thumb/v6-m/crti.o
LOAD c:/ac6/systemworkbench/plugins/fr.ac6.mcu.externaltools.arm-none.win32_1.17.0.201812190825/tools/compiler/bin/../lib/gcc/arm-none-eabi/7.3.1/thumb/v6-m/crtbegin.o
LOAD c:/ac6/systemworkbench/plugins/fr.ac6.mcu.externaltools.arm-none.win32_1.17.0.201812190825/tools/compiler/bin/../lib/gcc/arm-none-eabi/7.3.1/../../../../arm-none-eabi/lib/thumb/v6-m/crt0.o
LOAD Application/SW4STM32/startup_stm32l053xx.o
LOAD Application/SW4STM32/syscalls.o
LOAD Application/User/app_x-cube-ble1.o
LOAD Application/User/hci_tl_interface.o
LOAD Application/User/lsm6dsl.o
LOAD Application/User/main.o
LOAD Application/User/sensor_service.o
LOAD Application/User/stm32l0xx_hal_exti.o
LOAD Application/User/stm32l0xx_hal_msp.o
LOAD Application/User/stm32l0xx_it.o
LOAD Application/User/stm32l0xx_nucleo.o
LOAD Application/User/stm32l0xx_nucleo_bus.o
LOAD Drivers/CMSIS/system_stm32l0xx.o
LOAD Drivers/STM32L0xx_HAL_Driver/stm32l0xx_hal.o
LOAD Drivers/STM32L0xx_HAL_Driver/stm32l0xx_hal_cortex.o
LOAD Drivers/STM32L0xx_HAL_Driver/stm32l0xx_hal_dma.o
LOAD Drivers/STM32L0xx_HAL_Driver/stm32l0xx_hal_flash.o
LOAD Drivers/STM32L0xx_HAL_Driver/stm32l0xx_hal_flash_ex.o
LOAD Drivers/STM32L0xx_HAL_Driver/stm32l0xx_hal_flash_ramfunc.o
LOAD Drivers/STM32L0xx_HAL_Driver/stm32l0xx_hal_gpio.o
LOAD Drivers/STM32L0xx_HAL_Driver/stm32l0xx_hal_i2c.o
LOAD Drivers/STM32L0xx_HAL_Driver/stm32l0xx_hal_i2c_ex.o
LOAD Drivers/STM32L0xx_HAL_Driver/stm32l0xx_hal_pwr.o
LOAD Drivers/STM32L0xx_HAL_Driver/stm32l0xx_hal_pwr_ex.o
LOAD Drivers/STM32L0xx_HAL_Driver/stm32l0xx_hal_rcc.o
LOAD Drivers/STM32L0xx_HAL_Driver/stm32l0xx_hal_rcc_ex.o
LOAD Drivers/STM32L0xx_HAL_Driver/stm32l0xx_hal_spi.o
LOAD Drivers/STM32L0xx_HAL_Driver/stm32l0xx_hal_tim.o
LOAD Drivers/STM32L0xx_HAL_Driver/stm32l0xx_hal_tim_ex.o
LOAD Drivers/STM32L0xx_HAL_Driver/stm32l0xx_hal_uart.o
LOAD Drivers/STM32L0xx_HAL_Driver/stm32l0xx_hal_uart_ex.o
LOAD Middlewares/BlueNRG-MS/Wireless/Controller/bluenrg_gap_aci.o
LOAD Middlewares/BlueNRG-MS/Wireless/Controller/bluenrg_gatt_aci.o
LOAD Middlewares/BlueNRG-MS/Wireless/Controller/bluenrg_hal_aci.o
LOAD Middlewares/BlueNRG-MS/Wireless/Controller/bluenrg_l2cap_aci.o
LOAD Middlewares/BlueNRG-MS/Wireless/Controller/bluenrg_updater_aci.o
LOAD Middlewares/BlueNRG-MS/Wireless/Controller/bluenrg_utils_small.o
LOAD Middlewares/BlueNRG-MS/Wireless/HCI_TL/Basic/hci_le.o
LOAD Middlewares/BlueNRG-MS/Wireless/HCI_TL/Basic/hci_tl.o
LOAD Middlewares/BlueNRG-MS/Wireless/Utils/ble_list.o
LOAD c:/ac6/systemworkbench/plugins/fr.ac6.mcu.externaltools.arm-none.win32_1.17.0.201812190825/tools/compiler/bin/../lib/gcc/arm-none-eabi/7.3.1/../../../../arm-none-eabi/lib/thumb/v6-m\libm.a
START GROUP
LOAD c:/ac6/systemworkbench/plugins/fr.ac6.mcu.externaltools.arm-none.win32_1.17.0.201812190825/tools/compiler/bin/../lib/gcc/arm-none-eabi/7.3.1/thumb/v6-m\libgcc.a
LOAD c:/ac6/systemworkbench/plugins/fr.ac6.mcu.externaltools.arm-none.win32_1.17.0.201812190825/tools/compiler/bin/../lib/gcc/arm-none-eabi/7.3.1/../../../../arm-none-eabi/lib/thumb/v6-m\libc_nano.a
END GROUP
START GROUP
LOAD c:/ac6/systemworkbench/plugins/fr.ac6.mcu.externaltools.arm-none.win32_1.17.0.201812190825/tools/compiler/bin/../lib/gcc/arm-none-eabi/7.3.1/thumb/v6-m\libgcc.a
LOAD c:/ac6/systemworkbench/plugins/fr.ac6.mcu.externaltools.arm-none.win32_1.17.0.201812190825/tools/compiler/bin/../lib/gcc/arm-none-eabi/7.3.1/../../../../arm-none-eabi/lib/thumb/v6-m\libc_nano.a
LOAD c:/ac6/systemworkbench/plugins/fr.ac6.mcu.externaltools.arm-none.win32_1.17.0.201812190825/tools/compiler/bin/../lib/gcc/arm-none-eabi/7.3.1/../../../../arm-none-eabi/lib/thumb/v6-m\libnosys.a
END GROUP
START GROUP
LOAD c:/ac6/systemworkbench/plugins/fr.ac6.mcu.externaltools.arm-none.win32_1.17.0.201812190825/tools/compiler/bin/../lib/gcc/arm-none-eabi/7.3.1/thumb/v6-m\libgcc.a
LOAD c:/ac6/systemworkbench/plugins/fr.ac6.mcu.externaltools.arm-none.win32_1.17.0.201812190825/tools/compiler/bin/../lib/gcc/arm-none-eabi/7.3.1/../../../../arm-none-eabi/lib/thumb/v6-m\libc_nano.a
LOAD c:/ac6/systemworkbench/plugins/fr.ac6.mcu.externaltools.arm-none.win32_1.17.0.201812190825/tools/compiler/bin/../lib/gcc/arm-none-eabi/7.3.1/../../../../arm-none-eabi/lib/thumb/v6-m\libnosys.a
END GROUP
LOAD c:/ac6/systemworkbench/plugins/fr.ac6.mcu.externaltools.arm-none.win32_1.17.0.201812190825/tools/compiler/bin/../lib/gcc/arm-none-eabi/7.3.1/thumb/v6-m/crtend.o
LOAD c:/ac6/systemworkbench/plugins/fr.ac6.mcu.externaltools.arm-none.win32_1.17.0.201812190825/tools/compiler/bin/../lib/gcc/arm-none-eabi/7.3.1/thumb/v6-m/crtn.o
                0x20002000                _estack = 0x20002000
                0x00000200                _Min_Heap_Size = 0x200
                0x00000400                _Min_Stack_Size = 0x400

.isr_vector     0x08000000       0xc0
                0x08000000                . = ALIGN (0x4)
 *(.isr_vector)
 .isr_vector    0x08000000       0xc0 Application/SW4STM32/startup_stm32l053xx.o
                0x08000000                g_pfnVectors
                0x080000c0                . = ALIGN (0x4)

.text           0x080000c0     0x7d44
                0x080000c0                . = ALIGN (0x4)
 *(.text)
 .text          0x080000c0       0x48 c:/ac6/systemworkbench/plugins/fr.ac6.mcu.externaltools.arm-none.win32_1.17.0.201812190825/tools/compiler/bin/../lib/gcc/arm-none-eabi/7.3.1/thumb/v6-m/crtbegin.o
 .text          0x08000108      0x114 c:/ac6/systemworkbench/plugins/fr.ac6.mcu.externaltools.arm-none.win32_1.17.0.201812190825/tools/compiler/bin/../lib/gcc/arm-none-eabi/7.3.1/thumb/v6-m\libgcc.a(_udivsi3.o)
                0x08000108                __aeabi_uidiv
                0x08000108                __udivsi3
                0x08000214                __aeabi_uidivmod
 .text          0x0800021c        0x4 c:/ac6/systemworkbench/plugins/fr.ac6.mcu.externaltools.arm-none.win32_1.17.0.201812190825/tools/compiler/bin/../lib/gcc/arm-none-eabi/7.3.1/thumb/v6-m\libgcc.a(_dvmd_tls.o)
                0x0800021c                __aeabi_idiv0
                0x0800021c                __aeabi_ldiv0
 .text          0x08000220       0x40 c:/ac6/systemworkbench/plugins/fr.ac6.mcu.externaltools.arm-none.win32_1.17.0.201812190825/tools/compiler/bin/../lib/gcc/arm-none-eabi/7.3.1/thumb/v6-m\libgcc.a(_aeabi_uldivmod.o)
                0x08000220                __aeabi_uldivmod
 .text          0x08000260       0x54 c:/ac6/systemworkbench/plugins/fr.ac6.mcu.externaltools.arm-none.win32_1.17.0.201812190825/tools/compiler/bin/../lib/gcc/arm-none-eabi/7.3.1/thumb/v6-m\libgcc.a(_muldi3.o)
                0x08000260                __muldi3
                0x08000260                __aeabi_lmul
 .text          0x080002b4      0x184 c:/ac6/systemworkbench/plugins/fr.ac6.mcu.externaltools.arm-none.win32_1.17.0.201812190825/tools/compiler/bin/../lib/gcc/arm-none-eabi/7.3.1/thumb/v6-m\libgcc.a(_udivmoddi4.o)
                0x080002b4                __udivmoddi4
 .text          0x08000438       0x40 c:/ac6/systemworkbench/plugins/fr.ac6.mcu.externaltools.arm-none.win32_1.17.0.201812190825/tools/compiler/bin/../lib/gcc/arm-none-eabi/7.3.1/thumb/v6-m\libgcc.a(fixsfsi.o)
                0x08000438                __aeabi_f2iz
 .text          0x08000478       0x94 c:/ac6/systemworkbench/plugins/fr.ac6.mcu.externaltools.arm-none.win32_1.17.0.201812190825/tools/compiler/bin/../lib/gcc/arm-none-eabi/7.3.1/thumb/v6-m\libgcc.a(floatsisf.o)
                0x08000478                __aeabi_i2f
 .text          0x0800050c      0x638 c:/ac6/systemworkbench/plugins/fr.ac6.mcu.externaltools.arm-none.win32_1.17.0.201812190825/tools/compiler/bin/../lib/gcc/arm-none-eabi/7.3.1/thumb/v6-m\libgcc.a(adddf3.o)
                0x0800050c                __aeabi_dadd
 .text          0x08000b44      0x604 c:/ac6/systemworkbench/plugins/fr.ac6.mcu.externaltools.arm-none.win32_1.17.0.201812190825/tools/compiler/bin/../lib/gcc/arm-none-eabi/7.3.1/thumb/v6-m\libgcc.a(divdf3.o)
                0x08000b44                __aeabi_ddiv
 .text          0x08001148      0x4e4 c:/ac6/systemworkbench/plugins/fr.ac6.mcu.externaltools.arm-none.win32_1.17.0.201812190825/tools/compiler/bin/../lib/gcc/arm-none-eabi/7.3.1/thumb/v6-m\libgcc.a(muldf3.o)
                0x08001148                __aeabi_dmul
 .text          0x0800162c       0xa4 c:/ac6/systemworkbench/plugins/fr.ac6.mcu.externaltools.arm-none.win32_1.17.0.201812190825/tools/compiler/bin/../lib/gcc/arm-none-eabi/7.3.1/thumb/v6-m\libgcc.a(extendsfdf2.o)
                0x0800162c                __aeabi_f2d
 .text          0x080016d0      0x108 c:/ac6/systemworkbench/plugins/fr.ac6.mcu.externaltools.arm-none.win32_1.17.0.201812190825/tools/compiler/bin/../lib/gcc/arm-none-eabi/7.3.1/thumb/v6-m\libgcc.a(truncdfsf2.o)
                0x080016d0                __aeabi_d2f
 .text          0x080017d8       0x3c c:/ac6/systemworkbench/plugins/fr.ac6.mcu.externaltools.arm-none.win32_1.17.0.201812190825/tools/compiler/bin/../lib/gcc/arm-none-eabi/7.3.1/thumb/v6-m\libgcc.a(_clzsi2.o)
                0x080017d8                __clzsi2
 .text          0x08001814       0x18 c:/ac6/systemworkbench/plugins/fr.ac6.mcu.externaltools.arm-none.win32_1.17.0.201812190825/tools/compiler/bin/../lib/gcc/arm-none-eabi/7.3.1/thumb/v6-m\libgcc.a(_clzdi2.o)
                0x08001814                __clzdi2
 .text          0x0800182c        0xe c:/ac6/systemworkbench/plugins/fr.ac6.mcu.externaltools.arm-none.win32_1.17.0.201812190825/tools/compiler/bin/../lib/gcc/arm-none-eabi/7.3.1/../../../../arm-none-eabi/lib/thumb/v6-m\libc_nano.a(lib_a-strlen.o)
                0x0800182c                strlen
 *fill*         0x0800183a        0x2 
 .text          0x0800183c       0x14 c:/ac6/systemworkbench/plugins/fr.ac6.mcu.externaltools.arm-none.win32_1.17.0.201812190825/tools/compiler/bin/../lib/gcc/arm-none-eabi/7.3.1/thumb/v6-m\libgcc.a(_thumb1_case_uqi.o)
                0x0800183c                __gnu_thumb1_case_uqi
 .text          0x08001850      0x1d4 c:/ac6/systemworkbench/plugins/fr.ac6.mcu.externaltools.arm-none.win32_1.17.0.201812190825/tools/compiler/bin/../lib/gcc/arm-none-eabi/7.3.1/thumb/v6-m\libgcc.a(_divsi3.o)
                0x08001850                __divsi3
                0x08001850                __aeabi_idiv
                0x08001a1c                __aeabi_idivmod
 .text          0x08001a24       0x7c c:/ac6/systemworkbench/plugins/fr.ac6.mcu.externaltools.arm-none.win32_1.17.0.201812190825/tools/compiler/bin/../lib/gcc/arm-none-eabi/7.3.1/thumb/v6-m\libgcc.a(_arm_cmpdf2.o)
                0x08001a24                __aeabi_cdrcmple
                0x08001a34                __aeabi_cdcmple
                0x08001a34                __aeabi_cdcmpeq
                0x08001a44                __aeabi_dcmpeq
                0x08001a50                __aeabi_dcmplt
                0x08001a64                __aeabi_dcmple
                0x08001a78                __aeabi_dcmpgt
                0x08001a8c                __aeabi_dcmpge
 .text          0x08001aa0       0x78 c:/ac6/systemworkbench/plugins/fr.ac6.mcu.externaltools.arm-none.win32_1.17.0.201812190825/tools/compiler/bin/../lib/gcc/arm-none-eabi/7.3.1/thumb/v6-m\libgcc.a(eqdf2.o)
                0x08001aa0                __nedf2
                0x08001aa0                __eqdf2
 .text          0x08001b18       0xc8 c:/ac6/systemworkbench/plugins/fr.ac6.mcu.externaltools.arm-none.win32_1.17.0.201812190825/tools/compiler/bin/../lib/gcc/arm-none-eabi/7.3.1/thumb/v6-m\libgcc.a(gedf2.o)
                0x08001b18                __gedf2
                0x08001b18                __gtdf2
 .text          0x08001be0       0xd0 c:/ac6/systemworkbench/plugins/fr.ac6.mcu.externaltools.arm-none.win32_1.17.0.201812190825/tools/compiler/bin/../lib/gcc/arm-none-eabi/7.3.1/thumb/v6-m\libgcc.a(ledf2.o)
                0x08001be0                __ledf2
                0x08001be0                __ltdf2
 .text          0x08001cb0      0x690 c:/ac6/systemworkbench/plugins/fr.ac6.mcu.externaltools.arm-none.win32_1.17.0.201812190825/tools/compiler/bin/../lib/gcc/arm-none-eabi/7.3.1/thumb/v6-m\libgcc.a(subdf3.o)
                0x08001cb0                __aeabi_dsub
 .text          0x08002340       0x38 c:/ac6/systemworkbench/plugins/fr.ac6.mcu.externaltools.arm-none.win32_1.17.0.201812190825/tools/compiler/bin/../lib/gcc/arm-none-eabi/7.3.1/thumb/v6-m\libgcc.a(unorddf2.o)
                0x08002340                __aeabi_dcmpun
 .text          0x08002378       0x6c c:/ac6/systemworkbench/plugins/fr.ac6.mcu.externaltools.arm-none.win32_1.17.0.201812190825/tools/compiler/bin/../lib/gcc/arm-none-eabi/7.3.1/thumb/v6-m\libgcc.a(fixdfsi.o)
                0x08002378                __aeabi_d2iz
 .text          0x080023e4       0x74 c:/ac6/systemworkbench/plugins/fr.ac6.mcu.externaltools.arm-none.win32_1.17.0.201812190825/tools/compiler/bin/../lib/gcc/arm-none-eabi/7.3.1/thumb/v6-m\libgcc.a(floatsidf.o)
                0x080023e4                __aeabi_i2d
 .text          0x08002458       0x64 c:/ac6/systemworkbench/plugins/fr.ac6.mcu.externaltools.arm-none.win32_1.17.0.201812190825/tools/compiler/bin/../lib/gcc/arm-none-eabi/7.3.1/thumb/v6-m\libgcc.a(floatunsidf.o)
                0x08002458                __aeabi_ui2d
 *(.text*)
 .text.Reset_Handler
                0x080024bc       0x50 Application/SW4STM32/startup_stm32l053xx.o
                0x080024bc                Reset_Handler
 .text.Default_Handler
                0x0800250c        0x2 Application/SW4STM32/startup_stm32l053xx.o
                0x0800250c                TSC_IRQHandler
                0x0800250c                ADC1_COMP_IRQHandler
                0x0800250c                PVD_IRQHandler
                0x0800250c                I2C1_IRQHandler
                0x0800250c                RCC_CRS_IRQHandler
                0x0800250c                SPI1_IRQHandler
                0x0800250c                TIM6_DAC_IRQHandler
                0x0800250c                EXTI2_3_IRQHandler
                0x0800250c                I2C2_IRQHandler
                0x0800250c                RTC_IRQHandler
                0x0800250c                LCD_IRQHandler
                0x0800250c                DMA1_Channel4_5_6_7_IRQHandler
                0x0800250c                DMA1_Channel1_IRQHandler
                0x0800250c                Default_Handler
                0x0800250c                TIM22_IRQHandler
                0x0800250c                USB_IRQHandler
                0x0800250c                SPI2_IRQHandler
                0x0800250c                TIM21_IRQHandler
                0x0800250c                WWDG_IRQHandler
                0x0800250c                TIM2_IRQHandler
                0x0800250c                DMA1_Channel2_3_IRQHandler
                0x0800250c                USART2_IRQHandler
                0x0800250c                FLASH_IRQHandler
                0x0800250c                USART1_IRQHandler
                0x0800250c                RNG_LPUART1_IRQHandler
                0x0800250c                LPTIM1_IRQHandler
 *fill*         0x0800250e        0x2 
 .text._sbrk    0x08002510       0x3c Application/SW4STM32/syscalls.o
                0x08002510                _sbrk
 .text.User_Init
                0x0800254c       0x18 Application/User/app_x-cube-ble1.o
 .text.User_Process
                0x08002564       0x70 Application/User/app_x-cube-ble1.o
 .text.MX_BlueNRG_MS_Init
                0x080025d4      0x100 Application/User/app_x-cube-ble1.o
                0x080025d4                MX_BlueNRG_MS_Init
 .text.MX_BlueNRG_MS_Process
                0x080026d4       0x1c Application/User/app_x-cube-ble1.o
                0x080026d4                MX_BlueNRG_MS_Process
 .text.BSP_PB_Callback
                0x080026f0        0xc Application/User/app_x-cube-ble1.o
                0x080026f0                BSP_PB_Callback
 .text.HCI_TL_SPI_Init
                0x080026fc       0x64 Application/User/hci_tl_interface.o
                0x080026fc                HCI_TL_SPI_Init
 .text.HCI_TL_SPI_DeInit
                0x08002760       0x24 Application/User/hci_tl_interface.o
                0x08002760                HCI_TL_SPI_DeInit
 .text.HCI_TL_SPI_Reset
                0x08002784       0x2e Application/User/hci_tl_interface.o
                0x08002784                HCI_TL_SPI_Reset
 .text.HCI_TL_SPI_Receive
                0x080027b2       0x8c Application/User/hci_tl_interface.o
                0x080027b2                HCI_TL_SPI_Receive
 *fill*         0x0800283e        0x2 
 .text.HCI_TL_SPI_Send
                0x08002840       0x88 Application/User/hci_tl_interface.o
                0x08002840                HCI_TL_SPI_Send
 .text.IsDataAvailable
                0x080028c8       0x14 Application/User/hci_tl_interface.o
 .text.hci_tl_lowlevel_isr
                0x080028dc       0x16 Application/User/hci_tl_interface.o
                0x080028dc                hci_tl_lowlevel_isr
 *fill*         0x080028f2        0x2 
 .text.hci_tl_lowlevel_init
                0x080028f4       0x6c Application/User/hci_tl_interface.o
                0x080028f4                hci_tl_lowlevel_init
 .text.MX_USART1_UART_Init
                0x08002960       0x3c Application/User/lsm6dsl.o
 .text.calcGyro
                0x0800299c       0x30 Application/User/lsm6dsl.o
                0x0800299c                calcGyro
 .text.SPI1_Send
                0x080029cc       0x2c Application/User/lsm6dsl.o
                0x080029cc                SPI1_Send
 .text.write_reg
                0x080029f8       0x8a Application/User/lsm6dsl.o
                0x080029f8                write_reg
 .text.SPI1_Recv
                0x08002a82       0x2c Application/User/lsm6dsl.o
                0x08002a82                SPI1_Recv
 .text.read_reg
                0x08002aae       0x94 Application/User/lsm6dsl.o
                0x08002aae                read_reg
 *fill*         0x08002b42        0x2 
 .text.lsm6dsl_acc_set_data_rate
                0x08002b44       0x7c Application/User/lsm6dsl.o
                0x08002b44                lsm6dsl_acc_set_data_rate
 .text.lsm6dsl_acc_set_fullscale
                0x08002bc0       0x78 Application/User/lsm6dsl.o
                0x08002bc0                lsm6dsl_acc_set_fullscale
 .text.lsm6dsl_gyro_set_data_rate
                0x08002c38       0x7c Application/User/lsm6dsl.o
                0x08002c38                lsm6dsl_gyro_set_data_rate
 .text.lsm6dsl_gyro_set_fullscale
                0x08002cb4       0x7c Application/User/lsm6dsl.o
                0x08002cb4                lsm6dsl_gyro_set_fullscale
 .text.GYRO_INIT
                0x08002d30       0xd4 Application/User/lsm6dsl.o
                0x08002d30                GYRO_INIT
 .text.readRegisterInt16
                0x08002e04       0x58 Application/User/lsm6dsl.o
                0x08002e04                readRegisterInt16
 .text.lsm6dsl_gyro_get_raw_x
                0x08002e5c       0x40 Application/User/lsm6dsl.o
                0x08002e5c                lsm6dsl_gyro_get_raw_x
 .text.readFloatGyroX
                0x08002e9c       0x30 Application/User/lsm6dsl.o
                0x08002e9c                readFloatGyroX
 .text.lsm6dsl_gyro_get_raw_y
                0x08002ecc       0x40 Application/User/lsm6dsl.o
                0x08002ecc                lsm6dsl_gyro_get_raw_y
 .text.readFloatGyroY
                0x08002f0c       0x30 Application/User/lsm6dsl.o
                0x08002f0c                readFloatGyroY
 .text.lsm6dsl_gyro_get_raw_z
                0x08002f3c       0x40 Application/User/lsm6dsl.o
                0x08002f3c                lsm6dsl_gyro_get_raw_z
 .text.readFloatGyroZ
                0x08002f7c       0x2c Application/User/lsm6dsl.o
                0x08002f7c                readFloatGyroZ
 .text.MX_GPIO_Init
                0x08002fa8       0xcc Application/User/main.o
 .text.SystemClock_Config
                0x08003074       0x78 Application/User/main.o
                0x08003074                SystemClock_Config
 .text.main     0x080030ec       0xb4 Application/User/main.o
                0x080030ec                main
 .text.Error_Handler
                0x080031a0        0x2 Application/User/main.o
                0x080031a0                Error_Handler
 *fill*         0x080031a2        0x2 
 .text.Add_Acc_Service
                0x080031a4      0x138 Application/User/sensor_service.o
                0x080031a4                Add_Acc_Service
 .text.Acc_Update
                0x080032dc       0x74 Application/User/sensor_service.o
                0x080032dc                Acc_Update
 .text.Add_Environmental_Sensor_Service
                0x08003350      0x2b4 Application/User/sensor_service.o
                0x08003350                Add_Environmental_Sensor_Service
 .text.Temp_Update
                0x08003604       0x30 Application/User/sensor_service.o
                0x08003604                Temp_Update
 .text.Press_Update
                0x08003634       0x30 Application/User/sensor_service.o
                0x08003634                Press_Update
 .text.Humidity_Update
                0x08003664       0x30 Application/User/sensor_service.o
                0x08003664                Humidity_Update
 .text.setConnectable
                0x08003694       0x40 Application/User/sensor_service.o
                0x08003694                setConnectable
 .text.GAP_ConnectionComplete_CB
                0x080036d4       0x18 Application/User/sensor_service.o
                0x080036d4                GAP_ConnectionComplete_CB
 .text.GAP_DisconnectionComplete_CB
                0x080036ec       0x18 Application/User/sensor_service.o
                0x080036ec                GAP_DisconnectionComplete_CB
 .text.Read_Request_CB
                0x08003704       0xec Application/User/sensor_service.o
                0x08003704                Read_Request_CB
 .text.user_notify
                0x080037f0       0x5c Application/User/sensor_service.o
                0x080037f0                user_notify
 .text.HAL_EXTI_RegisterCallback
                0x0800384c        0xe Application/User/stm32l0xx_hal_exti.o
                0x0800384c                HAL_EXTI_RegisterCallback
 .text.HAL_EXTI_GetHandle
                0x0800385a        0xe Application/User/stm32l0xx_hal_exti.o
                0x0800385a                HAL_EXTI_GetHandle
 .text.HAL_EXTI_IRQHandler
                0x08003868       0x28 Application/User/stm32l0xx_hal_exti.o
                0x08003868                HAL_EXTI_IRQHandler
 .text.HAL_MspInit
                0x08003890       0x1c Application/User/stm32l0xx_hal_msp.o
                0x08003890                HAL_MspInit
 .text.NMI_Handler
                0x080038ac        0x2 Application/User/stm32l0xx_it.o
                0x080038ac                NMI_Handler
 .text.HardFault_Handler
                0x080038ae        0x2 Application/User/stm32l0xx_it.o
                0x080038ae                HardFault_Handler
 .text.SVC_Handler
                0x080038b0        0x2 Application/User/stm32l0xx_it.o
                0x080038b0                SVC_Handler
 .text.PendSV_Handler
                0x080038b2        0x2 Application/User/stm32l0xx_it.o
                0x080038b2                PendSV_Handler
 .text.SysTick_Handler
                0x080038b4        0x8 Application/User/stm32l0xx_it.o
                0x080038b4                SysTick_Handler
 .text.EXTI0_1_IRQHandler
                0x080038bc       0x10 Application/User/stm32l0xx_it.o
                0x080038bc                EXTI0_1_IRQHandler
 .text.EXTI4_15_IRQHandler
                0x080038cc       0x10 Application/User/stm32l0xx_it.o
                0x080038cc                EXTI4_15_IRQHandler
 .text.USART2_MspInit
                0x080038dc       0x44 Application/User/stm32l0xx_nucleo.o
 .text.BSP_LED_Init
                0x08003920       0x44 Application/User/stm32l0xx_nucleo.o
                0x08003920                BSP_LED_Init
 .text.BSP_LED_Toggle
                0x08003964       0x10 Application/User/stm32l0xx_nucleo.o
                0x08003964                BSP_LED_Toggle
 .text.BSP_PB_Init
                0x08003974       0xa0 Application/User/stm32l0xx_nucleo.o
                0x08003974                BSP_PB_Init
 .text.BSP_PB_GetState
                0x08003a14       0x18 Application/User/stm32l0xx_nucleo.o
                0x08003a14                BSP_PB_GetState
 .text.BUTTON_USER_EXTI_Callback
                0x08003a2c        0xa Application/User/stm32l0xx_nucleo.o
 *fill*         0x08003a36        0x2 
 .text.MX_USART2_UART_Init
                0x08003a38       0x30 Application/User/stm32l0xx_nucleo.o
                0x08003a38                MX_USART2_UART_Init
 .text.BSP_COM_Init
                0x08003a68       0x3c Application/User/stm32l0xx_nucleo.o
                0x08003a68                BSP_COM_Init
 .text.SPI1_MspInit
                0x08003aa4       0x6c Application/User/stm32l0xx_nucleo_bus.o
 .text.BSP_SPI1_SendRecv
                0x08003b10       0x28 Application/User/stm32l0xx_nucleo_bus.o
                0x08003b10                BSP_SPI1_SendRecv
 .text.BSP_GetTick
                0x08003b38        0x8 Application/User/stm32l0xx_nucleo_bus.o
                0x08003b38                BSP_GetTick
 .text.MX_SPI1_Init
                0x08003b40       0x38 Application/User/stm32l0xx_nucleo_bus.o
                0x08003b40                MX_SPI1_Init
 .text.BSP_SPI1_Init
                0x08003b78       0x4c Application/User/stm32l0xx_nucleo_bus.o
                0x08003b78                BSP_SPI1_Init
 .text.SystemInit
                0x08003bc4       0x5c Drivers/CMSIS/system_stm32l0xx.o
                0x08003bc4                SystemInit
 .text.HAL_InitTick
                0x08003c20       0x30 Drivers/STM32L0xx_HAL_Driver/stm32l0xx_hal.o
                0x08003c20                HAL_InitTick
 .text.HAL_Init
                0x08003c50       0x28 Drivers/STM32L0xx_HAL_Driver/stm32l0xx_hal.o
                0x08003c50                HAL_Init
 .text.HAL_IncTick
                0x08003c78       0x10 Drivers/STM32L0xx_HAL_Driver/stm32l0xx_hal.o
                0x08003c78                HAL_IncTick
 .text.HAL_GetTick
                0x08003c88        0xc Drivers/STM32L0xx_HAL_Driver/stm32l0xx_hal.o
                0x08003c88                HAL_GetTick
 .text.HAL_Delay
                0x08003c94       0x1c Drivers/STM32L0xx_HAL_Driver/stm32l0xx_hal.o
                0x08003c94                HAL_Delay
 .text.HAL_NVIC_SetPriority
                0x08003cb0       0x60 Drivers/STM32L0xx_HAL_Driver/stm32l0xx_hal_cortex.o
                0x08003cb0                HAL_NVIC_SetPriority
 .text.HAL_NVIC_EnableIRQ
                0x08003d10       0x14 Drivers/STM32L0xx_HAL_Driver/stm32l0xx_hal_cortex.o
                0x08003d10                HAL_NVIC_EnableIRQ
 .text.HAL_SYSTICK_Config
                0x08003d24       0x38 Drivers/STM32L0xx_HAL_Driver/stm32l0xx_hal_cortex.o
                0x08003d24                HAL_SYSTICK_Config
 .text.HAL_GPIO_Init
                0x08003d5c      0x18c Drivers/STM32L0xx_HAL_Driver/stm32l0xx_hal_gpio.o
                0x08003d5c                HAL_GPIO_Init
 .text.HAL_GPIO_DeInit
                0x08003ee8      0x108 Drivers/STM32L0xx_HAL_Driver/stm32l0xx_hal_gpio.o
                0x08003ee8                HAL_GPIO_DeInit
 .text.HAL_GPIO_ReadPin
                0x08003ff0        0xe Drivers/STM32L0xx_HAL_Driver/stm32l0xx_hal_gpio.o
                0x08003ff0                HAL_GPIO_ReadPin
 .text.HAL_GPIO_WritePin
                0x08003ffe        0xc Drivers/STM32L0xx_HAL_Driver/stm32l0xx_hal_gpio.o
                0x08003ffe                HAL_GPIO_WritePin
 .text.HAL_GPIO_TogglePin
                0x0800400a        0x8 Drivers/STM32L0xx_HAL_Driver/stm32l0xx_hal_gpio.o
                0x0800400a                HAL_GPIO_TogglePin
 *fill*         0x08004012        0x2 
 .text.HAL_RCC_GetSysClockFreq
                0x08004014       0xb0 Drivers/STM32L0xx_HAL_Driver/stm32l0xx_hal_rcc.o
                0x08004014                HAL_RCC_GetSysClockFreq
 .text.HAL_RCC_OscConfig
                0x080040c4      0x57c Drivers/STM32L0xx_HAL_Driver/stm32l0xx_hal_rcc.o
                0x080040c4                HAL_RCC_OscConfig
 .text.HAL_RCC_ClockConfig
                0x08004640      0x1a8 Drivers/STM32L0xx_HAL_Driver/stm32l0xx_hal_rcc.o
                0x08004640                HAL_RCC_ClockConfig
 .text.HAL_RCC_GetHCLKFreq
                0x080047e8        0xc Drivers/STM32L0xx_HAL_Driver/stm32l0xx_hal_rcc.o
                0x080047e8                HAL_RCC_GetHCLKFreq
 .text.HAL_RCC_GetPCLK1Freq
                0x080047f4       0x20 Drivers/STM32L0xx_HAL_Driver/stm32l0xx_hal_rcc.o
                0x080047f4                HAL_RCC_GetPCLK1Freq
 .text.HAL_RCC_GetPCLK2Freq
                0x08004814       0x20 Drivers/STM32L0xx_HAL_Driver/stm32l0xx_hal_rcc.o
                0x08004814                HAL_RCC_GetPCLK2Freq
 .text.HAL_RCCEx_PeriphCLKConfig
                0x08004834      0x1fc Drivers/STM32L0xx_HAL_Driver/stm32l0xx_hal_rcc_ex.o
                0x08004834                HAL_RCCEx_PeriphCLKConfig
 .text.SPI_WaitFlagStateUntilTimeout
                0x08004a30       0x9c Drivers/STM32L0xx_HAL_Driver/stm32l0xx_hal_spi.o
 .text.SPI_EndRxTxTransaction
                0x08004acc       0x5a Drivers/STM32L0xx_HAL_Driver/stm32l0xx_hal_spi.o
 .text.SPI_EndRxTransaction
                0x08004b26       0xa0 Drivers/STM32L0xx_HAL_Driver/stm32l0xx_hal_spi.o
 .text.HAL_SPI_MspInit
                0x08004bc6        0x2 Drivers/STM32L0xx_HAL_Driver/stm32l0xx_hal_spi.o
                0x08004bc6                HAL_SPI_MspInit
 .text.HAL_SPI_Init
                0x08004bc8       0x88 Drivers/STM32L0xx_HAL_Driver/stm32l0xx_hal_spi.o
                0x08004bc8                HAL_SPI_Init
 .text.HAL_SPI_Transmit
                0x08004c50      0x19a Drivers/STM32L0xx_HAL_Driver/stm32l0xx_hal_spi.o
                0x08004c50                HAL_SPI_Transmit
 .text.HAL_SPI_TransmitReceive
                0x08004dea      0x22c Drivers/STM32L0xx_HAL_Driver/stm32l0xx_hal_spi.o
                0x08004dea                HAL_SPI_TransmitReceive
 *fill*         0x08005016        0x2 
 .text.HAL_SPI_Receive
                0x08005018      0x164 Drivers/STM32L0xx_HAL_Driver/stm32l0xx_hal_spi.o
                0x08005018                HAL_SPI_Receive
 .text.HAL_SPI_GetState
                0x0800517c        0x8 Drivers/STM32L0xx_HAL_Driver/stm32l0xx_hal_spi.o
                0x0800517c                HAL_SPI_GetState
 .text.HAL_UART_MspInit
                0x08005184        0x2 Drivers/STM32L0xx_HAL_Driver/stm32l0xx_hal_uart.o
                0x08005184                HAL_UART_MspInit
 *fill*         0x08005186        0x2 
 .text.UART_SetConfig
                0x08005188      0x368 Drivers/STM32L0xx_HAL_Driver/stm32l0xx_hal_uart.o
                0x08005188                UART_SetConfig
 .text.UART_AdvFeatureConfig
                0x080054f0       0xe0 Drivers/STM32L0xx_HAL_Driver/stm32l0xx_hal_uart.o
                0x080054f0                UART_AdvFeatureConfig
 .text.UART_WaitOnFlagUntilTimeout
                0x080055d0       0x68 Drivers/STM32L0xx_HAL_Driver/stm32l0xx_hal_uart.o
                0x080055d0                UART_WaitOnFlagUntilTimeout
 .text.UART_CheckIdleState
                0x08005638       0x6c Drivers/STM32L0xx_HAL_Driver/stm32l0xx_hal_uart.o
                0x08005638                UART_CheckIdleState
 .text.HAL_UART_Init
                0x080056a4       0x6c Drivers/STM32L0xx_HAL_Driver/stm32l0xx_hal_uart.o
                0x080056a4                HAL_UART_Init
 .text.aci_gap_init_IDB05A1
                0x08005710       0x6e Middlewares/BlueNRG-MS/Wireless/Controller/bluenrg_gap_aci.o
                0x08005710                aci_gap_init_IDB05A1
 .text.aci_gap_init_IDB04A1
                0x0800577e       0x6c Middlewares/BlueNRG-MS/Wireless/Controller/bluenrg_gap_aci.o
                0x0800577e                aci_gap_init_IDB04A1
 .text.aci_gap_set_discoverable
                0x080057ea       0xc0 Middlewares/BlueNRG-MS/Wireless/Controller/bluenrg_gap_aci.o
                0x080057ea                aci_gap_set_discoverable
 .text.aci_gap_set_auth_requirement
                0x080058aa       0x8c Middlewares/BlueNRG-MS/Wireless/Controller/bluenrg_gap_aci.o
                0x080058aa                aci_gap_set_auth_requirement
 .text.aci_gatt_init
                0x08005936       0x3c Middlewares/BlueNRG-MS/Wireless/Controller/bluenrg_gatt_aci.o
                0x08005936                aci_gatt_init
 .text.aci_gatt_add_serv
                0x08005972       0x76 Middlewares/BlueNRG-MS/Wireless/Controller/bluenrg_gatt_aci.o
                0x08005972                aci_gatt_add_serv
 .text.aci_gatt_add_char
                0x080059e8       0xc4 Middlewares/BlueNRG-MS/Wireless/Controller/bluenrg_gatt_aci.o
                0x080059e8                aci_gatt_add_char
 .text.aci_gatt_add_char_desc
                0x08005aac      0x104 Middlewares/BlueNRG-MS/Wireless/Controller/bluenrg_gatt_aci.o
                0x08005aac                aci_gatt_add_char_desc
 .text.aci_gatt_update_char_value
                0x08005bb0       0x6e Middlewares/BlueNRG-MS/Wireless/Controller/bluenrg_gatt_aci.o
                0x08005bb0                aci_gatt_update_char_value
 .text.aci_gatt_allow_read
                0x08005c1e       0x3e Middlewares/BlueNRG-MS/Wireless/Controller/bluenrg_gatt_aci.o
                0x08005c1e                aci_gatt_allow_read
 .text.aci_hal_write_config_data
                0x08005c5c       0x5a Middlewares/BlueNRG-MS/Wireless/Controller/bluenrg_hal_aci.o
                0x08005c5c                aci_hal_write_config_data
 .text.aci_hal_set_tx_power_level
                0x08005cb6       0x3e Middlewares/BlueNRG-MS/Wireless/Controller/bluenrg_hal_aci.o
                0x08005cb6                aci_hal_set_tx_power_level
 .text.getBlueNRGVersion
                0x08005cf4       0x4c Middlewares/BlueNRG-MS/Wireless/Controller/bluenrg_utils_small.o
                0x08005cf4                getBlueNRGVersion
 .text.hci_reset
                0x08005d40       0x38 Middlewares/BlueNRG-MS/Wireless/HCI_TL/Basic/hci_le.o
                0x08005d40                hci_reset
 .text.hci_le_read_local_version
                0x08005d78       0x72 Middlewares/BlueNRG-MS/Wireless/HCI_TL/Basic/hci_le.o
                0x08005d78                hci_le_read_local_version
 .text.hci_le_set_scan_resp_data
                0x08005dea       0x60 Middlewares/BlueNRG-MS/Wireless/HCI_TL/Basic/hci_le.o
                0x08005dea                hci_le_set_scan_resp_data
 .text.verify_packet
                0x08005e4a       0x1e Middlewares/BlueNRG-MS/Wireless/HCI_TL/Basic/hci_tl.o
 .text.send_cmd
                0x08005e68       0x48 Middlewares/BlueNRG-MS/Wireless/HCI_TL/Basic/hci_tl.o
 .text.free_event_list
                0x08005eb0       0x2c Middlewares/BlueNRG-MS/Wireless/HCI_TL/Basic/hci_tl.o
 .text.move_list
                0x08005edc       0x28 Middlewares/BlueNRG-MS/Wireless/HCI_TL/Basic/hci_tl.o
 .text.hci_init
                0x08005f04       0x5c Middlewares/BlueNRG-MS/Wireless/HCI_TL/Basic/hci_tl.o
                0x08005f04                hci_init
 .text.hci_register_io_bus
                0x08005f60       0x1c Middlewares/BlueNRG-MS/Wireless/HCI_TL/Basic/hci_tl.o
                0x08005f60                hci_register_io_bus
 .text.hci_send_req
                0x08005f7c      0x15c Middlewares/BlueNRG-MS/Wireless/HCI_TL/Basic/hci_tl.o
                0x08005f7c                hci_send_req
 .text.hci_user_evt_proc
                0x080060d8       0x44 Middlewares/BlueNRG-MS/Wireless/HCI_TL/Basic/hci_tl.o
                0x080060d8                hci_user_evt_proc
 .text.hci_notify_asynch_evt
                0x0800611c       0x7c Middlewares/BlueNRG-MS/Wireless/HCI_TL/Basic/hci_tl.o
                0x0800611c                hci_notify_asynch_evt
 .text.list_init_head
                0x08006198        0x6 Middlewares/BlueNRG-MS/Wireless/Utils/ble_list.o
                0x08006198                list_init_head
 .text.list_is_empty
                0x0800619e       0x18 Middlewares/BlueNRG-MS/Wireless/Utils/ble_list.o
                0x0800619e                list_is_empty
 .text.list_insert_head
                0x080061b6       0x18 Middlewares/BlueNRG-MS/Wireless/Utils/ble_list.o
                0x080061b6                list_insert_head
 .text.list_insert_tail
                0x080061ce       0x18 Middlewares/BlueNRG-MS/Wireless/Utils/ble_list.o
                0x080061ce                list_insert_tail
 .text.list_remove_node
                0x080061e6       0x18 Middlewares/BlueNRG-MS/Wireless/Utils/ble_list.o
                0x080061e6                list_remove_node
 .text.list_remove_head
                0x080061fe       0x24 Middlewares/BlueNRG-MS/Wireless/Utils/ble_list.o
                0x080061fe                list_remove_head
 .text.list_remove_tail
                0x08006222       0x24 Middlewares/BlueNRG-MS/Wireless/Utils/ble_list.o
                0x08006222                list_remove_tail
 .text.list_get_size
                0x08006246       0x1c Middlewares/BlueNRG-MS/Wireless/Utils/ble_list.o
                0x08006246                list_get_size
 *fill*         0x08006262        0x2 
 .text.__errno  0x08006264        0xc c:/ac6/systemworkbench/plugins/fr.ac6.mcu.externaltools.arm-none.win32_1.17.0.201812190825/tools/compiler/bin/../lib/gcc/arm-none-eabi/7.3.1/../../../../arm-none-eabi/lib/thumb/v6-m\libc_nano.a(lib_a-errno.o)
                0x08006264                __errno
 .text.__libc_init_array
                0x08006270       0x48 c:/ac6/systemworkbench/plugins/fr.ac6.mcu.externaltools.arm-none.win32_1.17.0.201812190825/tools/compiler/bin/../lib/gcc/arm-none-eabi/7.3.1/../../../../arm-none-eabi/lib/thumb/v6-m\libc_nano.a(lib_a-init.o)
                0x08006270                __libc_init_array
 .text.memcpy   0x080062b8       0x12 c:/ac6/systemworkbench/plugins/fr.ac6.mcu.externaltools.arm-none.win32_1.17.0.201812190825/tools/compiler/bin/../lib/gcc/arm-none-eabi/7.3.1/../../../../arm-none-eabi/lib/thumb/v6-m\libc_nano.a(lib_a-memcpy-stub.o)
                0x080062b8                memcpy
 .text.memset   0x080062ca       0x10 c:/ac6/systemworkbench/plugins/fr.ac6.mcu.externaltools.arm-none.win32_1.17.0.201812190825/tools/compiler/bin/../lib/gcc/arm-none-eabi/7.3.1/../../../../arm-none-eabi/lib/thumb/v6-m\libc_nano.a(lib_a-memset.o)
                0x080062ca                memset
 .text.__cvt    0x080062da       0xc8 c:/ac6/systemworkbench/plugins/fr.ac6.mcu.externaltools.arm-none.win32_1.17.0.201812190825/tools/compiler/bin/../lib/gcc/arm-none-eabi/7.3.1/../../../../arm-none-eabi/lib/thumb/v6-m\libc_nano.a(lib_a-nano-vfprintf_float.o)
                0x080062da                __cvt
 .text.__exponent
                0x080063a2       0x70 c:/ac6/systemworkbench/plugins/fr.ac6.mcu.externaltools.arm-none.win32_1.17.0.201812190825/tools/compiler/bin/../lib/gcc/arm-none-eabi/7.3.1/../../../../arm-none-eabi/lib/thumb/v6-m\libc_nano.a(lib_a-nano-vfprintf_float.o)
                0x080063a2                __exponent
 *fill*         0x08006412        0x2 
 .text._printf_float
                0x08006414      0x498 c:/ac6/systemworkbench/plugins/fr.ac6.mcu.externaltools.arm-none.win32_1.17.0.201812190825/tools/compiler/bin/../lib/gcc/arm-none-eabi/7.3.1/../../../../arm-none-eabi/lib/thumb/v6-m\libc_nano.a(lib_a-nano-vfprintf_float.o)
                0x08006414                _printf_float
 .text._printf_common
                0x080068ac       0xda c:/ac6/systemworkbench/plugins/fr.ac6.mcu.externaltools.arm-none.win32_1.17.0.201812190825/tools/compiler/bin/../lib/gcc/arm-none-eabi/7.3.1/../../../../arm-none-eabi/lib/thumb/v6-m\libc_nano.a(lib_a-nano-vfprintf_i.o)
                0x080068ac                _printf_common
 *fill*         0x08006986        0x2 
 .text.rand     0x08006988       0x64 c:/ac6/systemworkbench/plugins/fr.ac6.mcu.externaltools.arm-none.win32_1.17.0.201812190825/tools/compiler/bin/../lib/gcc/arm-none-eabi/7.3.1/../../../../arm-none-eabi/lib/thumb/v6-m\libc_nano.a(lib_a-rand.o)
                0x08006988                rand
 .text.quorem   0x080069ec      0x10c c:/ac6/systemworkbench/plugins/fr.ac6.mcu.externaltools.arm-none.win32_1.17.0.201812190825/tools/compiler/bin/../lib/gcc/arm-none-eabi/7.3.1/../../../../arm-none-eabi/lib/thumb/v6-m\libc_nano.a(lib_a-dtoa.o)
 .text._dtoa_r  0x08006af8      0xbc0 c:/ac6/systemworkbench/plugins/fr.ac6.mcu.externaltools.arm-none.win32_1.17.0.201812190825/tools/compiler/bin/../lib/gcc/arm-none-eabi/7.3.1/../../../../arm-none-eabi/lib/thumb/v6-m\libc_nano.a(lib_a-dtoa.o)
                0x08006af8                _dtoa_r
 .text._localeconv_r
                0x080076b8       0x18 c:/ac6/systemworkbench/plugins/fr.ac6.mcu.externaltools.arm-none.win32_1.17.0.201812190825/tools/compiler/bin/../lib/gcc/arm-none-eabi/7.3.1/../../../../arm-none-eabi/lib/thumb/v6-m\libc_nano.a(lib_a-localeconv.o)
                0x080076b8                _localeconv_r
 .text.malloc   0x080076d0       0x14 c:/ac6/systemworkbench/plugins/fr.ac6.mcu.externaltools.arm-none.win32_1.17.0.201812190825/tools/compiler/bin/../lib/gcc/arm-none-eabi/7.3.1/../../../../arm-none-eabi/lib/thumb/v6-m\libc_nano.a(lib_a-malloc.o)
                0x080076d0                malloc
 .text._Balloc  0x080076e4       0x70 c:/ac6/systemworkbench/plugins/fr.ac6.mcu.externaltools.arm-none.win32_1.17.0.201812190825/tools/compiler/bin/../lib/gcc/arm-none-eabi/7.3.1/../../../../arm-none-eabi/lib/thumb/v6-m\libc_nano.a(lib_a-mprec.o)
                0x080076e4                _Balloc
 .text._Bfree   0x08007754       0x32 c:/ac6/systemworkbench/plugins/fr.ac6.mcu.externaltools.arm-none.win32_1.17.0.201812190825/tools/compiler/bin/../lib/gcc/arm-none-eabi/7.3.1/../../../../arm-none-eabi/lib/thumb/v6-m\libc_nano.a(lib_a-mprec.o)
                0x08007754                _Bfree
 .text.__multadd
                0x08007786       0x7c c:/ac6/systemworkbench/plugins/fr.ac6.mcu.externaltools.arm-none.win32_1.17.0.201812190825/tools/compiler/bin/../lib/gcc/arm-none-eabi/7.3.1/../../../../arm-none-eabi/lib/thumb/v6-m\libc_nano.a(lib_a-mprec.o)
                0x08007786                __multadd
 .text.__hi0bits
                0x08007802       0x34 c:/ac6/systemworkbench/plugins/fr.ac6.mcu.externaltools.arm-none.win32_1.17.0.201812190825/tools/compiler/bin/../lib/gcc/arm-none-eabi/7.3.1/../../../../arm-none-eabi/lib/thumb/v6-m\libc_nano.a(lib_a-mprec.o)
                0x08007802                __hi0bits
 .text.__lo0bits
                0x08007836       0x5e c:/ac6/systemworkbench/plugins/fr.ac6.mcu.externaltools.arm-none.win32_1.17.0.201812190825/tools/compiler/bin/../lib/gcc/arm-none-eabi/7.3.1/../../../../arm-none-eabi/lib/thumb/v6-m\libc_nano.a(lib_a-mprec.o)
                0x08007836                __lo0bits
 .text.__i2b    0x08007894       0x12 c:/ac6/systemworkbench/plugins/fr.ac6.mcu.externaltools.arm-none.win32_1.17.0.201812190825/tools/compiler/bin/../lib/gcc/arm-none-eabi/7.3.1/../../../../arm-none-eabi/lib/thumb/v6-m\libc_nano.a(lib_a-mprec.o)
                0x08007894                __i2b
 .text.__multiply
                0x080078a6      0x11e c:/ac6/systemworkbench/plugins/fr.ac6.mcu.externaltools.arm-none.win32_1.17.0.201812190825/tools/compiler/bin/../lib/gcc/arm-none-eabi/7.3.1/../../../../arm-none-eabi/lib/thumb/v6-m\libc_nano.a(lib_a-mprec.o)
                0x080078a6                __multiply
 .text.__pow5mult
                0x080079c4       0xa4 c:/ac6/systemworkbench/plugins/fr.ac6.mcu.externaltools.arm-none.win32_1.17.0.201812190825/tools/compiler/bin/../lib/gcc/arm-none-eabi/7.3.1/../../../../arm-none-eabi/lib/thumb/v6-m\libc_nano.a(lib_a-mprec.o)
                0x080079c4                __pow5mult
 .text.__lshift
                0x08007a68       0xa4 c:/ac6/systemworkbench/plugins/fr.ac6.mcu.externaltools.arm-none.win32_1.17.0.201812190825/tools/compiler/bin/../lib/gcc/arm-none-eabi/7.3.1/../../../../arm-none-eabi/lib/thumb/v6-m\libc_nano.a(lib_a-mprec.o)
                0x08007a68                __lshift
 .text.__mcmp   0x08007b0c       0x34 c:/ac6/systemworkbench/plugins/fr.ac6.mcu.externaltools.arm-none.win32_1.17.0.201812190825/tools/compiler/bin/../lib/gcc/arm-none-eabi/7.3.1/../../../../arm-none-eabi/lib/thumb/v6-m\libc_nano.a(lib_a-mprec.o)
                0x08007b0c                __mcmp
 .text.__mdiff  0x08007b40       0xc8 c:/ac6/systemworkbench/plugins/fr.ac6.mcu.externaltools.arm-none.win32_1.17.0.201812190825/tools/compiler/bin/../lib/gcc/arm-none-eabi/7.3.1/../../../../arm-none-eabi/lib/thumb/v6-m\libc_nano.a(lib_a-mprec.o)
                0x08007b40                __mdiff
 .text.__d2b    0x08007c08       0xa8 c:/ac6/systemworkbench/plugins/fr.ac6.mcu.externaltools.arm-none.win32_1.17.0.201812190825/tools/compiler/bin/../lib/gcc/arm-none-eabi/7.3.1/../../../../arm-none-eabi/lib/thumb/v6-m\libc_nano.a(lib_a-mprec.o)
                0x08007c08                __d2b
 .text._calloc_r
                0x08007cb0       0x1c c:/ac6/systemworkbench/plugins/fr.ac6.mcu.externaltools.arm-none.win32_1.17.0.201812190825/tools/compiler/bin/../lib/gcc/arm-none-eabi/7.3.1/../../../../arm-none-eabi/lib/thumb/v6-m\libc_nano.a(lib_a-nano-callocr.o)
                0x08007cb0                _calloc_r
 .text._malloc_r
                0x08007ccc       0xbc c:/ac6/systemworkbench/plugins/fr.ac6.mcu.externaltools.arm-none.win32_1.17.0.201812190825/tools/compiler/bin/../lib/gcc/arm-none-eabi/7.3.1/../../../../arm-none-eabi/lib/thumb/v6-m\libc_nano.a(lib_a-nano-mallocr.o)
                0x08007ccc                _malloc_r
 .text._sbrk_r  0x08007d88       0x24 c:/ac6/systemworkbench/plugins/fr.ac6.mcu.externaltools.arm-none.win32_1.17.0.201812190825/tools/compiler/bin/../lib/gcc/arm-none-eabi/7.3.1/../../../../arm-none-eabi/lib/thumb/v6-m\libc_nano.a(lib_a-sbrkr.o)
                0x08007d88                _sbrk_r
 .text.__ascii_mbtowc
                0x08007dac       0x24 c:/ac6/systemworkbench/plugins/fr.ac6.mcu.externaltools.arm-none.win32_1.17.0.201812190825/tools/compiler/bin/../lib/gcc/arm-none-eabi/7.3.1/../../../../arm-none-eabi/lib/thumb/v6-m\libc_nano.a(lib_a-mbtowc_r.o)
                0x08007dac                __ascii_mbtowc
 .text.__malloc_lock
                0x08007dd0        0x2 c:/ac6/systemworkbench/plugins/fr.ac6.mcu.externaltools.arm-none.win32_1.17.0.201812190825/tools/compiler/bin/../lib/gcc/arm-none-eabi/7.3.1/../../../../arm-none-eabi/lib/thumb/v6-m\libc_nano.a(lib_a-mlock.o)
                0x08007dd0                __malloc_lock
 .text.__malloc_unlock
                0x08007dd2        0x2 c:/ac6/systemworkbench/plugins/fr.ac6.mcu.externaltools.arm-none.win32_1.17.0.201812190825/tools/compiler/bin/../lib/gcc/arm-none-eabi/7.3.1/../../../../arm-none-eabi/lib/thumb/v6-m\libc_nano.a(lib_a-mlock.o)
                0x08007dd2                __malloc_unlock
 .text.__ascii_wctomb
                0x08007dd4       0x18 c:/ac6/systemworkbench/plugins/fr.ac6.mcu.externaltools.arm-none.win32_1.17.0.201812190825/tools/compiler/bin/../lib/gcc/arm-none-eabi/7.3.1/../../../../arm-none-eabi/lib/thumb/v6-m\libc_nano.a(lib_a-wctomb_r.o)
                0x08007dd4                __ascii_wctomb
 *(.glue_7)
 .glue_7        0x08007dec        0x0 linker stubs
 *(.glue_7t)
 .glue_7t       0x08007dec        0x0 linker stubs
 *(.eh_frame)
 .eh_frame      0x08007dec        0x0 c:/ac6/systemworkbench/plugins/fr.ac6.mcu.externaltools.arm-none.win32_1.17.0.201812190825/tools/compiler/bin/../lib/gcc/arm-none-eabi/7.3.1/thumb/v6-m/crtbegin.o
 *(.init)
 .init          0x08007dec        0x4 c:/ac6/systemworkbench/plugins/fr.ac6.mcu.externaltools.arm-none.win32_1.17.0.201812190825/tools/compiler/bin/../lib/gcc/arm-none-eabi/7.3.1/thumb/v6-m/crti.o
                0x08007dec                _init
 .init          0x08007df0        0x8 c:/ac6/systemworkbench/plugins/fr.ac6.mcu.externaltools.arm-none.win32_1.17.0.201812190825/tools/compiler/bin/../lib/gcc/arm-none-eabi/7.3.1/thumb/v6-m/crtn.o
 *(.fini)
 .fini          0x08007df8        0x4 c:/ac6/systemworkbench/plugins/fr.ac6.mcu.externaltools.arm-none.win32_1.17.0.201812190825/tools/compiler/bin/../lib/gcc/arm-none-eabi/7.3.1/thumb/v6-m/crti.o
                0x08007df8                _fini
 .fini          0x08007dfc        0x8 c:/ac6/systemworkbench/plugins/fr.ac6.mcu.externaltools.arm-none.win32_1.17.0.201812190825/tools/compiler/bin/../lib/gcc/arm-none-eabi/7.3.1/thumb/v6-m/crtn.o
                0x08007e04                . = ALIGN (0x4)
                0x08007e04                _etext = .

.vfp11_veneer   0x08007e04        0x0
 .vfp11_veneer  0x08007e04        0x0 linker stubs

.v4_bx          0x08007e04        0x0
 .v4_bx         0x08007e04        0x0 linker stubs

.iplt           0x08007e04        0x0
 .iplt          0x08007e04        0x0 c:/ac6/systemworkbench/plugins/fr.ac6.mcu.externaltools.arm-none.win32_1.17.0.201812190825/tools/compiler/bin/../lib/gcc/arm-none-eabi/7.3.1/thumb/v6-m/crtbegin.o

.rodata         0x08007e08      0x330
                0x08007e08                . = ALIGN (0x4)
 *(.rodata)
 .rodata        0x08007e08        0x6 Application/User/app_x-cube-ble1.o
 *fill*         0x08007e0e        0x2 
 .rodata        0x08007e10        0x8 Application/User/sensor_service.o
 .rodata        0x08007e18       0x24 Drivers/CMSIS/system_stm32l0xx.o
                0x08007e18                PLLMulTable
                0x08007e24                AHBPrescTable
                0x08007e34                APBPrescTable
 .rodata        0x08007e3c       0x48 Drivers/STM32L0xx_HAL_Driver/stm32l0xx_hal_uart.o
 .rodata        0x08007e84       0x40 c:/ac6/systemworkbench/plugins/fr.ac6.mcu.externaltools.arm-none.win32_1.17.0.201812190825/tools/compiler/bin/../lib/gcc/arm-none-eabi/7.3.1/thumb/v6-m\libgcc.a(divdf3.o)
 .rodata        0x08007ec4       0x40 c:/ac6/systemworkbench/plugins/fr.ac6.mcu.externaltools.arm-none.win32_1.17.0.201812190825/tools/compiler/bin/../lib/gcc/arm-none-eabi/7.3.1/thumb/v6-m\libgcc.a(muldf3.o)
 *(.rodata*)
 .rodata.str1.4
                0x08007f04        0x8 Application/User/app_x-cube-ble1.o
 .rodata._printf_float.str1.1
                0x08007f0c       0x12 c:/ac6/systemworkbench/plugins/fr.ac6.mcu.externaltools.arm-none.win32_1.17.0.201812190825/tools/compiler/bin/../lib/gcc/arm-none-eabi/7.3.1/../../../../arm-none-eabi/lib/thumb/v6-m\libc_nano.a(lib_a-nano-vfprintf_float.o)
 .rodata._dtoa_r.str1.1
                0x08007f1e        0xd c:/ac6/systemworkbench/plugins/fr.ac6.mcu.externaltools.arm-none.win32_1.17.0.201812190825/tools/compiler/bin/../lib/gcc/arm-none-eabi/7.3.1/../../../../arm-none-eabi/lib/thumb/v6-m\libc_nano.a(lib_a-dtoa.o)
                                  0xf (size before relaxing)
 *fill*         0x08007f2b        0x5 
 .rodata.__mprec_bigtens
                0x08007f30       0x28 c:/ac6/systemworkbench/plugins/fr.ac6.mcu.externaltools.arm-none.win32_1.17.0.201812190825/tools/compiler/bin/../lib/gcc/arm-none-eabi/7.3.1/../../../../arm-none-eabi/lib/thumb/v6-m\libc_nano.a(lib_a-mprec.o)
                0x08007f30                __mprec_bigtens
 .rodata.__mprec_tens
                0x08007f58       0xc8 c:/ac6/systemworkbench/plugins/fr.ac6.mcu.externaltools.arm-none.win32_1.17.0.201812190825/tools/compiler/bin/../lib/gcc/arm-none-eabi/7.3.1/../../../../arm-none-eabi/lib/thumb/v6-m\libc_nano.a(lib_a-mprec.o)
                0x08007f58                __mprec_tens
 .rodata.p05.6084
                0x08008020        0xc c:/ac6/systemworkbench/plugins/fr.ac6.mcu.externaltools.arm-none.win32_1.17.0.201812190825/tools/compiler/bin/../lib/gcc/arm-none-eabi/7.3.1/../../../../arm-none-eabi/lib/thumb/v6-m\libc_nano.a(lib_a-mprec.o)
 .rodata._setlocale_r.str1.1
                0x0800802c        0x8 c:/ac6/systemworkbench/plugins/fr.ac6.mcu.externaltools.arm-none.win32_1.17.0.201812190825/tools/compiler/bin/../lib/gcc/arm-none-eabi/7.3.1/../../../../arm-none-eabi/lib/thumb/v6-m\libc_nano.a(lib_a-locale.o)
                                  0x9 (size before relaxing)
 .rodata.str1.1
                0x08008034        0x2 c:/ac6/systemworkbench/plugins/fr.ac6.mcu.externaltools.arm-none.win32_1.17.0.201812190825/tools/compiler/bin/../lib/gcc/arm-none-eabi/7.3.1/../../../../arm-none-eabi/lib/thumb/v6-m\libc_nano.a(lib_a-locale.o)
 .rodata._ctype_
                0x08008036      0x101 c:/ac6/systemworkbench/plugins/fr.ac6.mcu.externaltools.arm-none.win32_1.17.0.201812190825/tools/compiler/bin/../lib/gcc/arm-none-eabi/7.3.1/../../../../arm-none-eabi/lib/thumb/v6-m\libc_nano.a(lib_a-ctype_.o)
                0x08008036                _ctype_
                0x08008138                . = ALIGN (0x4)
 *fill*         0x08008137        0x1 

.ARM.extab
 *(.ARM.extab* .gnu.linkonce.armextab.*)

.ARM            0x08008138        0x8
                0x08008138                __exidx_start = .
 *(.ARM.exidx*)
 .ARM.exidx     0x08008138        0x8 c:/ac6/systemworkbench/plugins/fr.ac6.mcu.externaltools.arm-none.win32_1.17.0.201812190825/tools/compiler/bin/../lib/gcc/arm-none-eabi/7.3.1/thumb/v6-m\libgcc.a(_udivmoddi4.o)
                0x08008140                __exidx_end = .

.rel.dyn        0x08008140        0x0
 .rel.iplt      0x08008140        0x0 c:/ac6/systemworkbench/plugins/fr.ac6.mcu.externaltools.arm-none.win32_1.17.0.201812190825/tools/compiler/bin/../lib/gcc/arm-none-eabi/7.3.1/thumb/v6-m/crtbegin.o

.preinit_array  0x08008140        0x0
                0x08008140                PROVIDE (__preinit_array_start = .)
 *(.preinit_array*)
                0x08008140                PROVIDE (__preinit_array_end = .)

.init_array     0x08008140        0x4
                0x08008140                PROVIDE (__init_array_start = .)
 *(SORT_BY_NAME(.init_array.*))
 *(.init_array*)
 .init_array    0x08008140        0x4 c:/ac6/systemworkbench/plugins/fr.ac6.mcu.externaltools.arm-none.win32_1.17.0.201812190825/tools/compiler/bin/../lib/gcc/arm-none-eabi/7.3.1/thumb/v6-m/crtbegin.o
                0x08008144                PROVIDE (__init_array_end = .)

.fini_array     0x08008144        0x4
                [!provide]                PROVIDE (__fini_array_start = .)
 *(SORT_BY_NAME(.fini_array.*))
 *(.fini_array*)
 .fini_array    0x08008144        0x4 c:/ac6/systemworkbench/plugins/fr.ac6.mcu.externaltools.arm-none.win32_1.17.0.201812190825/tools/compiler/bin/../lib/gcc/arm-none-eabi/7.3.1/thumb/v6-m/crtbegin.o
                [!provide]                PROVIDE (__fini_array_end = .)
                0x08008148                _sidata = LOADADDR (.data)

.data           0x20000000      0x1e4 load address 0x08008148
                0x20000000                . = ALIGN (0x4)
                0x20000000                _sdata = .
 *(.data)
 .data          0x20000000        0x1 Application/User/app_x-cube-ble1.o
 .data          0x20000001        0x1 Application/User/sensor_service.o
                0x20000001                set_connectable
 *fill*         0x20000002        0x2 
 .data          0x20000004        0xc Application/User/stm32l0xx_nucleo.o
                0x20000004                hpb_exti
                0x2000000c                COM_USART
 .data          0x20000010        0x4 Drivers/CMSIS/system_stm32l0xx.o
                0x20000010                SystemCoreClock
 *(.data*)
 .data._impure_ptr
                0x20000014        0x4 c:/ac6/systemworkbench/plugins/fr.ac6.mcu.externaltools.arm-none.win32_1.17.0.201812190825/tools/compiler/bin/../lib/gcc/arm-none-eabi/7.3.1/../../../../arm-none-eabi/lib/thumb/v6-m\libc_nano.a(lib_a-impure.o)
                0x20000014                _impure_ptr
 .data.impure_data
                0x20000018       0x60 c:/ac6/systemworkbench/plugins/fr.ac6.mcu.externaltools.arm-none.win32_1.17.0.201812190825/tools/compiler/bin/../lib/gcc/arm-none-eabi/7.3.1/../../../../arm-none-eabi/lib/thumb/v6-m\libc_nano.a(lib_a-impure.o)
 .data.__global_locale
                0x20000078      0x16c c:/ac6/systemworkbench/plugins/fr.ac6.mcu.externaltools.arm-none.win32_1.17.0.201812190825/tools/compiler/bin/../lib/gcc/arm-none-eabi/7.3.1/../../../../arm-none-eabi/lib/thumb/v6-m\libc_nano.a(lib_a-locale.o)
                0x20000078                __global_locale
                0x200001e4                . = ALIGN (0x4)
                0x200001e4                _edata = .

.igot.plt       0x200001e4        0x0 load address 0x0800832c
 .igot.plt      0x200001e4        0x0 c:/ac6/systemworkbench/plugins/fr.ac6.mcu.externaltools.arm-none.win32_1.17.0.201812190825/tools/compiler/bin/../lib/gcc/arm-none-eabi/7.3.1/thumb/v6-m/crtbegin.o
                0x200001e4                . = ALIGN (0x4)

.bss            0x200001e4      0x61c load address 0x0800832c
                0x200001e4                _sbss = .
                0x200001e4                __bss_start__ = _sbss
 *(.bss)
 .bss           0x200001e4       0x1c c:/ac6/systemworkbench/plugins/fr.ac6.mcu.externaltools.arm-none.win32_1.17.0.201812190825/tools/compiler/bin/../lib/gcc/arm-none-eabi/7.3.1/thumb/v6-m/crtbegin.o
 .bss           0x20000200        0x8 Application/SW4STM32/syscalls.o
                0x20000204                __env
 .bss           0x20000208        0x2 Application/User/app_x-cube-ble1.o
                0x20000209                bnrg_expansion_board
 *fill*         0x2000020a        0x2 
 .bss           0x2000020c       0xff Application/User/hci_tl_interface.o
 *fill*         0x2000030b        0x1 
 .bss           0x2000030c       0x14 Application/User/sensor_service.o
                0x2000030c                connected
                0x20000310                connection_handle
                0x20000312                notification_enabled
                0x20000314                axes_data
 .bss           0x20000320        0x4 Application/User/stm32l0xx_nucleo_bus.o
 .bss           0x20000324      0x2dc Middlewares/BlueNRG-MS/Wireless/HCI_TL/Basic/hci_tl.o
 *(.bss*)
 .bss.__malloc_free_list
                0x20000600        0x4 c:/ac6/systemworkbench/plugins/fr.ac6.mcu.externaltools.arm-none.win32_1.17.0.201812190825/tools/compiler/bin/../lib/gcc/arm-none-eabi/7.3.1/../../../../arm-none-eabi/lib/thumb/v6-m\libc_nano.a(lib_a-nano-mallocr.o)
                0x20000600                __malloc_free_list
 .bss.__malloc_sbrk_start
                0x20000604        0x4 c:/ac6/systemworkbench/plugins/fr.ac6.mcu.externaltools.arm-none.win32_1.17.0.201812190825/tools/compiler/bin/../lib/gcc/arm-none-eabi/7.3.1/../../../../arm-none-eabi/lib/thumb/v6-m\libc_nano.a(lib_a-nano-mallocr.o)
                0x20000604                __malloc_sbrk_start
 *(COMMON)
 COMMON         0x20000608       0x80 Application/User/app_x-cube-ble1.o
                0x20000608                huart1
 COMMON         0x20000688        0x8 Application/User/hci_tl_interface.o
                0x20000688                hexti0
 COMMON         0x20000690       0x6c Application/User/main.o
                0x20000690                hspi2
                0x200006e8                GPIO_InitStruct
 COMMON         0x200006fc       0x14 Application/User/sensor_service.o
                0x200006fc                freeFallCharHandle
                0x200006fe                envSensServHandle
                0x20000700                humidityCharHandle
                0x20000702                pressCharHandle
                0x20000704                tempCharHandle
                0x20000706                accServHandle
                0x20000708                accCharHandle
                0x2000070a                TXCharHandle
                0x2000070c                sampleServHandle
                0x2000070e                RXCharHandle
 COMMON         0x20000710       0x80 Application/User/stm32l0xx_nucleo.o
                0x20000710                hcom_uart
 COMMON         0x20000790       0x58 Application/User/stm32l0xx_nucleo_bus.o
                0x20000790                hspi1
 COMMON         0x200007e8        0x4 Drivers/STM32L0xx_HAL_Driver/stm32l0xx_hal.o
                0x200007e8                uwTick
 COMMON         0x200007ec       0x10 Middlewares/BlueNRG-MS/Wireless/HCI_TL/Basic/hci_tl.o
                0x200007ec                hciReadPktPool
                0x200007f4                hciReadPktRxQueue
 COMMON         0x200007fc        0x4 c:/ac6/systemworkbench/plugins/fr.ac6.mcu.externaltools.arm-none.win32_1.17.0.201812190825/tools/compiler/bin/../lib/gcc/arm-none-eabi/7.3.1/../../../../arm-none-eabi/lib/thumb/v6-m\libc_nano.a(lib_a-reent.o)
                0x200007fc                errno
                0x20000800                . = ALIGN (0x4)
                0x20000800                _ebss = .
                0x20000800                __bss_end__ = _ebss

._user_heap_stack
                0x20000800      0x600 load address 0x0800832c
                0x20000800                . = ALIGN (0x8)
                0x20000800                PROVIDE (end = .)
                [!provide]                PROVIDE (_end = .)
                0x20000a00                . = (. + _Min_Heap_Size)
 *fill*         0x20000800      0x200 
                0x20000e00                . = (. + _Min_Stack_Size)
 *fill*         0x20000a00      0x400 
                0x20000e00                . = ALIGN (0x8)

/DISCARD/
 libc.a(*)
 libm.a(*)
 libgcc.a(*)

.ARM.attributes
                0x00000000       0x28
 *(.ARM.attributes)
 .ARM.attributes
                0x00000000       0x1e c:/ac6/systemworkbench/plugins/fr.ac6.mcu.externaltools.arm-none.win32_1.17.0.201812190825/tools/compiler/bin/../lib/gcc/arm-none-eabi/7.3.1/thumb/v6-m/crti.o
 .ARM.attributes
                0x0000001e       0x2c c:/ac6/systemworkbench/plugins/fr.ac6.mcu.externaltools.arm-none.win32_1.17.0.201812190825/tools/compiler/bin/../lib/gcc/arm-none-eabi/7.3.1/thumb/v6-m/crtbegin.o
 .ARM.attributes
                0x0000004a       0x22 Application/SW4STM32/startup_stm32l053xx.o
 .ARM.attributes
                0x0000006c       0x32 Application/SW4STM32/syscalls.o
 .ARM.attributes
                0x0000009e       0x32 Application/User/app_x-cube-ble1.o
 .ARM.attributes
                0x000000d0       0x32 Application/User/hci_tl_interface.o
 .ARM.attributes
                0x00000102       0x32 Application/User/lsm6dsl.o
 .ARM.attributes
                0x00000134       0x32 Application/User/main.o
 .ARM.attributes
                0x00000166       0x32 Application/User/sensor_service.o
 .ARM.attributes
                0x00000198       0x32 Application/User/stm32l0xx_hal_exti.o
 .ARM.attributes
                0x000001ca       0x32 Application/User/stm32l0xx_hal_msp.o
 .ARM.attributes
                0x000001fc       0x32 Application/User/stm32l0xx_it.o
 .ARM.attributes
                0x0000022e       0x32 Application/User/stm32l0xx_nucleo.o
 .ARM.attributes
                0x00000260       0x32 Application/User/stm32l0xx_nucleo_bus.o
 .ARM.attributes
                0x00000292       0x32 Drivers/CMSIS/system_stm32l0xx.o
 .ARM.attributes
                0x000002c4       0x32 Drivers/STM32L0xx_HAL_Driver/stm32l0xx_hal.o
 .ARM.attributes
                0x000002f6       0x32 Drivers/STM32L0xx_HAL_Driver/stm32l0xx_hal_cortex.o
 .ARM.attributes
                0x00000328       0x32 Drivers/STM32L0xx_HAL_Driver/stm32l0xx_hal_gpio.o
 .ARM.attributes
                0x0000035a       0x32 Drivers/STM32L0xx_HAL_Driver/stm32l0xx_hal_rcc.o
 .ARM.attributes
                0x0000038c       0x32 Drivers/STM32L0xx_HAL_Driver/stm32l0xx_hal_rcc_ex.o
 .ARM.attributes
                0x000003be       0x32 Drivers/STM32L0xx_HAL_Driver/stm32l0xx_hal_spi.o
 .ARM.attributes
                0x000003f0       0x32 Drivers/STM32L0xx_HAL_Driver/stm32l0xx_hal_uart.o
 .ARM.attributes
                0x00000422       0x32 Middlewares/BlueNRG-MS/Wireless/Controller/bluenrg_gap_aci.o
 .ARM.attributes
                0x00000454       0x32 Middlewares/BlueNRG-MS/Wireless/Controller/bluenrg_gatt_aci.o
 .ARM.attributes
                0x00000486       0x32 Middlewares/BlueNRG-MS/Wireless/Controller/bluenrg_hal_aci.o
 .ARM.attributes
                0x000004b8       0x32 Middlewares/BlueNRG-MS/Wireless/Controller/bluenrg_utils_small.o
 .ARM.attributes
                0x000004ea       0x32 Middlewares/BlueNRG-MS/Wireless/HCI_TL/Basic/hci_le.o
 .ARM.attributes
                0x0000051c       0x32 Middlewares/BlueNRG-MS/Wireless/HCI_TL/Basic/hci_tl.o
 .ARM.attributes
                0x0000054e       0x32 Middlewares/BlueNRG-MS/Wireless/Utils/ble_list.o
 .ARM.attributes
                0x00000580       0x1e c:/ac6/systemworkbench/plugins/fr.ac6.mcu.externaltools.arm-none.win32_1.17.0.201812190825/tools/compiler/bin/../lib/gcc/arm-none-eabi/7.3.1/thumb/v6-m\libgcc.a(_udivsi3.o)
 .ARM.attributes
                0x0000059e       0x1e c:/ac6/systemworkbench/plugins/fr.ac6.mcu.externaltools.arm-none.win32_1.17.0.201812190825/tools/compiler/bin/../lib/gcc/arm-none-eabi/7.3.1/thumb/v6-m\libgcc.a(_dvmd_tls.o)
 .ARM.attributes
                0x000005bc       0x1e c:/ac6/systemworkbench/plugins/fr.ac6.mcu.externaltools.arm-none.win32_1.17.0.201812190825/tools/compiler/bin/../lib/gcc/arm-none-eabi/7.3.1/thumb/v6-m\libgcc.a(_aeabi_uldivmod.o)
 .ARM.attributes
                0x000005da       0x2c c:/ac6/systemworkbench/plugins/fr.ac6.mcu.externaltools.arm-none.win32_1.17.0.201812190825/tools/compiler/bin/../lib/gcc/arm-none-eabi/7.3.1/thumb/v6-m\libgcc.a(_muldi3.o)
 .ARM.attributes
                0x00000606       0x2c c:/ac6/systemworkbench/plugins/fr.ac6.mcu.externaltools.arm-none.win32_1.17.0.201812190825/tools/compiler/bin/../lib/gcc/arm-none-eabi/7.3.1/thumb/v6-m\libgcc.a(_udivmoddi4.o)
 .ARM.attributes
                0x00000632       0x2c c:/ac6/systemworkbench/plugins/fr.ac6.mcu.externaltools.arm-none.win32_1.17.0.201812190825/tools/compiler/bin/../lib/gcc/arm-none-eabi/7.3.1/thumb/v6-m\libgcc.a(fixsfsi.o)
 .ARM.attributes
                0x0000065e       0x2c c:/ac6/systemworkbench/plugins/fr.ac6.mcu.externaltools.arm-none.win32_1.17.0.201812190825/tools/compiler/bin/../lib/gcc/arm-none-eabi/7.3.1/thumb/v6-m\libgcc.a(floatsisf.o)
 .ARM.attributes
                0x0000068a       0x2c c:/ac6/systemworkbench/plugins/fr.ac6.mcu.externaltools.arm-none.win32_1.17.0.201812190825/tools/compiler/bin/../lib/gcc/arm-none-eabi/7.3.1/thumb/v6-m\libgcc.a(adddf3.o)
 .ARM.attributes
                0x000006b6       0x2c c:/ac6/systemworkbench/plugins/fr.ac6.mcu.externaltools.arm-none.win32_1.17.0.201812190825/tools/compiler/bin/../lib/gcc/arm-none-eabi/7.3.1/thumb/v6-m\libgcc.a(divdf3.o)
 .ARM.attributes
                0x000006e2       0x2c c:/ac6/systemworkbench/plugins/fr.ac6.mcu.externaltools.arm-none.win32_1.17.0.201812190825/tools/compiler/bin/../lib/gcc/arm-none-eabi/7.3.1/thumb/v6-m\libgcc.a(muldf3.o)
 .ARM.attributes
                0x0000070e       0x2c c:/ac6/systemworkbench/plugins/fr.ac6.mcu.externaltools.arm-none.win32_1.17.0.201812190825/tools/compiler/bin/../lib/gcc/arm-none-eabi/7.3.1/thumb/v6-m\libgcc.a(extendsfdf2.o)
 .ARM.attributes
                0x0000073a       0x2c c:/ac6/systemworkbench/plugins/fr.ac6.mcu.externaltools.arm-none.win32_1.17.0.201812190825/tools/compiler/bin/../lib/gcc/arm-none-eabi/7.3.1/thumb/v6-m\libgcc.a(truncdfsf2.o)
 .ARM.attributes
                0x00000766       0x1e c:/ac6/systemworkbench/plugins/fr.ac6.mcu.externaltools.arm-none.win32_1.17.0.201812190825/tools/compiler/bin/../lib/gcc/arm-none-eabi/7.3.1/thumb/v6-m\libgcc.a(_clzsi2.o)
 .ARM.attributes
                0x00000784       0x1e c:/ac6/systemworkbench/plugins/fr.ac6.mcu.externaltools.arm-none.win32_1.17.0.201812190825/tools/compiler/bin/../lib/gcc/arm-none-eabi/7.3.1/thumb/v6-m\libgcc.a(_clzdi2.o)
 .ARM.attributes
                0x000007a2       0x2c c:/ac6/systemworkbench/plugins/fr.ac6.mcu.externaltools.arm-none.win32_1.17.0.201812190825/tools/compiler/bin/../lib/gcc/arm-none-eabi/7.3.1/../../../../arm-none-eabi/lib/thumb/v6-m\libc_nano.a(lib_a-errno.o)
 .ARM.attributes
                0x000007ce       0x2c c:/ac6/systemworkbench/plugins/fr.ac6.mcu.externaltools.arm-none.win32_1.17.0.201812190825/tools/compiler/bin/../lib/gcc/arm-none-eabi/7.3.1/../../../../arm-none-eabi/lib/thumb/v6-m\libc_nano.a(lib_a-impure.o)
 .ARM.attributes
                0x000007fa       0x2c c:/ac6/systemworkbench/plugins/fr.ac6.mcu.externaltools.arm-none.win32_1.17.0.201812190825/tools/compiler/bin/../lib/gcc/arm-none-eabi/7.3.1/../../../../arm-none-eabi/lib/thumb/v6-m\libc_nano.a(lib_a-init.o)
 .ARM.attributes
                0x00000826       0x2c c:/ac6/systemworkbench/plugins/fr.ac6.mcu.externaltools.arm-none.win32_1.17.0.201812190825/tools/compiler/bin/../lib/gcc/arm-none-eabi/7.3.1/../../../../arm-none-eabi/lib/thumb/v6-m\libc_nano.a(lib_a-memcpy-stub.o)
 .ARM.attributes
                0x00000852       0x2c c:/ac6/systemworkbench/plugins/fr.ac6.mcu.externaltools.arm-none.win32_1.17.0.201812190825/tools/compiler/bin/../lib/gcc/arm-none-eabi/7.3.1/../../../../arm-none-eabi/lib/thumb/v6-m\libc_nano.a(lib_a-memset.o)
 .ARM.attributes
                0x0000087e       0x2c c:/ac6/systemworkbench/plugins/fr.ac6.mcu.externaltools.arm-none.win32_1.17.0.201812190825/tools/compiler/bin/../lib/gcc/arm-none-eabi/7.3.1/../../../../arm-none-eabi/lib/thumb/v6-m\libc_nano.a(lib_a-nano-vfprintf_float.o)
 .ARM.attributes
                0x000008aa       0x2c c:/ac6/systemworkbench/plugins/fr.ac6.mcu.externaltools.arm-none.win32_1.17.0.201812190825/tools/compiler/bin/../lib/gcc/arm-none-eabi/7.3.1/../../../../arm-none-eabi/lib/thumb/v6-m\libc_nano.a(lib_a-nano-vfprintf_i.o)
 .ARM.attributes
                0x000008d6       0x2c c:/ac6/systemworkbench/plugins/fr.ac6.mcu.externaltools.arm-none.win32_1.17.0.201812190825/tools/compiler/bin/../lib/gcc/arm-none-eabi/7.3.1/../../../../arm-none-eabi/lib/thumb/v6-m\libc_nano.a(lib_a-rand.o)
 .ARM.attributes
                0x00000902       0x1c c:/ac6/systemworkbench/plugins/fr.ac6.mcu.externaltools.arm-none.win32_1.17.0.201812190825/tools/compiler/bin/../lib/gcc/arm-none-eabi/7.3.1/../../../../arm-none-eabi/lib/thumb/v6-m\libc_nano.a(lib_a-strlen.o)
 .ARM.attributes
                0x0000091e       0x2c c:/ac6/systemworkbench/plugins/fr.ac6.mcu.externaltools.arm-none.win32_1.17.0.201812190825/tools/compiler/bin/../lib/gcc/arm-none-eabi/7.3.1/../../../../arm-none-eabi/lib/thumb/v6-m\libc_nano.a(lib_a-dtoa.o)
 .ARM.attributes
                0x0000094a       0x2c c:/ac6/systemworkbench/plugins/fr.ac6.mcu.externaltools.arm-none.win32_1.17.0.201812190825/tools/compiler/bin/../lib/gcc/arm-none-eabi/7.3.1/../../../../arm-none-eabi/lib/thumb/v6-m\libc_nano.a(lib_a-localeconv.o)
 .ARM.attributes
                0x00000976       0x2c c:/ac6/systemworkbench/plugins/fr.ac6.mcu.externaltools.arm-none.win32_1.17.0.201812190825/tools/compiler/bin/../lib/gcc/arm-none-eabi/7.3.1/../../../../arm-none-eabi/lib/thumb/v6-m\libc_nano.a(lib_a-malloc.o)
 .ARM.attributes
                0x000009a2       0x2c c:/ac6/systemworkbench/plugins/fr.ac6.mcu.externaltools.arm-none.win32_1.17.0.201812190825/tools/compiler/bin/../lib/gcc/arm-none-eabi/7.3.1/../../../../arm-none-eabi/lib/thumb/v6-m\libc_nano.a(lib_a-mprec.o)
 .ARM.attributes
                0x000009ce       0x2c c:/ac6/systemworkbench/plugins/fr.ac6.mcu.externaltools.arm-none.win32_1.17.0.201812190825/tools/compiler/bin/../lib/gcc/arm-none-eabi/7.3.1/../../../../arm-none-eabi/lib/thumb/v6-m\libc_nano.a(lib_a-nano-callocr.o)
 .ARM.attributes
                0x000009fa       0x2c c:/ac6/systemworkbench/plugins/fr.ac6.mcu.externaltools.arm-none.win32_1.17.0.201812190825/tools/compiler/bin/../lib/gcc/arm-none-eabi/7.3.1/../../../../arm-none-eabi/lib/thumb/v6-m\libc_nano.a(lib_a-nano-mallocr.o)
 .ARM.attributes
                0x00000a26       0x2c c:/ac6/systemworkbench/plugins/fr.ac6.mcu.externaltools.arm-none.win32_1.17.0.201812190825/tools/compiler/bin/../lib/gcc/arm-none-eabi/7.3.1/../../../../arm-none-eabi/lib/thumb/v6-m\libc_nano.a(lib_a-sbrkr.o)
 .ARM.attributes
                0x00000a52       0x2c c:/ac6/systemworkbench/plugins/fr.ac6.mcu.externaltools.arm-none.win32_1.17.0.201812190825/tools/compiler/bin/../lib/gcc/arm-none-eabi/7.3.1/../../../../arm-none-eabi/lib/thumb/v6-m\libc_nano.a(lib_a-locale.o)
 .ARM.attributes
                0x00000a7e       0x2c c:/ac6/systemworkbench/plugins/fr.ac6.mcu.externaltools.arm-none.win32_1.17.0.201812190825/tools/compiler/bin/../lib/gcc/arm-none-eabi/7.3.1/../../../../arm-none-eabi/lib/thumb/v6-m\libc_nano.a(lib_a-mbtowc_r.o)
 .ARM.attributes
                0x00000aaa       0x2c c:/ac6/systemworkbench/plugins/fr.ac6.mcu.externaltools.arm-none.win32_1.17.0.201812190825/tools/compiler/bin/../lib/gcc/arm-none-eabi/7.3.1/../../../../arm-none-eabi/lib/thumb/v6-m\libc_nano.a(lib_a-mlock.o)
 .ARM.attributes
                0x00000ad6       0x2c c:/ac6/systemworkbench/plugins/fr.ac6.mcu.externaltools.arm-none.win32_1.17.0.201812190825/tools/compiler/bin/../lib/gcc/arm-none-eabi/7.3.1/../../../../arm-none-eabi/lib/thumb/v6-m\libc_nano.a(lib_a-reent.o)
 .ARM.attributes
                0x00000b02       0x2c c:/ac6/systemworkbench/plugins/fr.ac6.mcu.externaltools.arm-none.win32_1.17.0.201812190825/tools/compiler/bin/../lib/gcc/arm-none-eabi/7.3.1/../../../../arm-none-eabi/lib/thumb/v6-m\libc_nano.a(lib_a-wctomb_r.o)
 .ARM.attributes
                0x00000b2e       0x2c c:/ac6/systemworkbench/plugins/fr.ac6.mcu.externaltools.arm-none.win32_1.17.0.201812190825/tools/compiler/bin/../lib/gcc/arm-none-eabi/7.3.1/../../../../arm-none-eabi/lib/thumb/v6-m\libc_nano.a(lib_a-ctype_.o)
 .ARM.attributes
                0x00000b5a       0x1e c:/ac6/systemworkbench/plugins/fr.ac6.mcu.externaltools.arm-none.win32_1.17.0.201812190825/tools/compiler/bin/../lib/gcc/arm-none-eabi/7.3.1/thumb/v6-m\libgcc.a(_thumb1_case_uqi.o)
 .ARM.attributes
                0x00000b78       0x1e c:/ac6/systemworkbench/plugins/fr.ac6.mcu.externaltools.arm-none.win32_1.17.0.201812190825/tools/compiler/bin/../lib/gcc/arm-none-eabi/7.3.1/thumb/v6-m\libgcc.a(_divsi3.o)
 .ARM.attributes
                0x00000b96       0x1e c:/ac6/systemworkbench/plugins/fr.ac6.mcu.externaltools.arm-none.win32_1.17.0.201812190825/tools/compiler/bin/../lib/gcc/arm-none-eabi/7.3.1/thumb/v6-m\libgcc.a(_arm_cmpdf2.o)
 .ARM.attributes
                0x00000bb4       0x2c c:/ac6/systemworkbench/plugins/fr.ac6.mcu.externaltools.arm-none.win32_1.17.0.201812190825/tools/compiler/bin/../lib/gcc/arm-none-eabi/7.3.1/thumb/v6-m\libgcc.a(eqdf2.o)
 .ARM.attributes
                0x00000be0       0x2c c:/ac6/systemworkbench/plugins/fr.ac6.mcu.externaltools.arm-none.win32_1.17.0.201812190825/tools/compiler/bin/../lib/gcc/arm-none-eabi/7.3.1/thumb/v6-m\libgcc.a(gedf2.o)
 .ARM.attributes
                0x00000c0c       0x2c c:/ac6/systemworkbench/plugins/fr.ac6.mcu.externaltools.arm-none.win32_1.17.0.201812190825/tools/compiler/bin/../lib/gcc/arm-none-eabi/7.3.1/thumb/v6-m\libgcc.a(ledf2.o)
 .ARM.attributes
                0x00000c38       0x2c c:/ac6/systemworkbench/plugins/fr.ac6.mcu.externaltools.arm-none.win32_1.17.0.201812190825/tools/compiler/bin/../lib/gcc/arm-none-eabi/7.3.1/thumb/v6-m\libgcc.a(subdf3.o)
 .ARM.attributes
                0x00000c64       0x2c c:/ac6/systemworkbench/plugins/fr.ac6.mcu.externaltools.arm-none.win32_1.17.0.201812190825/tools/compiler/bin/../lib/gcc/arm-none-eabi/7.3.1/thumb/v6-m\libgcc.a(unorddf2.o)
 .ARM.attributes
                0x00000c90       0x2c c:/ac6/systemworkbench/plugins/fr.ac6.mcu.externaltools.arm-none.win32_1.17.0.201812190825/tools/compiler/bin/../lib/gcc/arm-none-eabi/7.3.1/thumb/v6-m\libgcc.a(fixdfsi.o)
 .ARM.attributes
                0x00000cbc       0x2c c:/ac6/systemworkbench/plugins/fr.ac6.mcu.externaltools.arm-none.win32_1.17.0.201812190825/tools/compiler/bin/../lib/gcc/arm-none-eabi/7.3.1/thumb/v6-m\libgcc.a(floatsidf.o)
 .ARM.attributes
                0x00000ce8       0x2c c:/ac6/systemworkbench/plugins/fr.ac6.mcu.externaltools.arm-none.win32_1.17.0.201812190825/tools/compiler/bin/../lib/gcc/arm-none-eabi/7.3.1/thumb/v6-m\libgcc.a(floatunsidf.o)
 .ARM.attributes
                0x00000d14       0x1e c:/ac6/systemworkbench/plugins/fr.ac6.mcu.externaltools.arm-none.win32_1.17.0.201812190825/tools/compiler/bin/../lib/gcc/arm-none-eabi/7.3.1/thumb/v6-m/crtn.o
OUTPUT(SensorDemo.elf elf32-littlearm)

.debug_line     0x00000000    0x11b28
 .debug_line    0x00000000       0xe6 Application/SW4STM32/startup_stm32l053xx.o
 .debug_line    0x000000e6      0x641 Application/SW4STM32/syscalls.o
 .debug_line    0x00000727      0xbaa Application/User/app_x-cube-ble1.o
 .debug_line    0x000012d1      0xab8 Application/User/hci_tl_interface.o
 .debug_line    0x00001d89      0x943 Application/User/lsm6dsl.o
 .debug_line    0x000026cc      0x8bc Application/User/main.o
 .debug_line    0x00002f88      0xc15 Application/User/sensor_service.o
 .debug_line    0x00003b9d      0x7b1 Application/User/stm32l0xx_hal_exti.o
 .debug_line    0x0000434e      0x7fd Application/User/stm32l0xx_hal_msp.o
 .debug_line    0x00004b4b      0x870 Application/User/stm32l0xx_it.o
 .debug_line    0x000053bb      0x9a3 Application/User/stm32l0xx_nucleo.o
 .debug_line    0x00005d5e      0x895 Application/User/stm32l0xx_nucleo_bus.o
 .debug_line    0x000065f3      0x7ab Drivers/CMSIS/system_stm32l0xx.o
 .debug_line    0x00006d9e      0x95b Drivers/STM32L0xx_HAL_Driver/stm32l0xx_hal.o
 .debug_line    0x000076f9      0x920 Drivers/STM32L0xx_HAL_Driver/stm32l0xx_hal_cortex.o
 .debug_line    0x00008019      0x8a2 Drivers/STM32L0xx_HAL_Driver/stm32l0xx_hal_gpio.o
 .debug_line    0x000088bb      0xa59 Drivers/STM32L0xx_HAL_Driver/stm32l0xx_hal_rcc.o
 .debug_line    0x00009314      0xa7f Drivers/STM32L0xx_HAL_Driver/stm32l0xx_hal_rcc_ex.o
 .debug_line    0x00009d93     0x1195 Drivers/STM32L0xx_HAL_Driver/stm32l0xx_hal_spi.o
 .debug_line    0x0000af28     0x12c1 Drivers/STM32L0xx_HAL_Driver/stm32l0xx_hal_uart.o
 .debug_line    0x0000c1e9      0xfa1 Middlewares/BlueNRG-MS/Wireless/Controller/bluenrg_gap_aci.o
 .debug_line    0x0000d18a     0x107b Middlewares/BlueNRG-MS/Wireless/Controller/bluenrg_gatt_aci.o
 .debug_line    0x0000e205      0xb6f Middlewares/BlueNRG-MS/Wireless/Controller/bluenrg_hal_aci.o
 .debug_line    0x0000ed74      0xacc Middlewares/BlueNRG-MS/Wireless/Controller/bluenrg_utils_small.o
 .debug_line    0x0000f840      0xd89 Middlewares/BlueNRG-MS/Wireless/HCI_TL/Basic/hci_le.o
 .debug_line    0x000105c9      0xae1 Middlewares/BlueNRG-MS/Wireless/HCI_TL/Basic/hci_tl.o
 .debug_line    0x000110aa      0xa7e Middlewares/BlueNRG-MS/Wireless/Utils/ble_list.o

.debug_info     0x00000000    0x20ffe
 .debug_info    0x00000000       0x22 Application/SW4STM32/startup_stm32l053xx.o
 .debug_info    0x00000022      0xfd3 Application/SW4STM32/syscalls.o
 .debug_info    0x00000ff5     0x181e Application/User/app_x-cube-ble1.o
 .debug_info    0x00002813     0x1778 Application/User/hci_tl_interface.o
 .debug_info    0x00003f8b     0x18d5 Application/User/lsm6dsl.o
 .debug_info    0x00005860     0x1330 Application/User/main.o
 .debug_info    0x00006b90     0x1ab1 Application/User/sensor_service.o
 .debug_info    0x00008641      0x2d1 Application/User/stm32l0xx_hal_exti.o
 .debug_info    0x00008912      0xa27 Application/User/stm32l0xx_hal_msp.o
 .debug_info    0x00009339      0x9bc Application/User/stm32l0xx_it.o
 .debug_info    0x00009cf5     0x153d Application/User/stm32l0xx_nucleo.o
 .debug_info    0x0000b232      0xc22 Application/User/stm32l0xx_nucleo_bus.o
 .debug_info    0x0000be54      0x395 Drivers/CMSIS/system_stm32l0xx.o
 .debug_info    0x0000c1e9      0x826 Drivers/STM32L0xx_HAL_Driver/stm32l0xx_hal.o
 .debug_info    0x0000ca0f      0x97d Drivers/STM32L0xx_HAL_Driver/stm32l0xx_hal_cortex.o
 .debug_info    0x0000d38c      0x6ce Drivers/STM32L0xx_HAL_Driver/stm32l0xx_hal_gpio.o
 .debug_info    0x0000da5a      0xbeb Drivers/STM32L0xx_HAL_Driver/stm32l0xx_hal_rcc.o
 .debug_info    0x0000e645      0x90b Drivers/STM32L0xx_HAL_Driver/stm32l0xx_hal_rcc_ex.o
 .debug_info    0x0000ef50     0x1ba1 Drivers/STM32L0xx_HAL_Driver/stm32l0xx_hal_spi.o
 .debug_info    0x00010af1     0x1b21 Drivers/STM32L0xx_HAL_Driver/stm32l0xx_hal_uart.o
 .debug_info    0x00012612     0x390b Middlewares/BlueNRG-MS/Wireless/Controller/bluenrg_gap_aci.o
 .debug_info    0x00015f1d     0x3802 Middlewares/BlueNRG-MS/Wireless/Controller/bluenrg_gatt_aci.o
 .debug_info    0x0001971f     0x15b8 Middlewares/BlueNRG-MS/Wireless/Controller/bluenrg_hal_aci.o
 .debug_info    0x0001acd7     0x102a Middlewares/BlueNRG-MS/Wireless/Controller/bluenrg_utils_small.o
 .debug_info    0x0001bd01     0x2a56 Middlewares/BlueNRG-MS/Wireless/HCI_TL/Basic/hci_le.o
 .debug_info    0x0001e757     0x18ec Middlewares/BlueNRG-MS/Wireless/HCI_TL/Basic/hci_tl.o
 .debug_info    0x00020043      0xfbb Middlewares/BlueNRG-MS/Wireless/Utils/ble_list.o

.debug_abbrev   0x00000000     0x3f0e
 .debug_abbrev  0x00000000       0x12 Application/SW4STM32/startup_stm32l053xx.o
 .debug_abbrev  0x00000012      0x2d4 Application/SW4STM32/syscalls.o
 .debug_abbrev  0x000002e6      0x2db Application/User/app_x-cube-ble1.o
 .debug_abbrev  0x000005c1      0x2e3 Application/User/hci_tl_interface.o
 .debug_abbrev  0x000008a4      0x30b Application/User/lsm6dsl.o
 .debug_abbrev  0x00000baf      0x267 Application/User/main.o
 .debug_abbrev  0x00000e16      0x36d Application/User/sensor_service.o
 .debug_abbrev  0x00001183      0x16a Application/User/stm32l0xx_hal_exti.o
 .debug_abbrev  0x000012ed      0x147 Application/User/stm32l0xx_hal_msp.o
 .debug_abbrev  0x00001434      0x18e Application/User/stm32l0xx_it.o
 .debug_abbrev  0x000015c2      0x2e6 Application/User/stm32l0xx_nucleo.o
 .debug_abbrev  0x000018a8      0x22a Application/User/stm32l0xx_nucleo_bus.o
 .debug_abbrev  0x00001ad2      0x111 Drivers/CMSIS/system_stm32l0xx.o
 .debug_abbrev  0x00001be3      0x236 Drivers/STM32L0xx_HAL_Driver/stm32l0xx_hal.o
 .debug_abbrev  0x00001e19      0x24c Drivers/STM32L0xx_HAL_Driver/stm32l0xx_hal_cortex.o
 .debug_abbrev  0x00002065      0x1cf Drivers/STM32L0xx_HAL_Driver/stm32l0xx_hal_gpio.o
 .debug_abbrev  0x00002234      0x27b Drivers/STM32L0xx_HAL_Driver/stm32l0xx_hal_rcc.o
 .debug_abbrev  0x000024af      0x1ff Drivers/STM32L0xx_HAL_Driver/stm32l0xx_hal_rcc_ex.o
 .debug_abbrev  0x000026ae      0x26c Drivers/STM32L0xx_HAL_Driver/stm32l0xx_hal_spi.o
 .debug_abbrev  0x0000291a      0x25c Drivers/STM32L0xx_HAL_Driver/stm32l0xx_hal_uart.o
 .debug_abbrev  0x00002b76      0x2c9 Middlewares/BlueNRG-MS/Wireless/Controller/bluenrg_gap_aci.o
 .debug_abbrev  0x00002e3f      0x2dd Middlewares/BlueNRG-MS/Wireless/Controller/bluenrg_gatt_aci.o
 .debug_abbrev  0x0000311c      0x28b Middlewares/BlueNRG-MS/Wireless/Controller/bluenrg_hal_aci.o
 .debug_abbrev  0x000033a7      0x224 Middlewares/BlueNRG-MS/Wireless/Controller/bluenrg_utils_small.o
 .debug_abbrev  0x000035cb      0x2ba Middlewares/BlueNRG-MS/Wireless/HCI_TL/Basic/hci_le.o
 .debug_abbrev  0x00003885      0x3ce Middlewares/BlueNRG-MS/Wireless/HCI_TL/Basic/hci_tl.o
 .debug_abbrev  0x00003c53      0x2bb Middlewares/BlueNRG-MS/Wireless/Utils/ble_list.o

.debug_aranges  0x00000000     0x1110
 .debug_aranges
                0x00000000       0x28 Application/SW4STM32/startup_stm32l053xx.o
 .debug_aranges
                0x00000028       0xb0 Application/SW4STM32/syscalls.o
 .debug_aranges
                0x000000d8       0x40 Application/User/app_x-cube-ble1.o
 .debug_aranges
                0x00000118       0x58 Application/User/hci_tl_interface.o
 .debug_aranges
                0x00000170       0xe0 Application/User/lsm6dsl.o
 .debug_aranges
                0x00000250       0x40 Application/User/main.o
 .debug_aranges
                0x00000290       0x78 Application/User/sensor_service.o
 .debug_aranges
                0x00000308       0x30 Application/User/stm32l0xx_hal_exti.o
 .debug_aranges
                0x00000338       0x20 Application/User/stm32l0xx_hal_msp.o
 .debug_aranges
                0x00000358       0x50 Application/User/stm32l0xx_it.o
 .debug_aranges
                0x000003a8       0xb8 Application/User/stm32l0xx_nucleo.o
 .debug_aranges
                0x00000460       0x60 Application/User/stm32l0xx_nucleo_bus.o
 .debug_aranges
                0x000004c0       0x28 Drivers/CMSIS/system_stm32l0xx.o
 .debug_aranges
                0x000004e8       0xf8 Drivers/STM32L0xx_HAL_Driver/stm32l0xx_hal.o
 .debug_aranges
                0x000005e0       0x90 Drivers/STM32L0xx_HAL_Driver/stm32l0xx_hal_cortex.o
 .debug_aranges
                0x00000670       0x58 Drivers/STM32L0xx_HAL_Driver/stm32l0xx_hal_gpio.o
 .debug_aranges
                0x000006c8       0x80 Drivers/STM32L0xx_HAL_Driver/stm32l0xx_hal_rcc.o
 .debug_aranges
                0x00000748       0xb0 Drivers/STM32L0xx_HAL_Driver/stm32l0xx_hal_rcc_ex.o
 .debug_aranges
                0x000007f8      0x1d0 Drivers/STM32L0xx_HAL_Driver/stm32l0xx_hal_spi.o
 .debug_aranges
                0x000009c8      0x1f8 Drivers/STM32L0xx_HAL_Driver/stm32l0xx_hal_uart.o
 .debug_aranges
                0x00000bc0      0x168 Middlewares/BlueNRG-MS/Wireless/Controller/bluenrg_gap_aci.o
 .debug_aranges
                0x00000d28      0x178 Middlewares/BlueNRG-MS/Wireless/Controller/bluenrg_gatt_aci.o
 .debug_aranges
                0x00000ea0       0x68 Middlewares/BlueNRG-MS/Wireless/Controller/bluenrg_hal_aci.o
 .debug_aranges
                0x00000f08       0x20 Middlewares/BlueNRG-MS/Wireless/Controller/bluenrg_utils_small.o
 .debug_aranges
                0x00000f28      0x110 Middlewares/BlueNRG-MS/Wireless/HCI_TL/Basic/hci_le.o
 .debug_aranges
                0x00001038       0x60 Middlewares/BlueNRG-MS/Wireless/HCI_TL/Basic/hci_tl.o
 .debug_aranges
                0x00001098       0x78 Middlewares/BlueNRG-MS/Wireless/Utils/ble_list.o

.debug_str      0x00000000    0x841ff
 .debug_str     0x00000000      0x111 Application/SW4STM32/startup_stm32l053xx.o
 .debug_str     0x00000111     0x82e9 Application/SW4STM32/syscalls.o
                               0x85c8 (size before relaxing)
 .debug_str     0x000083fa    0x74fef Application/User/app_x-cube-ble1.o
                              0x7b3a5 (size before relaxing)
 .debug_str     0x0007d3e9      0x544 Application/User/hci_tl_interface.o
                              0x75046 (size before relaxing)
 .debug_str     0x0007d92d      0xe70 Application/User/lsm6dsl.o
                              0x728be (size before relaxing)
 .debug_str     0x0007e79d      0x349 Application/User/main.o
                              0x736a5 (size before relaxing)
 .debug_str     0x0007eae6      0xafa Application/User/sensor_service.o
                              0x7b2c0 (size before relaxing)
 .debug_str     0x0007f5e0       0xfe Application/User/stm32l0xx_hal_exti.o
                              0x715a5 (size before relaxing)
 .debug_str     0x0007f6de       0x89 Application/User/stm32l0xx_hal_msp.o
                              0x724d3 (size before relaxing)
 .debug_str     0x0007f767      0x106 Application/User/stm32l0xx_it.o
                              0x724d8 (size before relaxing)
 .debug_str     0x0007f86d      0x299 Application/User/stm32l0xx_nucleo.o
                              0x72adc (size before relaxing)
 .debug_str     0x0007fb06      0x143 Application/User/stm32l0xx_nucleo_bus.o
                              0x71e3f (size before relaxing)
 .debug_str     0x0007fc49      0x103 Drivers/CMSIS/system_stm32l0xx.o
                              0x7159f (size before relaxing)
 .debug_str     0x0007fd4c      0x3dd Drivers/STM32L0xx_HAL_Driver/stm32l0xx_hal.o
                              0x71b97 (size before relaxing)
 .debug_str     0x00080129      0x290 Drivers/STM32L0xx_HAL_Driver/stm32l0xx_hal_cortex.o
                              0x719b2 (size before relaxing)
 .debug_str     0x000803b9      0x1ff Drivers/STM32L0xx_HAL_Driver/stm32l0xx_hal_gpio.o
                              0x71820 (size before relaxing)
 .debug_str     0x000805b8      0x281 Drivers/STM32L0xx_HAL_Driver/stm32l0xx_hal_rcc.o
                              0x71a1c (size before relaxing)
 .debug_str     0x00080839      0x366 Drivers/STM32L0xx_HAL_Driver/stm32l0xx_hal_rcc_ex.o
                              0x71a47 (size before relaxing)
 .debug_str     0x00080b9f      0x53d Drivers/STM32L0xx_HAL_Driver/stm32l0xx_hal_spi.o
                              0x71e09 (size before relaxing)
 .debug_str     0x000810dc      0x7ed Drivers/STM32L0xx_HAL_Driver/stm32l0xx_hal_uart.o
                              0x721de (size before relaxing)
 .debug_str     0x000818c9      0xdca Middlewares/BlueNRG-MS/Wireless/Controller/bluenrg_gap_aci.o
                              0x79edb (size before relaxing)
 .debug_str     0x00082693      0xc27 Middlewares/BlueNRG-MS/Wireless/Controller/bluenrg_gatt_aci.o
                              0x79f53 (size before relaxing)
 .debug_str     0x000832ba      0x241 Middlewares/BlueNRG-MS/Wireless/Controller/bluenrg_hal_aci.o
                              0x798ff (size before relaxing)
 .debug_str     0x000834fb      0x1b2 Middlewares/BlueNRG-MS/Wireless/Controller/bluenrg_utils_small.o
                              0x79c96 (size before relaxing)
 .debug_str     0x000836ad      0x73b Middlewares/BlueNRG-MS/Wireless/HCI_TL/Basic/hci_le.o
                              0x7769b (size before relaxing)
 .debug_str     0x00083de8      0x2e4 Middlewares/BlueNRG-MS/Wireless/HCI_TL/Basic/hci_tl.o
                              0x767f9 (size before relaxing)
 .debug_str     0x000840cc      0x133 Middlewares/BlueNRG-MS/Wireless/Utils/ble_list.o
                              0x7539b (size before relaxing)

.debug_ranges   0x00000000     0x1018
 .debug_ranges  0x00000000       0x20 Application/SW4STM32/startup_stm32l053xx.o
 .debug_ranges  0x00000020       0xa0 Application/SW4STM32/syscalls.o
 .debug_ranges  0x000000c0       0x30 Application/User/app_x-cube-ble1.o
 .debug_ranges  0x000000f0       0x48 Application/User/hci_tl_interface.o
 .debug_ranges  0x00000138       0xd0 Application/User/lsm6dsl.o
 .debug_ranges  0x00000208       0x30 Application/User/main.o
 .debug_ranges  0x00000238       0x68 Application/User/sensor_service.o
 .debug_ranges  0x000002a0       0x20 Application/User/stm32l0xx_hal_exti.o
 .debug_ranges  0x000002c0       0x10 Application/User/stm32l0xx_hal_msp.o
 .debug_ranges  0x000002d0       0x40 Application/User/stm32l0xx_it.o
 .debug_ranges  0x00000310       0xa8 Application/User/stm32l0xx_nucleo.o
 .debug_ranges  0x000003b8       0x50 Application/User/stm32l0xx_nucleo_bus.o
 .debug_ranges  0x00000408       0x18 Drivers/CMSIS/system_stm32l0xx.o
 .debug_ranges  0x00000420       0xe8 Drivers/STM32L0xx_HAL_Driver/stm32l0xx_hal.o
 .debug_ranges  0x00000508       0xc8 Drivers/STM32L0xx_HAL_Driver/stm32l0xx_hal_cortex.o
 .debug_ranges  0x000005d0       0x48 Drivers/STM32L0xx_HAL_Driver/stm32l0xx_hal_gpio.o
 .debug_ranges  0x00000618       0xa0 Drivers/STM32L0xx_HAL_Driver/stm32l0xx_hal_rcc.o
 .debug_ranges  0x000006b8       0xb8 Drivers/STM32L0xx_HAL_Driver/stm32l0xx_hal_rcc_ex.o
 .debug_ranges  0x00000770      0x1c0 Drivers/STM32L0xx_HAL_Driver/stm32l0xx_hal_spi.o
 .debug_ranges  0x00000930      0x1e8 Drivers/STM32L0xx_HAL_Driver/stm32l0xx_hal_uart.o
 .debug_ranges  0x00000b18      0x158 Middlewares/BlueNRG-MS/Wireless/Controller/bluenrg_gap_aci.o
 .debug_ranges  0x00000c70      0x168 Middlewares/BlueNRG-MS/Wireless/Controller/bluenrg_gatt_aci.o
 .debug_ranges  0x00000dd8       0x58 Middlewares/BlueNRG-MS/Wireless/Controller/bluenrg_hal_aci.o
 .debug_ranges  0x00000e30       0x10 Middlewares/BlueNRG-MS/Wireless/Controller/bluenrg_utils_small.o
 .debug_ranges  0x00000e40      0x100 Middlewares/BlueNRG-MS/Wireless/HCI_TL/Basic/hci_le.o
 .debug_ranges  0x00000f40       0x70 Middlewares/BlueNRG-MS/Wireless/HCI_TL/Basic/hci_tl.o
 .debug_ranges  0x00000fb0       0x68 Middlewares/BlueNRG-MS/Wireless/Utils/ble_list.o

.debug_loc      0x00000000     0xcbd9
 .debug_loc     0x00000000      0x3c5 Application/SW4STM32/syscalls.o
 .debug_loc     0x000003c5       0xd9 Application/User/app_x-cube-ble1.o
 .debug_loc     0x0000049e      0x190 Application/User/hci_tl_interface.o
 .debug_loc     0x0000062e      0x1d9 Application/User/lsm6dsl.o
 .debug_loc     0x00000807       0x75 Application/User/main.o
 .debug_loc     0x0000087c      0x516 Application/User/sensor_service.o
 .debug_loc     0x00000d92      0x102 Application/User/stm32l0xx_hal_exti.o
 .debug_loc     0x00000e94      0x34d Application/User/stm32l0xx_nucleo.o
 .debug_loc     0x000011e1      0x26b Application/User/stm32l0xx_nucleo_bus.o
 .debug_loc     0x0000144c      0x1a2 Drivers/CMSIS/system_stm32l0xx.o
 .debug_loc     0x000015ee      0x12c Drivers/STM32L0xx_HAL_Driver/stm32l0xx_hal.o
 .debug_loc     0x0000171a      0x3b4 Drivers/STM32L0xx_HAL_Driver/stm32l0xx_hal_cortex.o
 .debug_loc     0x00001ace      0x2d1 Drivers/STM32L0xx_HAL_Driver/stm32l0xx_hal_gpio.o
 .debug_loc     0x00001d9f      0x5a4 Drivers/STM32L0xx_HAL_Driver/stm32l0xx_hal_rcc.o
 .debug_loc     0x00002343      0x9cb Drivers/STM32L0xx_HAL_Driver/stm32l0xx_hal_rcc_ex.o
 .debug_loc     0x00002d0e     0x1c96 Drivers/STM32L0xx_HAL_Driver/stm32l0xx_hal_spi.o
 .debug_loc     0x000049a4     0x1b0f Drivers/STM32L0xx_HAL_Driver/stm32l0xx_hal_uart.o
 .debug_loc     0x000064b3     0x26ba Middlewares/BlueNRG-MS/Wireless/Controller/bluenrg_gap_aci.o
 .debug_loc     0x00008b6d     0x28d5 Middlewares/BlueNRG-MS/Wireless/Controller/bluenrg_gatt_aci.o
 .debug_loc     0x0000b442      0x3d0 Middlewares/BlueNRG-MS/Wireless/Controller/bluenrg_hal_aci.o
 .debug_loc     0x0000b812       0x58 Middlewares/BlueNRG-MS/Wireless/Controller/bluenrg_utils_small.o
 .debug_loc     0x0000b86a      0xd1d Middlewares/BlueNRG-MS/Wireless/HCI_TL/Basic/hci_le.o
 .debug_loc     0x0000c587      0x505 Middlewares/BlueNRG-MS/Wireless/HCI_TL/Basic/hci_tl.o
 .debug_loc     0x0000ca8c      0x14d Middlewares/BlueNRG-MS/Wireless/Utils/ble_list.o

.debug_macro    0x00000000    0x1882b
 .debug_macro   0x00000000      0x243 Application/SW4STM32/syscalls.o
 .debug_macro   0x00000243      0xa4e Application/SW4STM32/syscalls.o
 .debug_macro   0x00000c91       0x22 Application/SW4STM32/syscalls.o